07-14 13:33:23.582  2534  2534 I bootstat: Logging histogram: time_since_last_boot 46575
07-14 13:33:23.582  2534  2534 I bootstat: Logging histogram: boot_complete_no_encryption 29
07-14 13:33:23.582  2534  2534 I bootstat: Logging histogram: boot_complete 29
07-14 13:33:23.582  2534  2534 I bootstat: Logging histogram: factory_reset_record_value 1713167560
07-14 13:33:23.582  2534  2534 I bootstat: Logging histogram: time_since_factory_reset 7785643
07-14 13:33:23.590  1882  1882 W cutils  : Expected path /data/data/zahleb.me with mode 700 but found 711
07-14 13:33:23.611  2179  2200 V PackageManager: reconcileAppsData finished 70 packages
07-14 13:33:23.612  2179  2192 D BluetoothManagerService: User 0 unlocked
07-14 13:33:23.612  2179  2192 D MountService: onUnlockUser 0
07-14 13:33:23.612  2179  2192 D VoldConnector: SND -> {6 volume user_started 0}
07-14 13:33:23.612  2179  2199 D BluetoothManagerService: MESSAGE_USER_UNLOCKED
07-14 13:33:23.612  2179  2232 D ConnectivityService: Got NetworkFactory Messenger for WIFI
07-14 13:33:23.612  2179  2232 D ConnectivityService: Got NetworkFactory Messenger for WIFI_UT
07-14 13:33:23.612  1743  1785 D vold    : Linking /storage/emulated/0 to /mnt/user/0/primary
07-14 13:33:23.612  2179  2220 D VoldConnector: RCV <- {200 6 Command succeeded}
07-14 13:33:23.613  2179  2219 D MountService: Volume emulated broadcasting mounted to UserHandle{0}
07-14 13:33:23.614  2179  2192 W TextServicesManagerService: no available spell checker services found
07-14 13:33:23.630  2179  2192 V BackupManagerService: No ancestral data
07-14 13:33:23.634  1880  2504 V EmulatedCamera_Factory: getCameraInfo: id = 0
07-14 13:33:23.634  1880  2504 D EmulatedCamera_Camera: getCameraInfo , camera orientation: front(90) , back(0)
07-14 13:33:23.634  1880  2177 V EmulatedCamera_Factory: getCameraInfo: id = 0
07-14 13:33:23.634  1880  2177 D EmulatedCamera_Camera: getCameraInfo , camera orientation: front(90) , back(0)
07-14 13:33:23.635  1880  2504 V EmulatedCamera_Factory: getCameraInfo: id = 1
07-14 13:33:23.635  1880  2504 D EmulatedCamera_Camera: getCameraInfo , camera orientation: front(90) , back(0)
07-14 13:33:23.636  1880  2177 V EmulatedCamera_Factory: getCameraInfo: id = 1
07-14 13:33:23.636  1880  2177 D EmulatedCamera_Camera: getCameraInfo , camera orientation: front(90) , back(0)
07-14 13:33:23.727  2179  2192 V BackupManagerService: Starting with transport android/com.android.internal.backup.LocalTransport
07-14 13:33:23.727  2179  2192 V BackupManagerService: Found transports: 2
07-14 13:33:23.736  2543  2543 I chatty  : uid=10011(com.google.android.gms) expire 10 lines
07-14 13:33:23.739  2179  2192 I ActivityManager: Start proc 2543:com.google.android.gms.persistent/u0a11 for service com.google.android.gms/.backup.BackupTransportService
07-14 13:33:23.763  2179  2192 I BackupManagerService: Backup enabled => false
07-14 13:33:23.772  2179  2193 W WindowManager: Keyguard drawn timeout. Setting mKeyguardDrawComplete
07-14 13:33:23.800  1880  1908 D EmulatedCamera_Factory: We have host camera, restart camera server
07-14 13:33:23.808  2179  2539 V KeyValueBackupJob: Scheduling k/v pass in 249 minutes
07-14 13:33:23.812  2179  2539 V KeyValueBackupJob: Scheduling k/v pass in 244 minutes
07-14 13:33:23.819  1874  1874 I ServiceManager: service 'media.camera' died
07-14 13:33:23.833  2509  2509 I art     : Starting a blocking GC AddRemoveAppImageSpace
07-14 13:33:23.833  2509  2509 W System  : ClassLoader referenced unknown path: /system/priv-app/ExtServices/lib/x86
07-14 13:33:23.858  2557  2557 W art     : Unexpected CPU variant for X86 using defaults: x86
07-14 13:33:23.858  2179  2190 I ActivityManager: Start proc 2557:android.process.acore/u0a1 for content provider com.android.providers.contacts/.ContactsProvider2
07-14 13:33:23.859  2179  2179 V BackupManagerService: Connected to transport ComponentInfo{android/com.android.internal.backup.LocalTransportService}
07-14 13:33:23.859  2179  2179 V BackupManagerService: Registering transport android/com.android.internal.backup.LocalTransportService::android/com.android.internal.backup.LocalTransport = android.app.backup.BackupTransport$TransportImpl@9e9a3d1
07-14 13:33:23.860  2251  2251 I StatusBar: isKeyguardShowing() called before startKeyguard(), returning true
07-14 13:33:23.860  2251  2251 W StatusBar: isKeyguardSecure() called before startKeyguard(), returning false
07-14 13:33:23.860  2251  2251 W StatusBar: java.lang.Throwable
07-14 13:33:23.860  2251  2251 W StatusBar: 	at com.android.systemui.statusbar.BaseStatusBar.isKeyguardSecure(BaseStatusBar.java:2663)
07-14 13:33:23.860  2251  2251 W StatusBar: 	at com.android.systemui.statusbar.BaseStatusBar.isCameraAllowedByAdmin(BaseStatusBar.java:2686)
07-14 13:33:23.860  2251  2251 W StatusBar: 	at com.android.systemui.statusbar.phone.KeyguardBottomAreaView.updateCameraVisibility(KeyguardBottomAreaView.java:309)
07-14 13:33:23.860  2251  2251 W StatusBar: 	at com.android.systemui.statusbar.phone.KeyguardBottomAreaView.setUserSetupComplete(KeyguardBottomAreaView.java:281)
07-14 13:33:23.860  2251  2251 W StatusBar: 	at com.android.systemui.statusbar.phone.PhoneStatusBar$1.onChange(PhoneStatusBar.java:445)
07-14 13:33:23.860  2251  2251 W StatusBar: 	at com.android.systemui.statusbar.phone.PhoneStatusBar.resetUserSetupObserver(PhoneStatusBar.java:3714)
07-14 13:33:23.860  2251  2251 W StatusBar: 	at com.android.systemui.statusbar.phone.PhoneStatusBar.makeStatusBarView(PhoneStatusBar.java:1014)
07-14 13:33:23.860  2251  2251 W StatusBar: 	at com.android.systemui.statusbar.phone.PhoneStatusBar.addStatusBarWindow(PhoneStatusBar.java:3467)
07-14 13:33:23.860  2251  2251 W StatusBar: 	at com.android.systemui.statusbar.phone.PhoneStatusBar.createAndAddWindows(PhoneStatusBar.java:3463)
07-14 13:33:23.860  2251  2251 W StatusBar: 	at com.android.systemui.statusbar.BaseStatusBar.start(BaseStatusBar.java:770)
07-14 13:33:23.860  2251  2251 W StatusBar: 	at com.android.systemui.statusbar.phone.PhoneStatusBar.start(PhoneStatusBar.java:687)
07-14 13:33:23.860  2251  2251 W StatusBar: 	at com.android.systemui.statusbar.SystemBars.createStatusBarFromConfig(SystemBars.java:106)
07-14 13:33:23.860  2251  2251 W StatusBar: 	at com.android.systemui.statusbar.SystemBars.onNoService(SystemBars.java:58)
07-14 13:33:23.860  2251  2251 W StatusBar: 	at com.android.systemui.statusbar.ServiceMonitor.startService(ServiceMonitor.java:230)
07-14 13:33:23.860  2251  2251 W StatusBar: 	at com.android.systemui.statusbar.ServiceMonitor.-wrap5(ServiceMonitor.java)
07-14 13:33:23.860  2251  2251 W StatusBar: 	at com.android.systemui.statusbar.ServiceMonitor$1.handleMessage(ServiceMonitor.java:73)
07-14 13:33:23.860  2251  2251 W StatusBar: 	at android.os.Handler.dispatchMessage(Handler.java:102)
07-14 13:33:23.860  2251  2251 W StatusBar: 	at android.os.Looper.loop(Looper.java:154)
07-14 13:33:23.860  2251  2251 W StatusBar: 	at android.app.ActivityThread.main(ActivityThread.java:6176)
07-14 13:33:23.860  2251  2251 W StatusBar: 	at java.lang.reflect.Method.invoke(Native Method)
07-14 13:33:23.860  2251  2251 W StatusBar: 	at com.android.internal.os.ZygoteInit$MethodAndArgsCaller.run(ZygoteInit.java:893)
07-14 13:33:23.860  2251  2251 W StatusBar: 	at com.android.internal.os.ZygoteInit.main(ZygoteInit.java:783)
07-14 13:33:23.862  2251  2493 D OpenGLRenderer: profile bars disabled
07-14 13:33:23.862  2251  2493 D OpenGLRenderer: ambientRatio = 1.50
07-14 13:33:23.866  2251  2251 D PhoneStatusBar: disable: < EXPAND* icons alerts system_info BACK* HOME* RECENT* clock SEARCH* quick_settings >
07-14 13:33:23.884  2179  2539 I BackupManagerService: Found stale backup journal, scheduling
07-14 13:33:23.912  2251  2251 D PhoneStatusBar: heads up is enabled
07-14 13:33:23.918  2179  2189 I ActivityManager: Setting hasTopUi=true for pid=2251
07-14 13:33:23.944  2251  2251 D PhoneStatusBar: disable: < EXPAND ICONS* alerts SYSTEM_INFO* BACK HOME RECENT clock SEARCH quick_settings >
07-14 13:33:23.951  2251  2251 D PhoneStatusBar: disable: < EXPAND ICONS alerts SYSTEM_INFO BACK HOME RECENT clock SEARCH quick_settings >
07-14 13:33:23.955  2179  2189 W ProcessCpuTracker: Skipping unknown process pid 2573
07-14 13:33:23.957  2251  2251 W KeyguardUpdateMonitor: invalid subId in handleSimStateChange()
07-14 13:33:23.960  2179  2461 I chatty  : uid=1000(system) Binder:2179_5 expire 2 lines
07-14 13:33:23.961  1875  1904 D gralloc_nox: gralloc_alloc: Creating ashmem region of size 8298496
07-14 13:33:23.974  2179  2192 W VoiceInteractionManagerService: no available voice interaction services found for user 0
07-14 13:33:23.974  2179  2192 W VoiceInteractionManagerService: no available voice recognition services found for user 0
07-14 13:33:23.975  2179  2192 I ActivityManager: Loading recents for user 0 into memory.
07-14 13:33:23.978  2556  2556 I cameraserver: ServiceManager: 0xd673c000
07-14 13:33:23.978  2556  2556 I CameraService: CameraService started (pid=2556)
07-14 13:33:23.978  2556  2556 I CameraService: CameraService process starting
07-14 13:33:23.980  2556  2556 V EmulatedCamera_Factory: EmulatedCameraFactory
07-14 13:33:23.980  2556  2556 W EmulatedCamera_Factory: Have no camera support for old version
07-14 13:33:23.980  2556  2556 V EmulatedCamera_Factory: startCameraSocketThread
07-14 13:33:23.980  2556  2556 W EmulatedCamera_Factory:  camera socket connect is not connected, wait(1)...
07-14 13:33:23.980  2556  2576 V EmulatedCamera_Factory: readyToRun
07-14 13:33:23.980  2556  2576 D EmulatedCamera_Factory: threadLoop()...
07-14 13:33:23.980  2556  2576 D EmulatedCamera_Factory: Waiting for player
07-14 13:33:24.085  2557  2557 I art     : Starting a blocking GC AddRemoveAppImageSpace
07-14 13:33:24.085  2557  2557 W System  : ClassLoader referenced unknown path: /system/priv-app/ContactsProvider/lib/x86
07-14 13:33:24.113  2179  2192 D ActivityManager: Sending BOOT_COMPLETE user #0
07-14 13:33:24.128  2179  2192 I ActivityManager: Start proc 2579:android.process.media/u0a8 for broadcast com.android.providers.downloads/.DownloadReceiver
07-14 13:33:24.129  2179  2192 I VrManagerService: VR mode is disallowed
07-14 13:33:24.130  2579  2579 W art     : Unexpected CPU variant for X86 using defaults: x86
07-14 13:33:24.131  2360  2360 D FallbackHome: User unlocked and real home found; let's go!
07-14 13:33:24.156  2179  2240 I ActivityManager: Start proc 2597:com.android.keychain/1000 for service com.android.keychain/.KeyChainService
07-14 13:33:24.157  2597  2597 W art     : Unexpected CPU variant for X86 using defaults: x86
07-14 13:33:24.184  2179  2189 I ActivityManager: START u0 {act=android.intent.action.MAIN cat=[android.intent.category.HOME] flg=0x10000100 cmp=com.android.launcher3/.launcher3.Launcher} from uid 0 on display 0
07-14 13:33:24.192  2299  2299 D CarrierSvcBindHelper: Received android.intent.action.USER_UNLOCKED
07-14 13:33:24.192  2299  2299 E PhoneInterfaceManager: [PhoneIntfMgr] getCarrierPackageNamesForIntent: No UICC
07-14 13:33:24.192  2299  2299 D CarrierSvcBindHelper: No carrier app for: 0
07-14 13:33:24.193  2251  2251 I Choreographer: Skipped 48 frames!  The application may be doing too much work on its main thread.
07-14 13:33:24.195  2251  2251 D ViewRootImpl[StatusBar]: changeCanvasOpacity: opaque=true
07-14 13:33:24.199  2179  2179 I chatty  : uid=1000 system_server expire 1 line
07-14 13:33:24.208  2612  2612 I chatty  : uid=1000(system) com.android.launcher3 expire 20 lines
07-14 13:33:24.209  2179  2316 I ActivityManager: Start proc 2612:com.android.launcher3/1000 for activity com.android.launcher3/.launcher3.Launcher
07-14 13:33:24.210  2179  2192 I VrManagerService: VR mode is allowed
07-14 13:33:24.222  1875  1902 D gralloc_nox: gralloc_alloc: Creating ashmem region of size 8298496
07-14 13:33:24.223  2179  2596 I ActivityManager: Activity reported stop, but no longer stopping: ActivityRecord{c8757cf u0 com.android.settings/.FallbackHome t1 f}
07-14 13:33:24.307  2179  2596 I chatty  : uid=1000(system) Binder:2179_7 expire 1 line
07-14 13:33:24.318  1875  1902 D gralloc_nox: gralloc_alloc: Creating ashmem region of size 4096
07-14 13:33:24.318  2251  2493 D         : static std::unique_ptr<HostConnection> HostConnection::createUnique(uint32_t): call
07-14 13:33:24.322  2556  2576 D EmulatedCamera_Factory: Player connected fd:6
07-14 13:33:24.322  2556  2576 D EmulatedCamera_Factory: camera server second start
07-14 13:33:24.332  1875  1902 D gralloc_nox: gralloc_alloc: Creating ashmem region of size 4096
07-14 13:33:24.334  1875  1904 D gralloc_nox: gralloc_alloc: Creating ashmem region of size 8298496
07-14 13:33:24.342  1875  1902 D gralloc_nox: gralloc_alloc: Creating ashmem region of size 4096
07-14 13:33:24.342  2251  2493 D         : HostComposition ext GL_OES_EGL_image GL_OES_EGL_image_external GL_OES_depth24 GL_OES_depth32 GL_OES_element_index_uint GL_OES_texture_float GL_OES_texture_float_linear GL_OES_compressed_paletted_texture GL_OES_compressed_ETC1_RGB8_texture GL_OES_depth_texture GL_EXT_texture_format_BGRA8888 GL_APPLE_texture_format_BGRA8888 GL_OES_texture_half_float GL_EXT_robustness GL_OES_texture_half_float_linear GL_OES_packed_depth_stencil GL_OES_vertex_half_float GL_OES_texture_npot GL_OES_rgb8_rgba8 GL_EXT_color_buffer_float GL_EXT_texture_sRGB_decode ANDROID_gles_max_version_3_1 GL_OES_vertex_array_object GL_EXT_texture_buffer GL_EXT_copy_image GL_KHR_texture_compression_astc_ldr GL_KHR_texture_compression_astc_hdr GL_OES_texture_compression_astc GL_OES_EGL_image_external
07-14 13:33:24.354  2179  2227 D WifiService: New client listening to asynchronous messages
07-14 13:33:24.361  2251  2493 I OpenGLRenderer: Initialized EGL, version 1.4
07-14 13:33:24.361  2251  2493 D OpenGLRenderer: Swap behavior 1
07-14 13:33:24.361  2251  2493 D EGL_emulation: rcCreateContext wated version 2.0  rc:4
07-14 13:33:24.415  2251  2493 D EGL_emulation: eglMakeCurrent: 0xd2e22c70: ver 3 2 (tinfo 0xb1e25a80) (first time)
07-14 13:33:24.420  1875  1904 D gralloc_nox: gralloc_alloc: Creating ashmem region of size 4096
07-14 13:33:24.435  2251  2251 D PhoneStatusBar: disable: < expand* ICONS alerts SYSTEM_INFO back* HOME RECENT clock SEARCH quick_settings >
07-14 13:33:24.475  2179  2191 I ActivityManager: Start proc 2630:com.android.printspooler/u0a40 for service com.android.printspooler/.model.PrintSpoolerService
07-14 13:33:24.534  2251  2251 W KeyguardUpdateMonitor: invalid subId in handleServiceStateChange()
07-14 13:33:24.534  2630  2630 W art     : Unexpected CPU variant for X86 using defaults: x86
07-14 13:33:24.592  1875  1904 D gralloc_nox: gralloc_alloc: Creating ashmem region of size 4096
07-14 13:33:24.614  1875  2247 D gralloc_nox: gralloc_alloc: Creating ashmem region of size 9547776
07-14 13:33:24.620  2579  2579 I art     : Starting a blocking GC AddRemoveAppImageSpace
07-14 13:33:24.620  2579  2579 W System  : ClassLoader referenced unknown path: /system/priv-app/DownloadProvider/lib/x86
07-14 13:33:24.650  2597  2597 I art     : Starting a blocking GC AddRemoveAppImageSpace
07-14 13:33:24.651  2597  2597 W System  : ClassLoader referenced unknown path: /system/app/KeyChain/lib/x86
07-14 13:33:24.724  2179  2192 W ActivityManager: Activity pause timeout for ActivityRecord{cdc34ed u0 com.android.launcher3/.launcher3.Launcher t2}
07-14 13:33:24.730  1875  2196 D gralloc_nox: gralloc_alloc: Creating ashmem region of size 4096
07-14 13:33:24.738  2251  2251 W KeyguardUpdateMonitor: invalid subId in handleSimStateChange()
07-14 13:33:24.743  2630  2630 I art     : Starting a blocking GC AddRemoveAppImageSpace
07-14 13:33:24.797  2179  2653 I chatty  : uid=1000 system_server expire 2 lines
07-14 13:33:24.803  2297  2297 I wpa_supplicant: wlan0: Trying to associate with SSID 'WiredSSID'
07-14 13:33:24.804  2297  2297 I wpa_supplicant: wlan0: Associated with 01:80:c2:00:00:03
07-14 13:33:24.804  2297  2297 I wpa_supplicant: wlan0: CTRL-EVENT-CONNECTED - Connection to 01:80:c2:00:00:03 completed [id=0 id_str=%7B%22creatorUid%22%3A%22-1%22%2C%22configKey%22%3A%22%5C%22WiredSSID%5C%22NONE%22%7D]
07-14 13:33:24.808  2179  2659 I chatty  : uid=1000 system_server expire 2 lines
07-14 13:33:24.809  2179  2228 D ConnectivityService: registerNetworkAgent NetworkAgentInfo{ ni{[type: WIFI[], state: CONNECTING/CONNECTING, reason: (unspecified), extra: "WiredSSID", failover: false, available: true, roaming: false, metered: false]}  network{100}  nethandle{429513165534}  lp{{LinkAddresses: []  Routes: [] DnsAddresses: [] Domains: null MTU: 0}}  nc{[ Transports: WIFI Capabilities: NOT_METERED&INTERNET&NOT_RESTRICTED&TRUSTED&NOT_VPN LinkUpBandwidth>=1048576Kbps LinkDnBandwidth>=1048576Kbps]}  Score{20}  everValidated{false}  lastValidated{false}  created{false} lingering{false} explicitlySelected{false} acceptUnvalidated{false} everCaptivePortalDetected{false} lastCaptivePortalDetected{false} }
07-14 13:33:24.809  2179  2232 D ConnectivityService: NetworkAgentInfo [WIFI () - 100] EVENT_NETWORK_INFO_CHANGED, going from null to CONNECTING
07-14 13:33:24.814  2557  2557 I ContactsPerf: VoicemailContentProvider.onCreate start
07-14 13:33:24.843  2557  2557 I ContactsPerf: VoicemailContentProvider.onCreate finish
07-14 13:33:24.872  2579  2579 W System  : ClassLoader referenced unknown path: /system/priv-app/MediaProvider/lib/x86
07-14 13:33:24.873  2579  2579 D ApplicationLoaders: ignored Vulkan layer search path /system/priv-app/MediaProvider/lib/x86:/system/priv-app/MediaProvider/MediaProvider.apk!/lib/x86:/system/lib:/vendor/lib for namespace 0xd74c9090
07-14 13:33:24.959  2179  2669 I chatty  : uid=1000(system) Thread-10 expire 3 lines
07-14 13:33:24.961  2179  2666 I chatty  : uid=1000(system) DhcpClient expire 7 lines
07-14 13:33:24.966  1888  2172 D CommandListener: Setting iface cfg
07-14 13:33:24.969  2179  2232 D ConnectivityService: NetworkAgentInfo [WIFI () - 100] EVENT_NETWORK_INFO_CHANGED, going from CONNECTING to CONNECTED
07-14 13:33:24.970  2179  2232 D ConnectivityService: Adding iface wlan0 to network 100
07-14 13:33:24.980  2556  2556 D EmulatedCamera_Factory:  camera socket connect is connected:6
07-14 13:33:24.980  2556  2556 V EmulatedCamera_HostClient: HostClient
07-14 13:33:24.980  2556  2556 V EmulatedCamera_HostClient: getHostCameraDevInfo
07-14 13:33:24.999  2556  2556 V EmulatedCamera_HostClient: getHostCameraDevInfo, read from player, host camera number:1
07-14 13:33:24.999  2556  2556 D EmulatedCamera_Factory: createHostCameras
07-14 13:33:24.999  2556  2556 V EmulatedCamera_HostClient: HostClient
07-14 13:33:24.999  2556  2556 V EmulatedCamera_HostClient: connectClient: camera socket 24801
07-14 13:33:24.999  2556  2556 D EmulatedCamera_HostClient:  camera socket connect is already connected:6
07-14 13:33:24.999  2556  2556 D EmulatedCamera_Camera: Initialize
07-14 13:33:24.999  2556  2556 V EmulatedCamera_HostClient: HostClient
07-14 13:33:24.999  2556  2556 V EmulatedCamera_HostClient: connectClient: camera socket 24811
07-14 13:33:24.999  2556  2556 D EmulatedCamera_HostClient:  camera socket connect is already connected:6
07-14 13:33:24.999  2556  2556 D EmulatedCamera_Camera: Initialize
07-14 13:33:24.999  2556  2556 V EmulatedCamera_Factory: 2 cameras are being emulated. 0 of them are fake cameras.
07-14 13:33:25.097  2557  2557 W System  : ClassLoader referenced unknown path: /system/priv-app/BlockedNumberProvider/lib/x86
07-14 13:33:25.119  2556  2556 E EmulatedCamera_HotplugThread: createFileIfNotExists: Could not create file '/data/misc/media/emulator.camera.hotplug.0', error: 'Permission denied' (13)
07-14 13:33:25.120  2556  2556 E EmulatedCamera_HotplugThread: createFileIfNotExists: Could not create file '/data/misc/media/emulator.camera.hotplug.1', error: 'Permission denied' (13)
07-14 13:33:25.123  2556  2556 I CameraService: Loaded "Emulated Camera Module" camera module
07-14 13:33:25.123  2556  2556 I CameraFlashlight: Opening camera 0
07-14 13:33:25.123  2556  2556 V EmulatedCamera_Factory: getCameraInfo: id = 0
07-14 13:33:25.123  2556  2556 D EmulatedCamera_Camera: getCameraInfo , camera orientation: front(90) , back(0)
07-14 13:33:25.123  2556  2556 V EmulatedCamera_Factory: cameraDeviceOpen: id = 0
07-14 13:33:25.123  2556  2556 V EmulatedCamera_HostClient: queryConnect
07-14 13:33:25.123  2556  2556 V EmulatedCamera_HostClient: queryConnect, set host camera orientation:0
07-14 13:33:25.123  2556  2556 D EmulatedCamera_HostClient: queryConnect cmd:1, datasize:0.
07-14 13:33:25.124  2556  2556 V EmulatedCamera_HostClient: queryDisconnect
07-14 13:33:25.124  2556  2556 D EmulatedCamera_HostClient: queryDisconnect cmd:5, datasize:0.
07-14 13:33:25.124  2557  2557 D ApplicationLoaders: ignored Vulkan layer search path /system/priv-app/BlockedNumberProvider/lib/x86:/system/lib:/vendor/lib for namespace 0xd74c9090
07-14 13:33:25.124  2556  2556 I CameraFlashlight: Destroying camera 0
07-14 13:33:25.124  2556  2556 I CameraFlashlight: Opening camera 1
07-14 13:33:25.124  2556  2556 V EmulatedCamera_Factory: getCameraInfo: id = 1
07-14 13:33:25.124  2556  2556 D EmulatedCamera_Camera: getCameraInfo , camera orientation: front(90) , back(0)
07-14 13:33:25.124  2556  2556 V EmulatedCamera_Factory: cameraDeviceOpen: id = 1
07-14 13:33:25.124  2556  2556 V EmulatedCamera_HostClient: queryConnect
07-14 13:33:25.124  2556  2556 V EmulatedCamera_HostClient: queryConnect, set host camera orientation:0
07-14 13:33:25.124  2556  2556 D EmulatedCamera_HostClient: queryConnect cmd:1, datasize:0.
07-14 13:33:25.125  2556  2556 V EmulatedCamera_HostClient: queryDisconnect
07-14 13:33:25.125  2556  2556 D EmulatedCamera_HostClient: queryDisconnect cmd:5, datasize:0.
07-14 13:33:25.125  2179  2232 D ConnectivityService: Setting DNS servers for network 100 to [/192.168.1.1, /114.114.114.114, /8.8.8.8]
07-14 13:33:25.125  2556  2556 I CameraFlashlight: Destroying camera 1
07-14 13:33:25.125  2556  2556 V EmulatedCamera_Factory: getCameraInfo: id = 0
07-14 13:33:25.125  2556  2556 D EmulatedCamera_Camera: getCameraInfo , camera orientation: front(90) , back(0)
07-14 13:33:25.125  2556  2556 V EmulatedCamera_Factory: getCameraInfo: id = 1
07-14 13:33:25.125  2556  2556 D EmulatedCamera_Camera: getCameraInfo , camera orientation: front(90) , back(0)
07-14 13:33:25.126  2179  2596 W CameraService_proxy: Could not notify mediaserver, camera service not available.
07-14 13:33:25.126  2179  2596 I CameraService_proxy: Could not notify camera service of user switch, retrying...
07-14 13:33:25.417  2179  2228 I chatty  : uid=1000(system) WifiStateMachin expire 1 line
07-14 13:33:25.417  2179  2232 D ConnectivityService: Switching to new default network: NetworkAgentInfo{ ni{[type: WIFI[], state: CONNECTED/CONNECTED, reason: (unspecified), extra: "WiredSSID", failover: false, available: true, roaming: false, metered: false]}  network{100}  nethandle{429513165534}  lp{{InterfaceName: wlan0 LinkAddresses: [fe80::a00:27ff:fea4:24bd/64,172.16.45.15/24,]  Routes: [fe80::/64 -> :: wlan0,172.16.45.0/24 -> 0.0.0.0 wlan0,0.0.0.0/0 -> 172.16.45.2 wlan0,] DnsAddresses: [192.168.1.1,114.114.114.114,8.8.8.8,] Domains: beeline MTU: 0 TcpBufferSizes: 524288,1048576,2097152,262144,524288,1048576}}  nc{[ Transports: WIFI Capabilities: NOT_METERED&INTERNET&NOT_RESTRICTED&TRUSTED&NOT_VPN&FOREGROUND LinkUpBandwidth>=1048576Kbps LinkDnBandwidth>=1048576Kbps SignalStrength: -65]}  Score{16}  everValidated{false}  lastValidated{false}  created{true} lingering{false} explicitlySelected{false} acceptUnvalidated{false} everCaptivePortalDetected{false} lastCaptivePortalDetected{false} }
07-14 13:33:25.418  2179  2661 I chatty  : uid=1000(system) NetworkMonitorN expire 1 line
07-14 13:33:25.444  1888  2172 V IdletimerController: runCmd(/system/bin/ip6tables -w -t raw -A idletimer_raw_PREROUTING -i wlan0 -j IDLETIMER --timeout 15 --label 1 --send_nl_msg 1) res_ipv4=1, res_ipv6=1
07-14 13:33:25.445  2179  2232 E ConnectivityService: Exception in setupDataActivityTracking java.lang.IllegalStateException: command '26 idletimer add wlan0 15 1' failed with '400 26 Failed to add interface'
07-14 13:33:25.447  2179  2244 I chatty  : uid=1000(system) ConnectivityMan expire 2 lines
07-14 13:33:25.447  2179  2232 D ConnectivityService: Sending CONNECTED broadcast for type 1 NetworkAgentInfo [WIFI () - 100] isDefaultNetwork=true
07-14 13:33:25.450  2179  2232 D ConnectivityService: NetworkAgentInfo [WIFI () - 100] validation passed
07-14 13:33:25.455  2179  2179 I chatty  : uid=1000 system_server expire 1 line
07-14 13:33:25.460  2179  2683 I chatty  : uid=1000 system_server expire 2 lines
07-14 13:33:25.573  2179  2191 I chatty  : uid=1000(system) android.bg expire 7 lines
07-14 13:33:25.657  2179  2448 I chatty  : uid=1000 system_server expire 3 lines
07-14 13:33:25.775  2557  2557 W System  : ClassLoader referenced unknown path: /system/app/UserDictionaryProvider/lib/x86
07-14 13:33:25.777  2557  2557 D ApplicationLoaders: ignored Vulkan layer search path /system/app/UserDictionaryProvider/lib/x86:/system/lib:/vendor/lib for namespace 0xd74c90d0
07-14 13:33:25.781  2680  2680 D AndroidRuntime: >>>>>> START com.android.internal.os.RuntimeInit uid 0 <<<<<<
07-14 13:33:26.244  2557  2660 I ContactLocale: AddressBook Labels [[ru_RU]]: […, А, Б, В, Г, Д, Ђ, Е, Є, Ж, З, И, І, Й, Ј, К, Л, Љ, М, Н, Њ, О, П, Р, С, Т, Ћ, У, Ф, Х, Ц, Ч, Џ, Ш, Щ, Ы, Э, Ю, Я, A, B, C, D, E, F, G, H, I, J, K, L, M, N, O, P, Q, R, S, T, U, V, W, X, Y, Z, Α, Β, Γ, Δ, Ε, Ζ, Η, Θ, Ι, Κ, Λ, Μ, Ν, Ξ, Ο, Π, Ρ, Σ, Τ, Υ, Φ, Χ, Ψ, Ω, …, א, ב, ג, ד, ה, ו, ז, ח, ט, י, כ, ל, מ, נ, ס, ע, פ, צ, ק, ר, ש, ת, …, ا, ب, ت, ث, ج, ح, خ, د, ذ, ر, ز, س, ش, ص, ض, ط, ظ, ع, غ, ف, ق, ك, ل, م, ن, ه, و, ي, …, ก, ข, ฃ, ค, ฅ, ฆ, ง, จ, ฉ, ช, ซ, ฌ, ญ, ฎ, ฏ, ฐ, ฑ, ฒ, ณ, ด, ต, ถ, ท, ธ, น, บ, ป, ผ, ฝ, พ, ฟ, ภ, ม, ย, ร, ฤ, ล, ฦ, ว, ศ, ษ, ส, ห, ฬ, อ, ฮ, …, ㄱ, ㄴ, ㄷ, ㄹ, ㅁ, ㅂ, ㅅ, ㅇ, ㅈ, ㅊ, ㅋ, ㅌ, ㅍ, ㅎ, …, あ, か, さ, た, な, は, ま, や, ら, わ, #, …]
07-14 13:33:26.420  2680  2680 D AndroidRuntime: CheckJNI is OFF
07-14 13:33:26.455  2179  2298 I chatty  : uid=1000(system) NetworkTimeUpda expire 1 line
07-14 13:33:28.143  2179  2179 D ConditionProviders.SCP: onReceive android.intent.action.TIME_SET
07-14 13:33:28.143  2179  2179 D ConditionProviders.SCP: notifyCondition condition://android/schedule?days=6.7&start=23.30&end=10.0&exitAtAlarm=false STATE_FALSE reason=!meetsSchedule
07-14 13:33:28.143  2179  2179 D ConditionProviders.SCP: notifyCondition condition://android/schedule?days=1.2.3.4.5&start=22.0&end=7.0&exitAtAlarm=false STATE_FALSE reason=!meetsSchedule
07-14 13:33:28.143  2179  2179 D ConditionProviders.SCP: Scheduling evaluate for Sun Jul 14 22:00:00 GMT+03:00 2024 (1720983600000), in +8h26m31s857ms, now=Sun Jul 14 13:33:28 GMT+03:00 2024 (1720953208143)
07-14 13:33:28.155  2687  2687 W art     : Unexpected CPU variant for X86 using defaults: x86
07-14 13:33:28.156  2179  2238 I ActivityManager: Start proc 2687:com.android.providers.calendar/u0a2 for content provider com.android.providers.calendar/.CalendarProvider2
07-14 13:33:28.329  2680  2680 D ICU     : No timezone override file found: /data/misc/zoneinfo/current/icu/icu_tzdata.dat
07-14 13:33:28.333  2680  2680 W art     : Unexpected CPU variant for X86 using defaults: x86
07-14 13:33:28.450  2687  2687 I art     : Starting a blocking GC AddRemoveAppImageSpace
07-14 13:33:28.450  2687  2687 W System  : ClassLoader referenced unknown path: /system/priv-app/CalendarProvider/lib/x86
07-14 13:33:28.465  2680  2680 D         : houdini no need remount
07-14 13:33:28.473  2680  2680 E memtrack: Couldn't load memtrack module (No such file or directory)
07-14 13:33:28.473  2680  2680 E android.os.Debug: failed to load memtrack module: -2
07-14 13:33:28.474  2680  2680 I Radio-JNI: register_android_hardware_Radio DONE
07-14 13:33:28.482  2680  2680 D AndroidRuntime: Calling main entry com.android.commands.settings.SettingsCmd
07-14 13:33:28.484  2680  2680 D AndroidRuntime: Shutting down VM
07-14 13:33:28.530  2579  2579 D MediaScannerReceiver: action: android.intent.action.MEDIA_MOUNTED path: /storage/emulated/0
07-14 13:33:29.019  2179  2179 W ActivityManager: Slow operation: 450ms so far, now at startProcess: returned from zygote!
07-14 13:33:29.019  2179  2179 W ActivityManager: Slow operation: 450ms so far, now at startProcess: done updating battery stats
07-14 13:33:29.019  2179  2179 W ActivityManager: Slow operation: 450ms so far, now at startProcess: building log message
07-14 13:33:29.019  2179  2179 I ActivityManager: Start proc 2734:com.facebook.katana/u0a42 for broadcast com.facebook.katana/com.facebook.push.mqtt.receiver.BootCompleteBroadcastReceiver
07-14 13:33:29.019  2179  2179 W ActivityManager: Slow operation: 450ms so far, now at startProcess: starting to update pids map
07-14 13:33:29.019  2179  2179 W ActivityManager: Slow operation: 450ms so far, now at startProcess: done updating pids map
07-14 13:33:29.019  2179  2179 W ActivityManager: Slow operation: 450ms so far, now at startProcess: done starting proc!
07-14 13:33:29.019  2179  2574 I chatty  : uid=1000(system) Binder:2179_6 expire 1 line
07-14 13:33:29.020  2179  2193 I chatty  : uid=1000(system) android.ui expire 2 lines
07-14 13:33:29.028  2179  2722 I chatty  : uid=1000 system_server expire 1 line
07-14 13:33:29.041  1878  2738 I art     : Starting a blocking GC HeapTrim
07-14 13:33:29.060  2179  2191 I ActivityManager: Start proc 2741:com.google.android.gms/u0a11 for service com.google.android.gms/.people.sync.PeopleSyncService
07-14 13:33:29.066  2741  2741 I chatty  : uid=10011(com.google.android.gms) expire 16 lines
07-14 13:33:29.138  2179  2722 I BootReceiver: Copying audit failures to DropBox
07-14 13:33:29.138  2179  2722 I BootReceiver: Checking for fsck errors
07-14 13:33:29.143  2179  2191 E SyncManager: Job params not found for 101747
07-14 13:33:29.572  2612  2767 I chatty  : uid=1000(system) com.android.launcher3 expire 1 line
07-14 13:33:29.753  2612  2781 I chatty  : uid=1000(system) com.android.launcher3 expire 1 line
07-14 13:33:30.051  1868  1868 E NOX     : recv() error
07-14 13:33:30.051  1868  1868 D NOX     : Socket read error
07-14 13:33:31.239  2821  2821 D su      : su invoked.
07-14 13:33:31.255  2822  2822 D su      : starting daemon client 0 0
07-14 13:33:31.269  2824  2824 D su      : connecting client 2820
07-14 13:33:31.283  2827  2827 D su      : remote pid: 2820
07-14 13:33:31.297  2828  2828 D su      : remote pts_slave: 
07-14 13:33:31.311  2829  2829 D su      : remote uid: 0
07-14 13:33:31.324  2830  2830 D su      : remote req pid: 2818
07-14 13:33:31.338  2831  2831 D su      : remote args: 3
07-14 13:33:31.352  2833  2833 D su      : waiting for child exit
07-14 13:33:31.352  2835  2835 D su      : su invoked.
07-14 13:33:31.436  2840  2840 D su      : Allowing root/system/radio.
07-14 13:33:31.455  2843  2843 D su      : 0 /system/bin/sh executing 0 rm -rf /data/backup/YSLauncher/PreInstall using binary /system/bin/sh : sh -c rm -rf /data/backup/YSLauncher/PreInstall
07-14 13:33:31.503  2849  2849 D su      : sending code
07-14 13:33:31.522  2852  2852 D su      : client exited 0
07-14 13:33:31.522  2851  2851 D su      : child exited
07-14 13:33:31.544  2612  2612 W ContextImpl: Calling a method in the system process without a qualified user: android.app.ContextImpl.startService:1371 android.content.ContextWrapper.startService:613 com.android.launcher3.LauncherApplication.onCreate:31 android.app.Instrumentation.callApplicationOnCreate:1024 android.app.ActivityThread.handleBindApplication:5460 
07-14 13:33:31.615  2859  2859 D su      : su invoked.
07-14 13:33:31.634  2860  2860 D su      : starting daemon client 0 0
07-14 13:33:31.651  2861  2861 D su      : connecting client 2858
07-14 13:33:31.664  2687  2687 I CalendarProvider2: Created com.android.providers.calendar.CalendarAlarmManager@35b4aa(com.android.providers.calendar.CalendarProvider2@965e89b)
07-14 13:33:31.670  2866  2866 D su      : remote pid: 2858
07-14 13:33:31.683  1868  1868 E NOX     : recv() error
07-14 13:33:31.683  1868  1868 D NOX     : Socket read error
07-14 13:33:31.704  2869  2869 D su      : remote pts_slave: 
07-14 13:33:31.720  2870  2870 D su      : remote uid: 0
07-14 13:33:31.736  2871  2871 D su      : remote req pid: 2856
07-14 13:33:31.778  2872  2872 D su      : remote args: 3
07-14 13:33:31.797  2875  2875 D su      : waiting for child exit
07-14 13:33:31.797  2877  2877 D su      : su invoked.
07-14 13:33:31.969  2879  2879 D su      : Allowing root/system/radio.
07-14 13:33:31.982  2880  2880 D su      : 0 /system/bin/sh executing 0 rm -rf /data/backup/com.android.launcher3.backup/PreInstall using binary /system/bin/sh : sh -c rm -rf /data/backup/com.android.launcher3.backup/PreInstall
07-14 13:33:32.254  2882  2882 D su      : sending code
07-14 13:33:32.267  2883  2883 D su      : child exited
07-14 13:33:32.267  2884  2884 D su      : client exited 0
07-14 13:33:32.438  2734  2734 I chatty  : uid=10042(com.facebook.katana) expire 12 lines
07-14 13:33:32.939  2687  2687 I CalendarProvider2: Sending notification intent: Intent { act=android.intent.action.PROVIDER_CHANGED dat=content://com.android.calendar flg=0x20000000 }
07-14 13:33:32.939  2687  2687 W ContentResolver: Failed to get type for: content://com.android.calendar (Unknown URL content://com.android.calendar)
07-14 13:33:33.170  1875  2246 D gralloc_nox: gralloc_alloc: Creating ashmem region of size 4096
07-14 13:33:33.170  2612  2891 I chatty  : uid=1000(system) RenderThread expire 6 lines
07-14 13:33:33.179  1875  2246 D gralloc_nox: gralloc_alloc: Creating ashmem region of size 4096
07-14 13:33:33.187  1875  2246 D gralloc_nox: gralloc_alloc: Creating ashmem region of size 4096
07-14 13:33:33.254  2612  2622 I chatty  : uid=1000(system) HeapTaskDaemon expire 2 lines
07-14 13:33:33.283  1875  2246 D gralloc_nox: gralloc_alloc: Creating ashmem region of size 4096
07-14 13:33:33.392  1875  2246 D gralloc_nox: gralloc_alloc: Creating ashmem region of size 4096
07-14 13:33:33.419  2179  2200 I chatty  : uid=1000(system) android.display expire 1 line
07-14 13:33:33.827  2734  2912 I chatty  : uid=10042(com.facebook.katana) expire 89 lines
07-14 13:33:33.830  2734  2913 I chatty  : uid=10042(com.facebook.katana) expire 43 lines
07-14 13:33:33.830  2734  2914 I chatty  : uid=10042(com.facebook.katana) expire 91 lines
07-14 13:33:33.831  2734  2915 I chatty  : uid=10042(com.facebook.katana) expire 31 lines
07-14 13:33:33.831  2734  2916 I chatty  : uid=10042(com.facebook.katana) expire 58 lines
07-14 13:33:33.832  2734  2917 I chatty  : uid=10042(com.facebook.katana) expire 3 lines
07-14 13:33:33.877  2734  2921 I chatty  : uid=10042(com.facebook.katana) FileObserver expire 5 lines
07-14 13:33:34.176  2741  2752 I chatty  : uid=10011(com.google.android.gms) expire 1 line
07-14 13:33:34.384  2930  2930 D AndroidRuntime: >>>>>> START com.android.internal.os.RuntimeInit uid 0 <<<<<<
07-14 13:33:34.672  2930  2930 D AndroidRuntime: CheckJNI is OFF
07-14 13:33:34.771  2930  2930 D ICU     : No timezone override file found: /data/misc/zoneinfo/current/icu/icu_tzdata.dat
07-14 13:33:34.779  2930  2930 W art     : Unexpected CPU variant for X86 using defaults: x86
07-14 13:33:35.014  2930  2930 D         : houdini no need remount
07-14 13:33:35.024  2930  2930 E memtrack: Couldn't load memtrack module (No such file or directory)
07-14 13:33:35.024  2930  2930 E android.os.Debug: failed to load memtrack module: -2
07-14 13:33:35.026  2930  2930 I Radio-JNI: register_android_hardware_Radio DONE
07-14 13:33:35.036  2930  2930 D AndroidRuntime: Calling main entry com.android.commands.am.Am
07-14 13:33:35.831  2734  2911 I chatty  : uid=10042(com.facebook.katana) expire 11 lines
07-14 13:33:35.965  2612  2612 I art     :   at void com.android.launcher3.launcher3.Launcher.W() (Launcher.java:8)
07-14 13:33:35.965  2612  2612 I art     :   at void d.b.a.k.d.run() (lambda:-1)
07-14 13:33:35.965  2612  2612 I art     :   at void android.os.Handler.handleCallback(android.os.Message) (Handler.java:751)
07-14 13:33:35.965  2612  2612 I art     :   at void android.os.Handler.dispatchMessage(android.os.Message) (Handler.java:95)
07-14 13:33:35.965  2612  2612 I art     :   at void android.os.Looper.loop() (Looper.java:154)
07-14 13:33:35.965  2612  2612 I art     :   at void android.app.ActivityThread.main(java.lang.String[]) (ActivityThread.java:6176)
07-14 13:33:35.965  2612  2612 I art     :   at java.lang.Object java.lang.reflect.Method.invoke!(java.lang.Object, java.lang.Object[]) (Method.java:-2)
07-14 13:33:35.965  2612  2612 I art     :   at void com.android.internal.os.ZygoteInit$MethodAndArgsCaller.run() (ZygoteInit.java:893)
07-14 13:33:35.965  2612  2612 I art     :   at void com.android.internal.os.ZygoteInit.main(java.lang.String[]) (ZygoteInit.java:783)
07-14 13:33:35.965  2612  2612 I art     : Caused by: java.lang.ClassNotFoundException: Didn't find class "android.webkit.PacProcessor" on path: DexPathList[[zip file "/data/app/com.google.android.webview-1/base.apk", zip file "/data/app/com.google.android.webview-1/split_config.ru.apk"],nativeLibraryDirectories=[/data/app/com.google.android.webview-1/lib/x86, /data/app/com.google.android.webview-1/base.apk!/lib/x86, /data/app/com.google.android.webview-1/split_config.ru.apk!/lib/x86, /system/lib, /vendor/lib]]
07-14 13:33:35.965  2612  2612 I art     :   at java.lang.Class dalvik.system.BaseDexClassLoader.findClass(java.lang.String) (BaseDexClassLoader.java:56)
07-14 13:33:35.966  2612  2612 I art     :   at java.lang.Class java.lang.ClassLoader.loadClass(java.lang.String, boolean) (ClassLoader.java:380)
07-14 13:33:35.966  2612  2612 I art     :   at java.lang.Class java.lang.ClassLoader.loadClass(java.lang.String) (ClassLoader.java:312)
07-14 13:33:35.966  2612  2612 I art     :   at java.lang.Class java.lang.Class.classForName!(java.lang.String, boolean, java.lang.ClassLoader) (Class.java:-2)
07-14 13:33:35.966  2612  2612 I art     :   at java.lang.Class java.lang.Class.forName(java.lang.String, boolean, java.lang.ClassLoader) (Class.java:400)
07-14 13:33:35.966  2612  2612 I art     :   at java.lang.Class android.webkit.WebViewFactory.getProviderClass() (WebViewFactory.java:352)
07-14 13:33:35.966  2612  2612 I art     :   at android.webkit.WebViewFactoryProvider android.webkit.WebViewFactory.getProvider() (WebViewFactory.java:195)
07-14 13:33:35.966  2612  2612 I art     :   at java.lang.String android.webkit.WebSettings.getDefaultUserAgent(android.content.Context) (WebSettings.java:1246)
07-14 13:33:35.966  2612  2612 I art     :   at java.lang.String d.b.a.v.h.o(android.content.Context) (DeviceUtil.java:2)
07-14 13:33:35.966  2612  2612 I art     :   at org.json.JSONObject d.b.a.c.f.a(android.content.Context, org.json.JSONObject) (ApiHelper.java:18)
07-14 13:33:35.966  2612  2612 I art     :   at void d.b.a.c.f.f(android.content.Context) (ApiHelper.java:2)
07-14 13:33:35.966  2612  2612 I art     :   at void com.android.launcher3.launcher3.Launcher.W() (Launcher.java:8)
07-14 13:33:35.966  2612  2612 I art     :   at void d.b.a.k.d.run() (lambda:-1)
07-14 13:33:35.966  2612  2612 I art     :   at void android.os.Handler.handleCallback(android.os.Message) (Handler.java:751)
07-14 13:33:35.966  2612  2612 I art     :   at void android.os.Handler.dispatchMessage(android.os.Message) (Handler.java:95)
07-14 13:33:35.966  2612  2612 I art     :   at void android.os.Looper.loop() (Looper.java:154)
07-14 13:33:35.966  2612  2612 I art     :   at void android.app.ActivityThread.main(java.lang.String[]) (ActivityThread.java:6176)
07-14 13:33:35.966  2612  2612 I art     :   at java.lang.Object java.lang.reflect.Method.invoke!(java.lang.Object, java.lang.Object[]) (Method.java:-2)
07-14 13:33:35.966  2612  2612 I art     :   at void com.android.internal.os.ZygoteInit$MethodAndArgsCaller.run() (ZygoteInit.java:893)
07-14 13:33:35.966  2612  2612 I art     :   at void com.android.internal.os.ZygoteInit.main(java.lang.String[]) (ZygoteInit.java:783)
07-14 13:33:35.966  2612  2612 I art     : 
07-14 13:33:35.966  2612  2612 W art     : Verification of android.webkit.PacProcessor com.android.webview.chromium.WebViewChromiumFactoryProvider.createPacProcessor() took 101.016ms
07-14 13:33:35.993  2612  2612 I art     : Rejecting re-init on previously-failed class java.lang.Class<WV.gH>: java.lang.NoClassDefFoundError: Failed resolution of: Landroid/webkit/PacProcessor;
07-14 13:33:35.993  2612  2612 I art     :   at java.lang.Class java.lang.Class.classForName!(java.lang.String, boolean, java.lang.ClassLoader) (Class.java:-2)
07-14 13:33:35.993  2612  2612 I art     :   at java.lang.Class java.lang.Class.forName(java.lang.String, boolean, java.lang.ClassLoader) (Class.java:400)
07-14 13:33:35.993  2612  2612 I art     :   at java.lang.Class android.webkit.WebViewFactory.getProviderClass() (WebViewFactory.java:352)
07-14 13:33:35.993  2612  2612 I art     :   at android.webkit.WebViewFactoryProvider android.webkit.WebViewFactory.getProvider() (WebViewFactory.java:195)
07-14 13:33:35.993  2612  2612 I art     :   at java.lang.String android.webkit.WebSettings.getDefaultUserAgent(android.content.Context) (WebSettings.java:1246)
07-14 13:33:35.993  2612  2612 I art     :   at java.lang.String d.b.a.v.h.o(android.content.Context) (DeviceUtil.java:2)
07-14 13:33:35.993  2612  2612 I art     :   at org.json.JSONObject d.b.a.c.f.a(android.content.Context, org.json.JSONObject) (ApiHelper.java:18)
07-14 13:33:35.993  2612  2612 I art     :   at void d.b.a.c.f.f(android.content.Context) (ApiHelper.java:2)
07-14 13:33:35.993  2612  2612 I art     :   at void com.android.launcher3.launcher3.Launcher.W() (Launcher.java:8)
07-14 13:33:35.993  2612  2612 I art     :   at void d.b.a.k.d.run() (lambda:-1)
07-14 13:33:35.993  2612  2612 I art     :   at void android.os.Handler.handleCallback(android.os.Message) (Handler.java:751)
07-14 13:33:35.993  2612  2612 I art     :   at void android.os.Handler.dispatchMessage(android.os.Message) (Handler.java:95)
07-14 13:33:35.993  2612  2612 I art     :   at void android.os.Looper.loop() (Looper.java:154)
07-14 13:33:35.993  2612  2612 I art     :   at void android.app.ActivityThread.main(java.lang.String[]) (ActivityThread.java:6176)
07-14 13:33:35.993  2612  2612 I art     :   at java.lang.Object java.lang.reflect.Method.invoke!(java.lang.Object, java.lang.Object[]) (Method.java:-2)
07-14 13:33:35.993  2612  2612 I art     :   at void com.android.internal.os.ZygoteInit$MethodAndArgsCaller.run() (ZygoteInit.java:893)
07-14 13:33:35.993  2612  2612 I art     :   at void com.android.internal.os.ZygoteInit.main(java.lang.String[]) (ZygoteInit.java:783)
07-14 13:33:35.993  2612  2612 I art     : Caused by: java.lang.ClassNotFoundException: Didn't find class "android.webkit.PacProcessor" on path: DexPathList[[zip file "/data/app/com.google.android.webview-1/base.apk", zip file "/data/app/com.google.android.webview-1/split_config.ru.apk"],nativeLibraryDirectories=[/data/app/com.google.android.webview-1/lib/x86, /data/app/com.google.android.webview-1/base.apk!/lib/x86, /data/app/com.google.android.webview-1/split_config.ru.apk!/lib/x86, /system/lib, /vendor/lib]]
07-14 13:33:35.993  2612  2612 I art     :   at java.lang.Class dalvik.system.BaseDexClassLoader.findClass(java.lang.String) (BaseDexClassLoader.java:56)
07-14 13:33:35.993  2612  2612 I art     :   at java.lang.Class java.lang.ClassLoader.loadClass(java.lang.String, boolean) (ClassLoader.java:380)
07-14 13:33:35.993  2612  2612 I art     :   at java.lang.Class java.lang.ClassLoader.loadClass(java.lang.String) (ClassLoader.java:312)
07-14 13:33:35.993  2612  2612 I art     :   at java.lang.Class java.lang.Class.classForName!(java.lang.String, boolean, java.lang.ClassLoader) (Class.java:-2)
07-14 13:33:35.993  2612  2612 I art     :   at java.lang.Class java.lang.Class.forName(java.lang.String, boolean, java.lang.ClassLoader) (Class.java:400)
07-14 13:33:35.993  2612  2612 I art     :   at java.lang.Class android.webkit.WebViewFactory.getProviderClass() (WebViewFactory.java:352)
07-14 13:33:35.993  2612  2612 I art     :   at android.webkit.WebViewFactoryProvider android.webkit.WebViewFactory.getProvider() (WebViewFactory.java:195)
07-14 13:33:35.993  2612  2612 I art     :   at java.lang.String android.webkit.WebSettings.getDefaultUserAgent(android.content.Context) (WebSettings.java:1246)
07-14 13:33:35.993  2612  2612 I art     :   at java.lang.String d.b.a.v.h.o(android.content.Context) (DeviceUtil.java:2)
07-14 13:33:35.993  2612  2612 I art     :   at org.json.JSONObject d.b.a.c.f.a(android.content.Context, org.json.JSONObject) (ApiHelper.java:18)
07-14 13:33:35.993  2612  2612 I art     :   at void d.b.a.c.f.f(android.content.Context) (ApiHelper.java:2)
07-14 13:33:35.993  2612  2612 I art     :   at void com.android.launcher3.launcher3.Launcher.W() (Launcher.java:8)
07-14 13:33:35.993  2612  2612 I art     :   at void d.b.a.k.d.run() (lambda:-1)
07-14 13:33:35.993  2612  2612 I art     :   at void android.os.Handler.handleCallback(android.os.Message) (Handler.java:751)
07-14 13:33:35.993  2612  2612 I art     :   at void android.os.Handler.dispatchMessage(android.os.Message) (Handler.java:95)
07-14 13:33:35.993  2612  2612 I art     :   at void android.os.Looper.loop() (Looper.java:154)
07-14 13:33:35.993  2612  2612 I art     :   at void android.app.ActivityThread.main(java.lang.String[]) (ActivityThread.java:6176)
07-14 13:33:35.993  2612  2612 I art     :   at java.lang.Object java.lang.reflect.Method.invoke!(java.lang.Object, java.lang.Object[]) (Method.java:-2)
07-14 13:33:35.993  2612  2612 I art     :   at void com.android.internal.os.ZygoteInit$MethodAndArgsCaller.run() (ZygoteInit.java:893)
07-14 13:33:35.993  2612  2612 I art     :   at void com.android.internal.os.ZygoteInit.main(java.lang.String[]) (ZygoteInit.java:783)
07-14 13:33:35.993  2612  2612 I art     : 
07-14 13:33:35.993  2612  2612 I art     : Rejecting re-init on previously-failed class java.lang.Class<WV.gH>: java.lang.NoClassDefFoundError: Failed resolution of: Landroid/webkit/PacProcessor;
07-14 13:33:35.993  2612  2612 I art     :   at java.lang.Class java.lang.Class.classForName!(java.lang.String, boolean, java.lang.ClassLoader) (Class.java:-2)
07-14 13:33:35.993  2612  2612 I art     :   at java.lang.Class java.lang.Class.forName(java.lang.String, boolean, java.lang.ClassLoader) (Class.java:400)
07-14 13:33:35.993  2612  2612 I art     :   at java.lang.Class android.webkit.WebViewFactory.getProviderClass() (WebViewFactory.java:352)
07-14 13:33:35.993  2612  2612 I art     :   at android.webkit.WebViewFactoryProvider android.webkit.WebViewFactory.getProvider() (WebViewFactory.java:195)
07-14 13:33:35.993  2612  2612 I art     :   at java.lang.String android.webkit.WebSettings.getDefaultUserAgent(android.content.Context) (WebSettings.java:1246)
07-14 13:33:35.993  2612  2612 I art     :   at java.lang.String d.b.a.v.h.o(android.content.Context) (DeviceUtil.java:2)
07-14 13:33:35.993  2612  2612 I art     :   at org.json.JSONObject d.b.a.c.f.a(android.content.Context, org.json.JSONObject) (ApiHelper.java:18)
07-14 13:33:35.993  2612  2612 I art     :   at void d.b.a.c.f.f(android.content.Context) (ApiHelper.java:2)
07-14 13:33:35.993  2612  2612 I art     :   at void com.android.launcher3.launcher3.Launcher.W() (Launcher.java:8)
07-14 13:33:35.993  2612  2612 I art     :   at void d.b.a.k.d.run() (lambda:-1)
07-14 13:33:35.993  2612  2612 I art     :   at void android.os.Handler.handleCallback(android.os.Message) (Handler.java:751)
07-14 13:33:35.993  2612  2612 I art     :   at void android.os.Handler.dispatchMessage(android.os.Message) (Handler.java:95)
07-14 13:33:35.993  2612  2612 I art     :   at void android.os.Looper.loop() (Looper.java:154)
07-14 13:33:35.993  2612  2612 I art     :   at void android.app.ActivityThread.main(java.lang.String[]) (ActivityThread.java:6176)
07-14 13:33:35.993  2612  2612 I art     :   at java.lang.Object java.lang.reflect.Method.invoke!(java.lang.Object, java.lang.Object[]) (Method.java:-2)
07-14 13:33:35.993  2612  2612 I art     :   at void com.android.internal.os.ZygoteInit$MethodAndArgsCaller.run() (ZygoteInit.java:893)
07-14 13:33:35.993  2612  2612 I art     :   at void com.android.internal.os.ZygoteInit.main(java.lang.String[]) (ZygoteInit.java:783)
07-14 13:33:35.993  2612  2612 I art     : Caused by: java.lang.ClassNotFoundException: Didn't find class "android.webkit.PacProcessor" on path: DexPathList[[zip file "/data/app/com.google.android.webview-1/base.apk", zip file "/data/app/com.google.android.webview-1/split_config.ru.apk"],nativeLibraryDirectories=[/data/app/com.google.android.webview-1/lib/x86, /data/app/com.google.android.webview-1/base.apk!/lib/x86, /data/app/com.google.android.webview-1/split_config.ru.apk!/lib/x86, /system/lib, /vendor/lib]]
07-14 13:33:35.993  2612  2612 I art     :   at java.lang.Class dalvik.system.BaseDexClassLoader.findClass(java.lang.String) (BaseDexClassLoader.java:56)
07-14 13:33:35.993  2612  2612 I art     :   at java.lang.Class java.lang.ClassLoader.loadClass(java.lang.String, boolean) (ClassLoader.java:380)
07-14 13:33:35.993  2612  2612 I art     :   at java.lang.Class java.lang.ClassLoader.loadClass(java.lang.String) (ClassLoader.java:312)
07-14 13:33:35.993  2612  2612 I art     :   at java.lang.Class java.lang.Class.classForName!(java.lang.String, boolean, java.lang.ClassLoader) (Class.java:-2)
07-14 13:33:35.993  2612  2612 I art     :   at java.lang.Class java.lang.Class.forName(java.lang.String, boolean, java.lang.ClassLoader) (Class.java:400)
07-14 13:33:35.993  2612  2612 I art     :   at java.lang.Class android.webkit.WebViewFactory.getProviderClass() (WebViewFactory.java:352)
