07-14 13:33:35.993  2612  2612 I art     :   at android.webkit.WebViewFactoryProvider android.webkit.WebViewFactory.getProvider() (WebViewFactory.java:195)
07-14 13:33:35.993  2612  2612 I art     :   at java.lang.String android.webkit.WebSettings.getDefaultUserAgent(android.content.Context) (WebSettings.java:1246)
07-14 13:33:35.993  2612  2612 I art     :   at java.lang.String d.b.a.v.h.o(android.content.Context) (DeviceUtil.java:2)
07-14 13:33:35.993  2612  2612 I art     :   at org.json.JSONObject d.b.a.c.f.a(android.content.Context, org.json.JSONObject) (ApiHelper.java:18)
07-14 13:33:35.993  2612  2612 I art     :   at void d.b.a.c.f.f(android.content.Context) (ApiHelper.java:2)
07-14 13:33:35.993  2612  2612 I art     :   at void com.android.launcher3.launcher3.Launcher.W() (Launcher.java:8)
07-14 13:33:35.993  2612  2612 I art     :   at void d.b.a.k.d.run() (lambda:-1)
07-14 13:33:35.993  2612  2612 I art     :   at void android.os.Handler.handleCallback(android.os.Message) (Handler.java:751)
07-14 13:33:35.993  2612  2612 I art     :   at void android.os.Handler.dispatchMessage(android.os.Message) (Handler.java:95)
07-14 13:33:35.993  2612  2612 I art     :   at void android.os.Looper.loop() (Looper.java:154)
07-14 13:33:35.993  2612  2612 I art     :   at void android.app.ActivityThread.main(java.lang.String[]) (ActivityThread.java:6176)
07-14 13:33:35.993  2612  2612 I art     :   at java.lang.Object java.lang.reflect.Method.invoke!(java.lang.Object, java.lang.Object[]) (Method.java:-2)
07-14 13:33:35.993  2612  2612 I art     :   at void com.android.internal.os.ZygoteInit$MethodAndArgsCaller.run() (ZygoteInit.java:893)
07-14 13:33:35.993  2612  2612 I art     :   at void com.android.internal.os.ZygoteInit.main(java.lang.String[]) (ZygoteInit.java:783)
07-14 13:33:35.993  2612  2612 I art     : 
07-14 13:33:36.244  2612  2612 I cr_WVCFactoryProvider: Loaded version=119.0.6045.193 minSdkVersion=1 isBundle=true multiprocess=false packageId=2
07-14 13:33:37.065  2543  2543 I chatty  : uid=10011(com.google.android.gms) expire 10 lines
07-14 13:33:37.188  2734  2949 I chatty  : uid=10042(com.facebook.katana) expire 1 line
07-14 13:33:37.525  2612  2950 E chromium: [0714/133337.477963:ERROR:variations_seed_loader.cc(37)] Seed missing signature.
07-14 13:33:37.692  2612  2950 E chromium: [0714/133337.691622:ERROR:variations_seed_loader.cc(69)] Failed to open file for reading. Errno: 2
07-14 13:33:37.732  2612  2950 W ContextImpl: Calling a method in the system process without a qualified user: android.app.ContextImpl.bindService:1435 android.content.ContextWrapper.bindService:636 android.content.ContextWrapper.bindService:636 WV.fP.a:3 WV.sY.run:68 
07-14 13:33:37.854  2179  2574 W ActivityManager: Slow operation: 122ms so far, now at startProcess: returned from zygote!
07-14 13:33:37.854  2179  2574 W ActivityManager: Slow operation: 122ms so far, now at startProcess: done updating battery stats
07-14 13:33:37.854  2179  2574 W ActivityManager: Slow operation: 122ms so far, now at startProcess: building log message
07-14 13:33:37.854  2179  2574 I ActivityManager: Start proc 2951:com.google.android.webview:webview_service/u0a41 for service com.google.android.webview/org.chromium.android_webview.services.VariationsSeedServer
07-14 13:33:37.854  2179  2574 W ActivityManager: Slow operation: 122ms so far, now at startProcess: starting to update pids map
07-14 13:33:37.855  2179  2574 W ActivityManager: Slow operation: 122ms so far, now at startProcess: done updating pids map
07-14 13:33:37.855  2179  2574 W ActivityManager: Slow operation: 122ms so far, now at startProcess: done starting proc!
07-14 13:33:37.879  2612  2950 W ContextImpl: Calling a method in the system process without a qualified user: android.app.ContextImpl.bindService:1435 android.content.ContextWrapper.bindService:636 android.content.ContextWrapper.bindService:636 WV.fP.a:3 WV.sY.run:113 
07-14 13:33:37.892  2951  2951 W art     : Unexpected CPU variant for X86 using defaults: x86
07-14 13:33:38.484  2951  2951 I cr_WebViewApkApp: Launched version=119.0.6045.193 minSdkVersion=1 isBundle=true processName=com.google.android.webview:webview_service
07-14 13:33:38.712  2951  2951 I LoadedApk: No resource references to update in package com.google.android.webview_translations
07-14 13:33:38.824  2612  2612 I cr_LibraryLoader: Successfully loaded native library
07-14 13:33:39.302  2612  2612 I cr_CachingUmaRecorder: Flushed 6 samples from 6 histograms, 0 samples were dropped.
07-14 13:33:39.603  2612  2612 I cr_CombinedPProvider: #registerProvider() provider:WV.b8@ea543ea isPolicyCacheEnabled:false policyProvidersSize:0
07-14 13:33:39.635  2612  2612 I cr_PolicyProvider: #setManagerAndSource() 0
07-14 13:33:39.806  2612  2971 W ContextImpl: Calling a method in the system process without a qualified user: android.app.ContextImpl.bindService:1435 android.content.ContextWrapper.bindService:636 android.content.ContextWrapper.bindService:636 WV.If.a:129 WV.Mq.a:49 
07-14 13:33:40.906  2975  2975 I chatty  : uid=10011(com.google.android.gms) com.google.process.gapps expire 5 lines
07-14 13:33:40.906  2179  2574 I ActivityManager: Start proc 2975:com.google.process.gapps/u0a11 for content provider com.google.android.gsf/.gservices.GservicesProvider
07-14 13:33:41.502  2734  2906 I chatty  : uid=10042(com.facebook.katana) expire 1 line
07-14 13:33:42.222  2975  2985 I chatty  : uid=10011(com.google.android.gms) HeapTaskDaemon expire 1 line
07-14 13:33:43.179  2734  2756 I chatty  : uid=10042(com.facebook.katana) HeapTaskDaemon expire 7 lines
07-14 13:33:43.194  2734  2999 I chatty  : uid=10042(com.facebook.katana) CombinedTP1 expire 1 line
07-14 13:33:43.795  2612  2612 I cr_CombinedPProvider: #linkNativeInternal() 1
07-14 13:33:43.814  2612  2612 I cr_AppResProvider: #getApplicationRestrictionsFromUserManager() Bundle[EMPTY_PARCEL]
07-14 13:33:43.820  2612  2612 I cr_PolicyProvider: #notifySettingsAvailable() 0
07-14 13:33:43.820  2612  2612 I cr_CombinedPProvider: #onSettingsAvailable() 0
07-14 13:33:43.820  2612  2612 I cr_CombinedPProvider: #flushPolicies()
07-14 13:33:43.829  2734  3011 I chatty  : uid=10042(com.facebook.katana) ProcessAnrError expire 2 lines
07-14 13:33:44.170  2734  3010 I chatty  : uid=10042(com.facebook.katana) expire 3 lines
07-14 13:33:44.284  2734  3009 I chatty  : uid=10042(com.facebook.katana) MultiSignalANRD expire 3 lines
07-14 13:33:44.481  2734  3013 I chatty  : uid=10042(com.facebook.katana) expire 2 lines
07-14 13:33:44.494  2734  3027 I chatty  : uid=10042(com.facebook.katana) AppInit1 expire 3 lines
07-14 13:33:44.499  2734  3028 I chatty  : uid=10042(com.facebook.katana) expire 2 lines
07-14 13:33:44.501  3029  3029 I chatty  : uid=10042(com.facebook.katana) expire 2 lines
07-14 13:33:44.760  2734  3024 I chatty  : uid=10042(com.facebook.katana) expire 7 lines
07-14 13:33:45.077  2179  2228 I chatty  : uid=1000(system) WifiStateMachin expire 1 line
07-14 13:33:45.077  2179  2376 E BatteryStatsService: no controller energy info supplied
07-14 13:33:45.077  2179  2376 E BatteryStatsService: no controller energy info supplied
07-14 13:33:45.079  2179  2376 E KernelCpuSpeedReader: Failed to read cpu-freq: /sys/devices/system/cpu/cpu0/cpufreq/stats/time_in_state (No such file or directory)
07-14 13:33:45.079  2179  2376 E KernelUidCpuTimeReader: Failed to read uid_cputime: /proc/uid_cputime/show_uid_stat (No such file or directory)
07-14 13:33:45.079  2179  2376 E BatteryStatsService: modem info is invalid: ModemActivityInfo{ mTimestamp=0 mSleepTimeMs=0 mIdleTimeMs=0 mTxTimeMs[]=[0, 0, 0, 0, 0] mRxTimeMs=0 mEnergyUsed=0}
07-14 13:33:45.673  2734  3023 I chatty  : uid=10042(com.facebook.katana) expire 3 lines
07-14 13:33:45.921  2741  2741 I chatty  : uid=10011(com.google.android.gms) expire 7 lines
07-14 13:33:46.789  2543  2554 I chatty  : uid=10011(com.google.android.gms) expire 1 line
07-14 13:33:46.797  2299  2299 D CarrierConfigLoader: mHandler: 13 phoneId: 0
07-14 13:33:46.797  2299  2299 D CarrierConfigLoader: mHandler: 7 phoneId: 0
07-14 13:33:46.797  2299  2299 E CarrierConfigLoader: Cannot restore config with null packageName or iccid.
07-14 13:33:46.797  2299  2299 D CarrierConfigLoader: Binding to com.android.carrierconfig for phone 0
07-14 13:33:46.819  3051  3051 W art     : Unexpected CPU variant for X86 using defaults: x86
07-14 13:33:46.819  2179  2596 I ActivityManager: Start proc 3051:com.android.managedprovisioning/u0a12 for broadcast com.android.managedprovisioning/.BootReminder
07-14 13:33:46.835  3064  3064 W art     : Unexpected CPU variant for X86 using defaults: x86
07-14 13:33:46.836  2179  2190 I ActivityManager: Start proc 3064:com.android.carrierconfig/u0a3 for service com.android.carrierconfig/.DefaultCarrierConfigService
07-14 13:33:47.136  3064  3064 I art     : Starting a blocking GC AddRemoveAppImageSpace
07-14 13:33:47.137  3064  3064 W System  : ClassLoader referenced unknown path: /system/priv-app/CarrierConfig/lib/x86
07-14 13:33:47.151  3051  3051 I art     : Starting a blocking GC AddRemoveAppImageSpace
07-14 13:33:47.151  3051  3051 W System  : ClassLoader referenced unknown path: /system/priv-app/ManagedProvisioning/lib/x86
07-14 13:33:47.358  3064  3064 D DefaultCarrierConfigService: Service created
07-14 13:33:47.359  2299  2299 D CarrierConfigLoader: Connected to config app: com.android.carrierconfig/com.android.carrierconfig.DefaultCarrierConfigService
07-14 13:33:47.359  2299  2299 D CarrierConfigLoader: mHandler: 3 phoneId: 0
07-14 13:33:47.359  3064  3075 D DefaultCarrierConfigService: Config being fetched
07-14 13:33:47.360  3064  3075 D DefaultCarrierConfigService: java.io.FileNotFoundException: carrier_config_25001.xml
07-14 13:33:47.360  2299  2299 E CarrierConfigLoader: Cannot save config with null packageName or iccid.
07-14 13:33:47.361  2299  2299 D CarrierConfigLoader: mHandler: 5 phoneId: 0
07-14 13:33:47.361  2299  2299 E PhoneInterfaceManager: [PhoneIntfMgr] getCarrierPackageNamesForIntent: No UICC
07-14 13:33:47.365  2179  2179 I Telecom : PhoneAccountRegistrar: SimCallManager queried, returning: null: TSI.gSCMFU@AAo
07-14 13:33:47.418  3083  3083 W art     : Unexpected CPU variant for X86 using defaults: x86
07-14 13:33:47.419  2179  2376 I ActivityManager: Start proc 3083:com.android.onetimeinitializer/u0a13 for broadcast com.android.onetimeinitializer/.OneTimeInitializerReceiver
07-14 13:33:47.639  3083  3083 I art     : Starting a blocking GC AddRemoveAppImageSpace
07-14 13:33:47.639  3083  3083 W System  : ClassLoader referenced unknown path: /system/priv-app/OneTimeInitializer/lib/x86
07-14 13:33:47.818  3083  3083 V OneTimeInitializerRece: OneTimeInitializerReceiver.onReceive
07-14 13:33:48.022  2299  2299 V VvmBootCompletedRcvr: processing subId list
07-14 13:33:48.024  2299  2299 E VvmBootCompletedRcvr: phone account ComponentInfo{com.android.phone/com.android.services.telephony.TelephonyConnectionService}, [e0184adedf913b076626646d3f52c3b49c39ad6d], UserHandle{0} has invalid subId -1
07-14 13:33:48.158  2543  2543 I chatty  : uid=10011(com.google.android.gms) expire 4 lines
07-14 13:33:49.081  2612  2612 W ContextImpl: Calling a method in the system process without a qualified user: android.app.ContextImpl.bindService:1435 android.content.ContextWrapper.bindService:636 android.content.ContextWrapper.bindService:636 org.chromium.components.component_updater.b.a:15 org.chromium.android_webview.AwBrowserProcess.h:34 
07-14 13:33:49.082  2612  2971 W ContextImpl: Calling a method in the system process without a qualified user: android.app.ContextImpl.bindService:1435 android.content.ContextWrapper.bindService:636 android.content.ContextWrapper.bindService:636 WV.If.a:129 WV.Mq.a:49 
07-14 13:33:49.510  2179  2316 W ActivityManager: Slow operation: 573ms so far, now at startProcess: returned from zygote!
07-14 13:33:49.510  2179  2316 W ActivityManager: Slow operation: 573ms so far, now at startProcess: done updating battery stats
07-14 13:33:49.510  2179  2316 W ActivityManager: Slow operation: 573ms so far, now at startProcess: building log message
07-14 13:33:49.510  2179  2316 I ActivityManager: Start proc 3117:com.facebook.katana:fwkstartlog/u0a42 for service com.facebook.katana/com.facebook.analytics.appstatelogger.AppStateIntentService
07-14 13:33:49.510  2179  2316 W ActivityManager: Slow operation: 573ms so far, now at startProcess: starting to update pids map
07-14 13:33:49.510  2179  2316 W ActivityManager: Slow operation: 573ms so far, now at startProcess: done updating pids map
07-14 13:33:49.510  2179  2316 W ActivityManager: Slow operation: 573ms so far, now at startProcess: done starting proc!
07-14 13:33:49.510  2179  2189 I chatty  : uid=1000(system) Binder:2179_1 expire 1 line
07-14 13:33:49.510  2179  2190 I chatty  : uid=1000(system) Binder:2179_2 expire 1 line
07-14 13:33:49.511  2179  2192 I chatty  : uid=1000(system) ActivityManager expire 1 line
07-14 13:33:49.513  2179  2192 W ActivityManager: Timeout executing service: ServiceRecord{5101511 u0 com.google.android.gms/.reminders.sync.RemindersSyncService}
07-14 13:33:49.514  2179  2230 W art     : Long monitor contention with owner main (2179) at void com.android.server.AlarmManagerService.setImpl(int, long, long, long, android.app.PendingIntent, android.app.IAlarmListener, java.lang.String, int, android.os.WorkSource, android.app.AlarmManager$AlarmClockInfo, int, java.lang.String)(AlarmManagerService.java:1072) waiters=1 in void com.android.server.AlarmManagerService.setImpl(int, long, long, long, android.app.PendingIntent, android.app.IAlarmListener, java.lang.String, int, android.os.WorkSource, android.app.AlarmManager$AlarmClockInfo, int, java.lang.String) for 365ms
07-14 13:33:49.514  2179  2228 W art     : Long monitor contention with owner main (2179) at void com.android.server.AlarmManagerService.setImpl(int, long, long, long, android.app.PendingIntent, android.app.IAlarmListener, java.lang.String, int, android.os.WorkSource, android.app.AlarmManager$AlarmClockInfo, int, java.lang.String)(AlarmManagerService.java:1072) waiters=0 in void com.android.server.AlarmManagerService.setImpl(int, long, long, long, android.app.PendingIntent, android.app.IAlarmListener, java.lang.String, int, android.os.WorkSource, android.app.AlarmManager$AlarmClockInfo, int, java.lang.String) for 365ms
07-14 13:33:49.823  2179  2192 I Process : Sending signal. PID: 2741 SIG: 3
07-14 13:33:49.823  2741  2747 I chatty  : uid=10011(com.google.android.gms) expire 2 lines
07-14 13:33:49.834  2612  3135 W ContextImpl: Calling a method in the system process without a qualified user: android.app.ContextImpl.bindService:1435 android.content.ContextWrapper.bindService:636 c.b.a.t.a:75 d.b.a.v.h.e:1 d.b.a.v.h.d:3 
07-14 13:33:50.152  2179  2228 W WifiMode: WiredSSID, Invalid SupportedRates!!!
07-14 13:33:50.152  2179  2230 W WifiMode: WiredSSID, Invalid SupportedRates!!!
07-14 13:33:50.153  2179  2228 W WifiMode: WiredSSID, Invalid SupportedRates!!!
07-14 13:33:50.496  2579  3107 W MediaScanner: Error opening directory '/oem/media/', skipping: No such file or directory.
07-14 13:33:50.824  2179  2192 E ActivityManager: ANR in com.google.android.gms
07-14 13:33:50.824  2179  2192 E ActivityManager: PID: 2741
07-14 13:33:50.824  2179  2192 E ActivityManager: Reason: executing service com.google.android.gms/.reminders.sync.RemindersSyncService
07-14 13:33:50.824  2179  2192 E ActivityManager: Load: 0.0 / 0.0 / 0.0
07-14 13:33:50.824  2179  2192 E ActivityManager: CPU usage from 23873ms to 0ms ago (2024-07-14 13:33:23.953 to 2024-07-14 13:33:49.513):
07-14 13:33:50.824  2179  2192 E ActivityManager:   6.9% 1878/zygote: 1.8% user + 5% kernel / faults: 10434 minor
07-14 13:33:50.824  2179  2192 E ActivityManager:   3.4% 2179/system_server: 1.7% user + 1.7% kernel / faults: 5871 minor 18 major
07-14 13:33:50.824  2179  2192 E ActivityManager:   2.1% 2543/com.google.android.gms.persistent: 0.8% user + 1.2% kernel / faults: 4432 minor 765 major
07-14 13:33:50.824  2179  2192 E ActivityManager:   1.7% 2251/com.android.systemui: 0.3% user + 1.3% kernel / faults: 12483 minor 16 major
07-14 13:33:50.824  2179  2192 E ActivityManager:   0.7% 1875/surfaceflinger: 0% user + 0.6% kernel / faults: 19 minor
07-14 13:33:50.824  2179  2192 E ActivityManager:   0.6% 2557/android.process.acore: 0.4% user + 0.2% kernel / faults: 1931 minor 23 major
07-14 13:33:50.824  2179  2192 E ActivityManager:   0.6% 1888/netd: 0% user + 0.5% kernel / faults: 371 minor
07-14 13:33:50.824  2179  2192 E ActivityManager:   0.2% 2299/com.android.phone: 0.2% user + 0% kernel / faults: 257 minor 5 major
07-14 13:33:50.824  2179  2192 E ActivityManager:   0.2% 7/rcu_preempt: 0% user + 0.2% kernel
07-14 13:33:50.824  2179  2192 E ActivityManager:   0.2% 10/rcuop/0: 0% user + 0.2% kernel
07-14 13:33:50.824  2179  2192 E ActivityManager:   0.2% 1724/kworker/3:1H: 0% user + 0.2% kernel
07-14 13:33:50.824  2179  2192 E ActivityManager:   0.2% 28/rcuop/2: 0% user + 0.2% kernel
07-14 13:33:50.824  2179  2192 E ActivityManager:   0.2% 1735/logd: 0.1% user + 0% kernel / faults: 44 minor
07-14 13:33:50.824  2179  2192 E ActivityManager:   0.2% 2256/sdcard: 0% user + 0.1% kernel / faults: 16 minor
07-14 13:33:50.824  2179  2192 E ActivityManager:   0.1% 33/ksoftirqd/3: 0% user + 0.1% kernel
07-14 13:33:50.824  2179  2192 E ActivityManager:   0.1% 1733/jbd2/sdb3-8: 0% user + 0.1% kernel
07-14 13:33:50.824  2179  2192 E ActivityManager:   0.1% 2556/cameraserver: 0% user + 0% kernel / faults: 413 minor 8 major
07-14 13:33:50.824  2179  2192 E ActivityManager:   0% 20/rcuop/1: 0% user + 0% kernel
07-14 13:33:50.824  2179  2192 E ActivityManager:   0% 36/rcuop/3: 0% user + 0% kernel
07-14 13:33:50.824  2179  2192 E ActivityManager:   0% 1874/servicemanager: 0% user + 0% kernel
07-14 13:33:50.824  2179  2192 E ActivityManager:   0% 2360/com.android.settings: 0% user + 0% kernel / faults: 176 minor 1 major
07-14 13:33:50.824  2179  2192 E ActivityManager:   0% 792/kworker/u8:4: 0% user + 0% kernel
07-14 13:33:50.824  2179  2192 E ActivityManager:   0% 1873/lmkd: 0% user + 0% kernel
07-14 13:33:50.824  2179  2192 E ActivityManager:   0% 2297/wpa_supplicant: 0% user + 0% kernel / faults: 1 minor
07-14 13:33:50.824  2179  2192 E ActivityManager:  +0% 2579/android.process.media: 0% user + 0% kernel
07-14 13:33:50.824  2179  2192 E ActivityManager:  +0% 2597/com.android.keychain: 0% user + 0% kernel
07-14 13:33:50.824  2179  2192 E ActivityManager:  +0% 2612/com.android.launcher3: 0% user + 0% kernel
07-14 13:33:50.824  2179  2192 E ActivityManager:  +0% 2630/com.android.printspooler: 0% user + 0% kernel
07-14 13:33:50.824  2179  2192 E ActivityManager:  +0% 2687/com.android.providers.calendar: 0% user + 0% kernel
07-14 13:33:50.824  2179  2192 E ActivityManager:  +0% 2734/com.facebook.katana: 0% user + 0% kernel
07-14 13:33:50.824  2179  2192 E ActivityManager:  +0% 2741/com.google.android.gms: 0% user + 0% kernel
07-14 13:33:50.824  2179  2192 E ActivityManager:  +0% 2927/su: 0% user + 0% kernel
07-14 13:33:50.824  2179  2192 E ActivityManager:  +0% 2930/app_process: 0% user + 0% kernel
07-14 13:33:50.824  2179  2192 E ActivityManager:  +0% 2951/com.google.android.webview:webview_service: 0% user + 0% kernel
07-14 13:33:50.824  2179  2192 E ActivityManager:  +0% 2975/com.google.process.gapps: 0% user + 0% kernel
07-14 13:33:50.824  2179  2192 E ActivityManager:  +0% 3051/com.android.managedprovisioning: 0% user + 0% kernel
07-14 13:33:50.824  2179  2192 E ActivityManager:  +0% 3064/com.android.carrierconfig: 0% user + 0% kernel
07-14 13:33:50.824  2179  2192 E ActivityManager:  +0% 3083/com.android.onetimeinitializer: 0% user + 0% kernel
07-14 13:33:50.824  2179  2192 E ActivityManager:  +0% 3117/zygote: 0% user + 0% kernel
07-14 13:33:50.824  2179  2192 E ActivityManager: 91% TOTAL: 3.6% user + 5.7% kernel + 81% iowait + 0% irq + 0.2% softirq
07-14 13:33:50.824  2179  2192 E ActivityManager: CPU usage from 53978ms to 53978ms ago (1970-01-01 03:00:00.000 to 1970-01-01 03:00:00.000) with 0% awake:
07-14 13:33:50.824  2179  2192 E ActivityManager: 0% TOTAL: 0% user + 0% kernel
07-14 13:33:50.825  2179  2192 I ActivityManager: Killing 2741:com.google.android.gms/u0a11 (adj 0): bg anr
07-14 13:33:50.825  2179  2192 W ActivityManager: Timeout executing service: ServiceRecord{e6a107c u0 com.google.android.gms/.fitness.sync.FitnessSyncAdapterService}
07-14 13:33:50.846  2179  2192 I Process : Sending signal. PID: 2543 SIG: 3
07-14 13:33:50.846  2543  2549 I chatty  : uid=10011(com.google.android.gms) expire 3 lines
07-14 13:33:50.897  1878  3121 I art     : Starting a blocking GC HeapTrim
07-14 13:33:50.918  2543  3143 I chatty  : uid=10011(com.google.android.gms) expire 3 lines
07-14 13:33:50.934  2179  2179 I ActivityManager: Start proc 3151:com.google.android.webview:webview_apk/u0a41 for service com.google.android.webview/org.chromium.android_webview.nonembedded.AwComponentUpdateService
07-14 13:33:51.082  2179  2194 E libprocessgroup: failed to kill 1 processes for processgroup 2741
07-14 13:33:51.164  3151  3151 W art     : Unexpected CPU variant for X86 using defaults: x86
07-14 13:33:51.194  2179  2237 D NotificationSQLiteLog: Pruned event entries: 0
07-14 13:33:51.389  2543  2553 I chatty  : uid=10011(com.google.android.gms) expire 2 lines
07-14 13:33:51.418  2543  3167 I chatty  : uid=10011(com.google.android.gms) expire 1 line
07-14 13:33:51.489  3117  3117 I chatty  : uid=10042 com.facebook.katana:fwkstartlog expire 7 lines
07-14 13:33:51.791  2734  3015 I chatty  : uid=10042(com.facebook.katana) expire 19 lines
07-14 13:33:51.847  2179  2192 E ActivityManager: ANR in com.google.android.gms.persistent
07-14 13:33:51.847  2179  2192 E ActivityManager: PID: 2543
07-14 13:33:51.847  2179  2192 E ActivityManager: Reason: executing service com.google.android.gms/.fitness.sync.FitnessSyncAdapterService
07-14 13:33:51.847  2179  2192 E ActivityManager: Load: 0.0 / 0.0 / 0.0
07-14 13:33:51.847  2179  2192 E ActivityManager: CPU usage from 25206ms to 1333ms ago (2024-07-14 13:33:23.953 to 2024-07-14 13:33:49.513):
07-14 13:33:51.847  2179  2192 E ActivityManager:   6.9% 1878/zygote: 1.8% user + 5% kernel / faults: 10434 minor
07-14 13:33:51.847  2179  2192 E ActivityManager:   3.4% 2179/system_server: 1.7% user + 1.7% kernel / faults: 5871 minor 18 major
07-14 13:33:51.847  2179  2192 E ActivityManager:   2.1% 2543/com.google.android.gms.persistent: 0.8% user + 1.2% kernel / faults: 4432 minor 765 major
07-14 13:33:51.847  2179  2192 E ActivityManager:   1.7% 2251/com.android.systemui: 0.3% user + 1.3% kernel / faults: 12483 minor 16 major
07-14 13:33:51.847  2179  2192 E ActivityManager:   0.7% 1875/surfaceflinger: 0% user + 0.6% kernel / faults: 19 minor
07-14 13:33:51.847  2179  2192 E ActivityManager:   0.6% 2557/android.process.acore: 0.4% user + 0.2% kernel / faults: 1931 minor 23 major
07-14 13:33:51.847  2179  2192 E ActivityManager:   0.6% 1888/netd: 0% user + 0.5% kernel / faults: 371 minor
07-14 13:33:51.847  2179  2192 E ActivityManager:   0.2% 2299/com.android.phone: 0.2% user + 0% kernel / faults: 257 minor 5 major
07-14 13:33:51.847  2179  2192 E ActivityManager:   0.2% 7/rcu_preempt: 0% user + 0.2% kernel
07-14 13:33:51.847  2179  2192 E ActivityManager:   0.2% 10/rcuop/0: 0% user + 0.2% kernel
07-14 13:33:51.847  2179  2192 E ActivityManager:   0.2% 1724/kworker/3:1H: 0% user + 0.2% kernel
07-14 13:33:51.847  2179  2192 E ActivityManager:   0.2% 28/rcuop/2: 0% user + 0.2% kernel
07-14 13:33:51.847  2179  2192 E ActivityManager:   0.2% 1735/logd: 0.1% user + 0% kernel / faults: 44 minor
07-14 13:33:51.847  2179  2192 E ActivityManager:   0.2% 2256/sdcard: 0% user + 0.1% kernel / faults: 16 minor
07-14 13:33:51.847  2179  2192 E ActivityManager:   0.1% 33/ksoftirqd/3: 0% user + 0.1% kernel
07-14 13:33:51.847  2179  2192 E ActivityManager:   0.1% 1733/jbd2/sdb3-8: 0% user + 0.1% kernel
07-14 13:33:51.847  2179  2192 E ActivityManager:   0.1% 2556/cameraserver: 0% user + 0% kernel / faults: 413 minor 8 major
07-14 13:33:51.847  2179  2192 E ActivityManager:   0% 20/rcuop/1: 0% user + 0% kernel
07-14 13:33:51.847  2179  2192 E ActivityManager:   0% 36/rcuop/3: 0% user + 0% kernel
07-14 13:33:51.847  2179  2192 E ActivityManager:   0% 1874/servicemanager: 0% user + 0% kernel
07-14 13:33:51.847  2179  2192 E ActivityManager:   0% 2360/com.android.settings: 0% user + 0% kernel / faults: 176 minor 1 major
07-14 13:33:51.847  2179  2192 E ActivityManager:   0% 792/kworker/u8:4: 0% user + 0% kernel
07-14 13:33:51.847  2179  2192 E ActivityManager:   0% 1873/lmkd: 0% user + 0% kernel
07-14 13:33:51.847  2179  2192 E ActivityManager:   0% 2297/wpa_supplicant: 0% user + 0% kernel / faults: 1 minor
07-14 13:33:51.847  2179  2192 E ActivityManager:  +0% 2579/android.process.media: 0% user + 0% kernel
07-14 13:33:51.847  2179  2192 E ActivityManager:  +0% 2597/com.android.keychain: 0% user + 0% kernel
07-14 13:33:51.847  2179  2192 E ActivityManager:  +0% 2612/com.android.launcher3: 0% user + 0% kernel
07-14 13:33:51.847  2179  2192 E ActivityManager:  +0% 2630/com.android.printspooler: 0% user + 0% kernel
07-14 13:33:51.847  2179  2192 E ActivityManager:  +0% 2687/com.android.providers.calendar: 0% user + 0% kernel
07-14 13:33:51.847  2179  2192 E ActivityManager:  +0% 2734/com.facebook.katana: 0% user + 0% kernel
07-14 13:33:51.847  2179  2192 E ActivityManager:  +0% 2741/com.google.android.gms: 0% user + 0% kernel
07-14 13:33:51.847  2179  2192 E ActivityManager:  +0% 2927/su: 0% user + 0% kernel
07-14 13:33:51.847  2179  2192 E ActivityManager:  +0% 2930/app_process: 0% user + 0% kernel
07-14 13:33:51.847  2179  2192 E ActivityManager:  +0% 2951/com.google.android.webview:webview_service: 0% user + 0% kernel
07-14 13:33:51.847  2179  2192 E ActivityManager:  +0% 2975/com.google.process.gapps: 0% user + 0% kernel
07-14 13:33:51.847  2179  2192 E ActivityManager:  +0% 3051/com.android.managedprovisioning: 0% user + 0% kernel
07-14 13:33:51.847  2179  2192 E ActivityManager:  +0% 3064/com.android.carrierconfig: 0% user + 0% kernel
07-14 13:33:51.847  2179  2192 E ActivityManager:  +0% 3083/com.android.onetimeinitializer: 0% user + 0% kernel
07-14 13:33:51.847  2179  2192 E ActivityManager:  +0% 3117/zygote: 0% user + 0% kernel
07-14 13:33:51.847  2179  2192 E ActivityManager: 91% TOTAL: 3.6% user + 5.7% kernel + 81% iowait + 0% irq + 0.2% softirq
07-14 13:33:51.847  2179  2192 E ActivityManager: CPU usage from 55311ms to 55311ms ago (1970-01-01 03:00:00.000 to 1970-01-01 03:00:00.000) with 0% awake:
07-14 13:33:51.847  2179  2192 E ActivityManager: 0% TOTAL: 0% user + 0% kernel
07-14 13:33:51.847  2179  2192 I ActivityManager: Killing 2543:com.google.android.gms.persistent/u0a11 (adj 0): bg anr
07-14 13:33:51.911  3151  3151 I cr_WebViewApkApp: Launched version=119.0.6045.193 minSdkVersion=1 isBundle=true processName=com.google.android.webview:webview_apk
07-14 13:33:51.931  3151  3151 I LoadedApk: No resource references to update in package com.google.android.webview_translations
07-14 13:33:51.986  2612  2718 I ActivityThread: Removing dead content provider:android.content.ContentProviderProxy@c8581ee
07-14 13:33:51.987  2612  2718 I ActivityThread: Removing dead content provider:android.content.ContentProviderProxy@c8581ee
07-14 13:33:51.987  2179  2596 D ActivityManager: cleanUpApplicationRecord -- 2543
07-14 13:33:51.987  2179  2596 W ActivityManager: Scheduling restart of crashed service com.google.android.gms/.fitness.sync.FitnessSyncAdapterService in 1000ms
07-14 13:33:51.987  2179  2596 W ActivityManager: Scheduling restart of crashed service com.google.android.gms/.location.geocode.GeocodeService in 11000ms
07-14 13:33:51.987  2179  2596 W ActivityManager: Scheduling restart of crashed service com.google.android.gms/com.google.android.location.network.NetworkLocationService in 21000ms
07-14 13:33:51.987  2179  2596 W ActivityManager: Scheduling restart of crashed service com.google.android.gms/com.google.android.location.reporting.service.ReportingSyncService in 31000ms
07-14 13:33:51.987  2179  2596 W ActivityManager: Scheduling restart of crashed service com.google.android.gms/com.google.android.location.fused.FusedLocationService in 41000ms
07-14 13:33:51.987  2179  2596 W ActivityManager: Scheduling restart of crashed service com.google.android.gms/.backup.BackupTransportService in 51000ms
07-14 13:33:51.987  2179  2596 W ActivityManager: Scheduling restart of crashed service com.google.android.gms/com.google.android.location.internal.GoogleLocationManagerService in 61000ms
07-14 13:33:51.987  2179  2596 W ActivityManager: Scheduling restart of crashed service com.google.android.gms/com.google.android.location.internal.server.HardwareArProviderService in 71000ms
07-14 13:33:51.987  2179  2596 W ActivityManager: Scheduling restart of crashed service com.google.android.gms/.chimera.PersistentDirectBootAwareApiService in 81000ms
07-14 13:33:52.016  3184  3184 I chatty  : uid=10011 com.google.android.gms.persistent expire 78 lines
07-14 13:33:52.017  2179  2192 I ActivityManager: Start proc 3184:com.google.android.gms.persistent/u0a11 for broadcast com.google.android.gms/.stats.service.DropBoxEntryAddedReceiver
07-14 13:33:52.017  2179  2461 D ActivityManager: cleanUpApplicationRecord -- 2741
07-14 13:33:52.017  2179  2461 W ActivityManager: Scheduling restart of crashed service com.google.android.gms/.ads.identifier.service.AdvertisingIdService in 90970ms
07-14 13:33:52.017  2179  2461 W ActivityManager: Scheduling restart of crashed service com.google.android.gms/.chimera.GmsBoundBrokerService in 100970ms
07-14 13:33:52.017  2179  2461 W ActivityManager: Scheduling restart of crashed service com.google.android.gms/.reminders.sync.RemindersSyncService in 110970ms
07-14 13:33:52.017  2179  2461 W ActivityManager: Scheduling restart of crashed service com.google.android.gms/.people.sync.PeopleSyncService in 120970ms
07-14 13:33:52.092  3151  3151 I cr_LibraryLoader: Successfully loaded native library
07-14 13:33:52.161  3117  3205 I chatty  : uid=10042 com.facebook.katana:fwkstartlog expire 10 lines
07-14 13:33:52.162  3117  3206 I chatty  : uid=10042 com.facebook.katana:fwkstartlog expire 10 lines
07-14 13:33:52.162  3117  3208 I chatty  : uid=10042 com.facebook.katana:fwkstartlog expire 16 lines
07-14 13:33:52.162  3117  3207 I chatty  : uid=10042 com.facebook.katana:fwkstartlog expire 11 lines
07-14 13:33:52.164  3117  3209 I chatty  : uid=10042 com.facebook.katana:fwkstartlog expire 3 lines
07-14 13:33:52.165  3117  3210 I chatty  : uid=10042 com.facebook.katana:fwkstartlog expire 19 lines
07-14 13:33:52.300  3151  3200 D NetworkSecurityConfig: No Network Security Config specified, using platform default
07-14 13:33:52.466  3117  3221 I chatty  : uid=10042 com.facebook.katana:fwkstartlog expire 1 line
07-14 13:33:52.477  3117  3222 I chatty  : uid=10042 com.facebook.katana:fwkstartlog expire 1 line
07-14 13:33:52.852  2612  2718 W System  : ClassLoader referenced unknown path: 
07-14 13:33:52.873  2612  2718 D ApplicationLoaders: ignored Vulkan layer search path /data/app/com.google.android.gms-1/lib/x86:/data/app/com.google.android.gms-1/base.apk!/lib/x86:/data/app/com.google.android.gms-1/split_config.ru.apk!/lib/x86:/data/app/com.google.android.gms-1/split_config.xhdpi.apk!/lib/x86 for namespace 0xd760e0d0
07-14 13:33:52.874  3184  3239 I chatty  : uid=10011(com.google.android.gms) highpool[2] expire 11 lines
07-14 13:33:52.902  2612  2718 W ResourceType: ResTable_typeSpec entry count inconsistent: given 98, previously 101
07-14 13:33:52.919  2612  2718 W ResourceType: ResTable_typeSpec entry count inconsistent: given 3356, previously 3376
07-14 13:33:52.919  2612  2718 W ResourceType: ResTable_typeSpec entry count inconsistent: given 494, previously 4744
07-14 13:33:53.048  2612  2718 W System  : ClassLoader referenced unknown path: /data/user_de/0/com.google.android.gms/app_chimera/m/00000013/n/x86
07-14 13:33:53.048  2612  2718 W System  : ClassLoader referenced unknown path: /data/user_de/0/com.google.android.gms/app_chimera/m/00000013/n/armeabi-v7a
07-14 13:33:53.048  2612  2718 W System  : ClassLoader referenced unknown path: /data/user_de/0/com.google.android.gms/app_chimera/m/00000013/n/armeabi
07-14 13:33:53.368  3184  3196 I chatty  : uid=10011(com.google.android.gms) Binder:3184_2 expire 14 lines
07-14 13:33:53.477  3184  3246 I chatty  : uid=10011 com.google.android.gms.persistent expire 70 lines
07-14 13:33:54.237  2612  3249 W art     : Long monitor contention with owner ScionFrontendApi (2718) at java.lang.Object m.on.b()(:com.google.android.gms.dynamite_measurementdynamite@242335016@24.23.35 (040700-0):18) waiters=0 in java.lang.Object m.on.b() for 1.059s
07-14 13:33:54.244  2612  3249 I FA      : App measurement initialized, version: 95014
07-14 13:33:54.244  2612  3249 I FA      : To enable debug logging run: adb shell setprop log.tag.FA VERBOSE
07-14 13:33:54.245  2612  3249 I FA      : To enable faster debug mode event logging run:
07-14 13:33:54.245  2612  3249 I FA      :   adb shell setprop debug.firebase.analytics.app com.android.launcher3
07-14 13:33:54.561  2612  3249 W ContextImpl: Calling a method in the system process without a qualified user: android.app.ContextImpl.bindService:1435 android.content.ContextWrapper.bindService:636 m.bu.d:110 m.bf.d:36 m.aw.c:183 
07-14 13:33:54.603  3286  3286 I chatty  : uid=10011(com.google.android.gms) expire 21 lines
07-14 13:33:54.603  2179  2316 I ActivityManager: Start proc 3286:com.google.android.gms/u0a11 for service com.google.android.gms/.measurement.service.MeasurementBrokerService
07-14 13:33:54.837  2612  3249 I FA      : Tag Manager is not found and thus will not be used
07-14 13:33:55.231  3184  3301 I chatty  : uid=10011 com.google.android.gms.persistent expire 1 line
07-14 13:33:55.926  3286  3338 I chatty  : uid=10011(com.google.android.gms) expire 5 lines
07-14 13:33:56.165  2734  3345 I chatty  : uid=10042(com.facebook.katana) expire 17 lines
07-14 13:33:56.173  2734  3175 I chatty  : uid=10042(com.facebook.katana) CombinedTP5 expire 47 lines
07-14 13:33:56.179  2179  2192 W BroadcastQueue: Permission Denial: broadcasting Intent { act=android.net.conn.CONNECTIVITY_CHANGE flg=0x4000010 (has extras) } from null (pid=-1, uid=-1) requires com.facebook.permission.prod.FB_APP_COMMUNICATION due to registered receiver BroadcastFilter{d90d426 u0 ReceiverList{cd03b81 2734 com.facebook.katana/10042/u0 remote:f778b68}}
07-14 13:33:56.315  3184  3323 I chatty  : uid=10011 com.google.android.gms.persistent expire 18 lines
07-14 13:33:56.429  2734  2754 I chatty  : uid=10042(com.facebook.katana) FinalizerDaemon expire 1 line
07-14 13:33:56.556  3286  3297 I chatty  : uid=10011(com.google.android.gms) Binder:3286_1 expire 4 lines
07-14 13:33:56.557  2179  2179 V BackupManagerService: Connected to transport ComponentInfo{com.google.android.gms/com.google.android.gms.backup.BackupTransportService}
07-14 13:33:56.558  2179  2179 V BackupManagerService: Registering transport com.google.android.gms/.backup.BackupTransportService::com.google.android.gms/.backup.BackupTransportService = com.android.internal.backup.IBackupTransport$Stub$Proxy@dcc92d6
07-14 13:33:56.980  2734  3331 I chatty  : uid=10042(com.facebook.katana) Analytics-Norma expire 2 lines
07-14 13:33:57.500  3286  3296 I chatty  : uid=10011(com.google.android.gms) HeapTaskDaemon expire 4 lines
07-14 13:33:57.508  2179  2191 W JobInfo : Specified flex for 101747 is +57m36s0ms. Clamped to +1h12m0s0ms
07-14 13:33:57.757  3286  3369 I chatty  : uid=10011(com.google.android.gms) expire 5 lines
07-14 13:33:57.791  2612  3249 I FA      : Application backgrounded at: timestamp_millis: 1720953235657
07-14 13:33:57.851  3184  3194 I chatty  : uid=10011(com.google.android.gms) HeapTaskDaemon expire 6 lines
07-14 13:33:58.417  2179  2316 W ActivityManager: Slow operation: 135ms so far, now at startProcess: returned from zygote!
07-14 13:33:58.417  2179  2316 W ActivityManager: Slow operation: 135ms so far, now at startProcess: done updating battery stats
07-14 13:33:58.417  2179  2316 W ActivityManager: Slow operation: 135ms so far, now at startProcess: building log message
07-14 13:33:58.417  2179  2316 I ActivityManager: Start proc 3390:com.facebook.katana:videoplayer/u0a42 for service com.facebook.katana/com.facebook.video.heroplayer.service.HeroService
07-14 13:33:58.417  2179  2316 W ActivityManager: Slow operation: 135ms so far, now at startProcess: starting to update pids map
07-14 13:33:58.417  2179  2316 W ActivityManager: Slow operation: 135ms so far, now at startProcess: done updating pids map
07-14 13:33:58.417  2179  2316 W ActivityManager: Slow operation: 135ms so far, now at startProcess: done starting proc!
07-14 13:33:58.418  2734  3364 I chatty  : uid=10042(com.facebook.katana) expire 1 line
07-14 13:33:58.649  3390  3390 I chatty  : uid=10042 com.facebook.katana:videoplayer expire 7 lines
07-14 13:33:58.856  3184  3358 I chatty  : uid=10011(com.google.android.gms) FlpThread expire 1 line
07-14 13:33:58.857  2179  2192 W BroadcastQueue: Permission Denial: broadcasting Intent { act=android.net.wifi.STATE_CHANGE flg=0x4000010 (has extras) } from null (pid=-1, uid=-1) requires com.google.android.gms.DYNAMIC_RECEIVER_NOT_EXPORTED_PERMISSION due to registered receiver BroadcastFilter{9e01bb3 u0 ReceiverList{9aae522 3184 com.google.android.gms.persistent/10011/u0 remote:ecc42ed}}
07-14 13:33:59.120  3390  3414 I chatty  : uid=10042 com.facebook.katana:videoplayer expire 25 lines
07-14 13:33:59.122  3390  3415 I chatty  : uid=10042 com.facebook.katana:videoplayer expire 19 lines
07-14 13:33:59.123  3390  3416 I chatty  : uid=10042 com.facebook.katana:videoplayer expire 10 lines
07-14 13:33:59.124  3390  3418 I chatty  : uid=10042 com.facebook.katana:videoplayer expire 15 lines
07-14 13:33:59.124  3390  3417 I chatty  : uid=10042 com.facebook.katana:videoplayer expire 10 lines
07-14 13:33:59.125  3390  3420 I chatty  : uid=10042 com.facebook.katana:videoplayer expire 3 lines
07-14 13:33:59.156  3117  3213 I chatty  : uid=10042(com.facebook.katana) FileObserver expire 1 line
07-14 13:33:59.428  3184  3195 I chatty  : uid=10011(com.google.android.gms) Binder:3184_1 expire 16 lines
07-14 13:33:59.529  2179  2179 D SystemServer: locale: language=null, country=null, timezone=Africa/Nairobi
07-14 13:33:59.530  2299  2299 I VvmSimChangeReceiver: Received SIM change for invalid subscription id.
07-14 13:33:59.530  2930  2930 D AndroidRuntime: Shutting down VM
07-14 13:33:59.589  2299  3423 D SIP     : [SipPreferences] isReceivingCallsEnabled, option not set; use default value, exception: android.provider.Settings$SettingNotFoundException: sip_receive_calls
07-14 13:33:59.670  3184  3427 I chatty  : uid=10011 com.google.android.gms.persistent expire 1 line
07-14 13:33:59.770  2179  2191 W JobInfo : Specified flex for 100287 is +57m36s0ms. Clamped to +1h12m0s0ms
07-14 13:33:59.929  3426  3426 D AndroidRuntime: >>>>>> START com.android.internal.os.RuntimeInit uid 0 <<<<<<
07-14 13:34:00.203  3426  3426 D AndroidRuntime: CheckJNI is OFF
07-14 13:34:00.205  3390  3435 I chatty  : uid=10042 com.facebook.katana:videoplayer expire 1 line
07-14 13:34:00.312  3426  3426 D ICU     : No timezone override file found: /data/misc/zoneinfo/current/icu/icu_tzdata.dat
07-14 13:34:00.318  3184  3440 I chatty  : uid=10011(com.google.android.gms) highpool[5] expire 4 lines
07-14 13:34:00.319  3426  3426 W art     : Unexpected CPU variant for X86 using defaults: x86
07-14 13:34:00.459  3184  3428 I chatty  : uid=10011(com.google.android.gms) GoogleLocationS expire 31 lines
07-14 13:34:00.558  3426  3426 D         : houdini no need remount
07-14 13:34:00.565  3184  3242 I chatty  : uid=10011(com.google.android.gms) GoogleApiHandle expire 1 line
07-14 13:34:00.579  3426  3426 E memtrack: Couldn't load memtrack module (No such file or directory)
07-14 13:34:00.579  3426  3426 E android.os.Debug: failed to load memtrack module: -2
07-14 13:34:00.579  3426  3426 I Radio-JNI: register_android_hardware_Radio DONE
07-14 13:34:00.586  3426  3426 D AndroidRuntime: Calling main entry com.android.commands.settings.SettingsCmd
07-14 13:34:00.588  3426  3426 D AndroidRuntime: Shutting down VM
07-14 13:34:01.060  3460  3460 D AndroidRuntime: >>>>>> START com.android.internal.os.RuntimeInit uid 0 <<<<<<
07-14 13:34:01.122  3390  3413 I chatty  : uid=10042 com.facebook.katana:videoplayer expire 1 line
07-14 13:34:01.295  3460  3460 D AndroidRuntime: CheckJNI is OFF
07-14 13:34:01.451  3460  3460 D ICU     : No timezone override file found: /data/misc/zoneinfo/current/icu/icu_tzdata.dat
07-14 13:34:01.455  3460  3460 W art     : Unexpected CPU variant for X86 using defaults: x86
07-14 13:34:01.538  3460  3460 D         : houdini no need remount
07-14 13:34:01.539  1878  3394 I art     : Starting a blocking GC HeapTrim
07-14 13:34:01.572  2179  2316 I ActivityManager: Start proc 3468:com.google.android.gms.unstable/u0a11 for service com.google.android.gms/.droidguard.DroidGuardService
07-14 13:34:01.575  3460  3460 E memtrack: Couldn't load memtrack module (No such file or directory)
07-14 13:34:01.575  3460  3460 E android.os.Debug: failed to load memtrack module: -2
07-14 13:34:01.575  3468  3468 I chatty  : uid=10011 com.google.android.gms.unstable expire 11 lines
07-14 13:34:01.576  3460  3460 I Radio-JNI: register_android_hardware_Radio DONE
07-14 13:34:01.586  3460  3460 D AndroidRuntime: Calling main entry com.android.commands.am.Am
07-14 13:34:01.588  3460  3460 D AndroidRuntime: Shutting down VM
07-14 13:34:01.783  3184  3409 I chatty  : uid=10011 com.google.android.gms.persistent expire 10 lines
07-14 13:34:01.795  3390  3411 I chatty  : uid=10042 com.facebook.katana:videoplayer expire 1 line
07-14 13:34:01.993  3485  3485 D AndroidRuntime: >>>>>> START com.android.internal.os.RuntimeInit uid 0 <<<<<<
07-14 13:34:02.230  3485  3485 D AndroidRuntime: CheckJNI is OFF
07-14 13:34:02.353  3485  3485 D ICU     : No timezone override file found: /data/misc/zoneinfo/current/icu/icu_tzdata.dat
07-14 13:34:02.360  3485  3485 W art     : Unexpected CPU variant for X86 using defaults: x86
07-14 13:34:02.505  3485  3485 D         : houdini no need remount
07-14 13:34:02.514  3485  3485 E memtrack: Couldn't load memtrack module (No such file or directory)
07-14 13:34:02.514  3485  3485 E android.os.Debug: failed to load memtrack module: -2
07-14 13:34:02.515  3485  3485 I Radio-JNI: register_android_hardware_Radio DONE
07-14 13:34:02.528  3485  3485 D AndroidRuntime: Calling main entry com.android.commands.settings.SettingsCmd
07-14 13:34:02.530  3485  3485 D AndroidRuntime: Shutting down VM
07-14 13:34:02.557  3286  3376 I chatty  : uid=10011(com.google.android.gms) Binder:3286_4 expire 1 line
07-14 13:34:02.674  2179  2213 D Sensors : Client connection accepted (192)
07-14 13:34:02.750  3468  3521 I chatty  : uid=10011(com.google.android.gms) highpool[0] expire 3 lines
07-14 13:34:02.801  3468  3480 I chatty  : uid=10011(com.google.android.gms) Binder:3468_2 expire 2 lines
07-14 13:34:03.383  3550  3550 D AndroidRuntime: >>>>>> START com.android.internal.os.RuntimeInit uid 0 <<<<<<
07-14 13:34:03.618  3550  3550 D AndroidRuntime: CheckJNI is OFF
07-14 13:34:03.794  3550  3550 D ICU     : No timezone override file found: /data/misc/zoneinfo/current/icu/icu_tzdata.dat
07-14 13:34:03.801  3550  3550 W art     : Unexpected CPU variant for X86 using defaults: x86
07-14 13:34:03.941  3286  3298 I chatty  : uid=10011(com.google.android.gms) Binder:3286_2 expire 5 lines
07-14 13:34:04.001  3550  3550 D         : houdini no need remount
07-14 13:34:04.013  3550  3550 E memtrack: Couldn't load memtrack module (No such file or directory)
07-14 13:34:04.013  3550  3550 E android.os.Debug: failed to load memtrack module: -2
07-14 13:34:04.014  3550  3550 I Radio-JNI: register_android_hardware_Radio DONE
07-14 13:34:04.020  3550  3550 D AndroidRuntime: Calling main entry com.android.commands.svc.Svc
07-14 13:34:04.020  2179  3182 D WifiService: setWifiEnabled: true pid=3550, uid=0
07-14 13:34:04.020  3550  3550 D AndroidRuntime: Shutting down VM
07-14 13:34:04.575  3184  3486 I chatty  : uid=10011(com.google.android.gms) netscheduler-qu expire 3 lines
07-14 13:34:04.853  2179  2574 W art     : Long monitor contention with owner Binder:2179_2 (2190) at void com.android.server.accounts.AccountManagerService.setUserData(android.accounts.Account, java.lang.String, java.lang.String)(AccountManagerService.java:2184) waiters=0 in android.accounts.Account[] com.android.server.accounts.AccountManagerService.getAccountsInternal(com.android.server.accounts.AccountManagerService$UserAccounts, int, java.lang.String, java.util.List) for 418ms
07-14 13:34:05.023  3468  3531 I chatty  : uid=10011 com.google.android.gms.unstable expire 12 lines
07-14 13:34:05.239  3184  3356 I chatty  : uid=10011(com.google.android.gms) Binder:3184_3 expire 11 lines
07-14 13:34:05.264  3184  3562 I chatty  : uid=10011(com.google.android.gms) CronetInit expire 3 lines
07-14 13:34:05.272  3468  3567 I chatty  : uid=10011(com.google.android.gms) CronetInit expire 3 lines
07-14 13:34:06.489  3286  3286 I chatty  : uid=10011(com.google.android.gms) expire 36 lines
07-14 13:34:06.778  3184  3184 I chatty  : uid=10011 com.google.android.gms.persistent expire 13 lines
07-14 13:34:06.794  3184  3511 I chatty  : uid=10011 com.google.android.gms.persistent expire 2 lines
07-14 13:34:06.938  2179  2191 D SyncManager: failed sync operation JobId: 108259, prosin.stepan2001@gmail.com u0 (com.google), com.google.android.location.reporting, PERIODIC, reason: Periodic, SyncResult: stats [ numIoExceptions: 1]
07-14 13:34:07.197  2179  2316 W art     : Long monitor contention with owner Binder:2179_4 (2376) at void com.android.server.accounts.AccountManagerService.setUserData(android.accounts.Account, java.lang.String, java.lang.String)(AccountManagerService.java:2184) waiters=0 in boolean com.android.server.accounts.AccountManagerService.saveAuthTokenToDatabase(com.android.server.accounts.AccountManagerService$UserAccounts, android.accounts.Account, java.lang.String, java.lang.String) for 361ms
07-14 13:34:07.201  3286  3354 I chatty  : uid=10011(com.google.android.gms) highpool[2] expire 9 lines
07-14 13:34:07.225  3286  3587 I chatty  : uid=10011(com.google.android.gms) pool-40-thread- expire 152 lines
07-14 13:34:07.236  3184  3248 I chatty  : uid=10011 com.google.android.gms.persistent expire 11 lines
07-14 13:34:07.412  3286  3588 I chatty  : uid=10011(com.google.android.gms) CronetInit expire 3 lines
07-14 13:34:08.140  3286  3355 I chatty  : uid=10011(com.google.android.gms) GoogleApiHandle expire 1 line
07-14 13:34:08.602  3286  3386 I chatty  : uid=10011(com.google.android.gms) expire 10 lines
07-14 13:34:08.832  3184  3422 I chatty  : uid=10011(com.google.android.gms) Binder:3184_4 expire 13 lines
07-14 13:34:08.995  3286  3441 I chatty  : uid=10011(com.google.android.gms) expire 9 lines
07-14 13:34:09.062  3184  3250 I chatty  : uid=10011(com.google.android.gms) lowpool[1] expire 3 lines
07-14 13:34:09.350  3286  3591 I chatty  : uid=10011(com.google.android.gms) ChromiumNet expire 10 lines
07-14 13:34:10.122  3184  3607 I chatty  : uid=10011(com.google.android.gms) lowpool[6] expire 19 lines
07-14 13:34:10.152  2179  2228 W WifiMode: WiredSSID, Invalid SupportedRates!!!
07-14 13:34:10.152  2179  2230 W WifiMode: WiredSSID, Invalid SupportedRates!!!
07-14 13:34:10.152  2179  2228 W WifiMode: WiredSSID, Invalid SupportedRates!!!
07-14 13:34:10.565  3286  3346 I chatty  : uid=10011(com.google.android.gms) expire 46 lines
07-14 13:34:11.045  3184  3321 I chatty  : uid=10011 com.google.android.gms.persistent expire 28 lines
07-14 13:34:11.704  3468  3546 I chatty  : uid=10011(com.google.android.gms) Binder:3468_3 expire 5 lines
07-14 13:34:14.673  2734  3019 I chatty  : uid=10042(com.facebook.katana) Liger-EventBase expire 1 line
07-14 13:34:16.470  2734  3037 I chatty  : uid=10042(com.facebook.katana) pool-7-thread-1 expire 1 line
07-14 13:34:16.470  2734  2999 I chatty  : uid=10042(com.facebook.katana) CombinedTP1 expire 2 lines
07-14 13:34:17.415  2734  2885 I chatty  : uid=10042(com.facebook.katana) pool-1-thread-1 expire 1 line
07-14 13:34:18.728  2299  2299 E PhoneInterfaceManager: [PhoneIntfMgr] getCarrierPackageNamesForIntent: No UICC
07-14 13:34:18.728  2299  2299 D CarrierSvcBindHelper: No carrier app for: 0
07-14 13:34:18.774  2179  2218 I InputReader: Reconfiguring input devices.  changes=0x00000010
07-14 13:34:18.779  2179  2179 W ResourceType: ResTable_typeSpec entry count inconsistent: given 98, previously 101
07-14 13:34:18.781  2179  2179 W ResourceType: ResTable_typeSpec entry count inconsistent: given 3356, previously 3376
07-14 13:34:18.781  2179  2179 W ResourceType: ResTable_typeSpec entry count inconsistent: given 494, previously 4744
07-14 13:34:18.821  2179  2191 W ResourceType: ResTable_typeSpec entry count inconsistent: given 98, previously 101
07-14 13:34:18.821  2179  2191 W ResourceType: ResTable_typeSpec entry count inconsistent: given 3356, previously 3376
07-14 13:34:18.821  2179  2191 W ResourceType: ResTable_typeSpec entry count inconsistent: given 494, previously 4744
07-14 13:34:18.831  2734  3048 I chatty  : uid=10042(com.facebook.katana) SimpleTigonCall expire 2 lines
07-14 13:34:18.831  2179  2191 W Searchables: No global search activity found
