07-13 23:36:19.721  1881  1915 D EmulatedCamera_Factory: We have host camera, restart camera server
07-13 23:36:19.742  1888  2323 D NuPlayerDriver: reset(0xd5fa8ae0) at state 3
07-13 23:36:19.742  1888  2323 D NuPlayerDriver: notifyListener_l(0xd5fa8ae0), (1, 0, 0), loop setting(0, 0)
07-13 23:36:19.742  1888  2323 D NuPlayerDriver: notifyListener_l(0xd5fa8ae0), (8, 0, 0), loop setting(0, 0)
07-13 23:36:19.742  1888  2558 W AMessage: failed to post message as target looper for handler 0 is gone.
07-13 23:36:19.742  1888  2558 D NuPlayerDriver: notifyResetComplete(0xd5fa8ae0)
07-13 23:36:19.742  1875  1875 I ServiceManager: service 'media.camera' died
07-13 23:36:19.747  1888  2569 W AMessage: failed to post message as target looper for handler 0 is gone.
07-13 23:36:19.749  1888  2569 W AMessage: failed to post message as target looper for handler 0 is gone.
07-13 23:36:19.751  2544  2544 W System  : ClassLoader referenced unknown path: /system/priv-app/MediaProvider/lib/x86
07-13 23:36:19.754  2544  2544 D ApplicationLoaders: ignored Vulkan layer search path /system/priv-app/MediaProvider/lib/x86:/system/priv-app/MediaProvider/MediaProvider.apk!/lib/x86:/system/lib:/vendor/lib for namespace 0xd74d5090
07-13 23:36:19.758  2250  2250 I StatusBar: isKeyguardShowing() called before startKeyguard(), returning true
07-13 23:36:19.760  2250  2250 W StatusBar: isKeyguardSecure() called before startKeyguard(), returning false
07-13 23:36:19.760  2250  2250 W StatusBar: java.lang.Throwable
07-13 23:36:19.760  2250  2250 W StatusBar: 	at com.android.systemui.statusbar.BaseStatusBar.isKeyguardSecure(BaseStatusBar.java:2663)
07-13 23:36:19.760  2250  2250 W StatusBar: 	at com.android.systemui.statusbar.BaseStatusBar.isCameraAllowedByAdmin(BaseStatusBar.java:2686)
07-13 23:36:19.760  2250  2250 W StatusBar: 	at com.android.systemui.statusbar.phone.KeyguardBottomAreaView.updateCameraVisibility(KeyguardBottomAreaView.java:309)
07-13 23:36:19.760  2250  2250 W StatusBar: 	at com.android.systemui.statusbar.phone.KeyguardBottomAreaView.setPhoneStatusBar(KeyguardBottomAreaView.java:272)
07-13 23:36:19.760  2250  2250 W StatusBar: 	at com.android.systemui.statusbar.phone.PhoneStatusBar.makeStatusBarView(PhoneStatusBar.java:909)
07-13 23:36:19.760  2250  2250 W StatusBar: 	at com.android.systemui.statusbar.phone.PhoneStatusBar.addStatusBarWindow(PhoneStatusBar.java:3467)
07-13 23:36:19.760  2250  2250 W StatusBar: 	at com.android.systemui.statusbar.phone.PhoneStatusBar.createAndAddWindows(PhoneStatusBar.java:3463)
07-13 23:36:19.760  2250  2250 W StatusBar: 	at com.android.systemui.statusbar.BaseStatusBar.start(BaseStatusBar.java:770)
07-13 23:36:19.760  2250  2250 W StatusBar: 	at com.android.systemui.statusbar.phone.PhoneStatusBar.start(PhoneStatusBar.java:687)
07-13 23:36:19.760  2250  2250 W StatusBar: 	at com.android.systemui.statusbar.SystemBars.createStatusBarFromConfig(SystemBars.java:106)
07-13 23:36:19.760  2250  2250 W StatusBar: 	at com.android.systemui.statusbar.SystemBars.onNoService(SystemBars.java:58)
07-13 23:36:19.760  2250  2250 W StatusBar: 	at com.android.systemui.statusbar.ServiceMonitor.startService(ServiceMonitor.java:230)
07-13 23:36:19.760  2250  2250 W StatusBar: 	at com.android.systemui.statusbar.ServiceMonitor.-wrap5(ServiceMonitor.java)
07-13 23:36:19.760  2250  2250 W StatusBar: 	at com.android.systemui.statusbar.ServiceMonitor$1.handleMessage(ServiceMonitor.java:73)
07-13 23:36:19.760  2250  2250 W StatusBar: 	at android.os.Handler.dispatchMessage(Handler.java:102)
07-13 23:36:19.760  2250  2250 W StatusBar: 	at android.os.Looper.loop(Looper.java:154)
07-13 23:36:19.760  2250  2250 W StatusBar: 	at android.app.ActivityThread.main(ActivityThread.java:6176)
07-13 23:36:19.760  2250  2250 W StatusBar: 	at java.lang.reflect.Method.invoke(Native Method)
07-13 23:36:19.760  2250  2250 W StatusBar: 	at com.android.internal.os.ZygoteInit$MethodAndArgsCaller.run(ZygoteInit.java:893)
07-13 23:36:19.760  2250  2250 W StatusBar: 	at com.android.internal.os.ZygoteInit.main(ZygoteInit.java:783)
07-13 23:36:19.769  2250  2250 I StatusBar: isKeyguardShowing() called before startKeyguard(), returning true
07-13 23:36:19.770  2250  2250 W StatusBar: isKeyguardSecure() called before startKeyguard(), returning false
07-13 23:36:19.770  2250  2250 W StatusBar: java.lang.Throwable
07-13 23:36:19.770  2250  2250 W StatusBar: 	at com.android.systemui.statusbar.BaseStatusBar.isKeyguardSecure(BaseStatusBar.java:2663)
07-13 23:36:19.770  2250  2250 W StatusBar: 	at com.android.systemui.statusbar.BaseStatusBar.isCameraAllowedByAdmin(BaseStatusBar.java:2686)
07-13 23:36:19.770  2250  2250 W StatusBar: 	at com.android.systemui.statusbar.phone.KeyguardBottomAreaView.updateCameraVisibility(KeyguardBottomAreaView.java:309)
07-13 23:36:19.770  2250  2250 W StatusBar: 	at com.android.systemui.statusbar.phone.KeyguardBottomAreaView.setUserSetupComplete(KeyguardBottomAreaView.java:281)
07-13 23:36:19.770  2250  2250 W StatusBar: 	at com.android.systemui.statusbar.phone.PhoneStatusBar.makeStatusBarView(PhoneStatusBar.java:910)
07-13 23:36:19.770  2250  2250 W StatusBar: 	at com.android.systemui.statusbar.phone.PhoneStatusBar.addStatusBarWindow(PhoneStatusBar.java:3467)
07-13 23:36:19.770  2250  2250 W StatusBar: 	at com.android.systemui.statusbar.phone.PhoneStatusBar.createAndAddWindows(PhoneStatusBar.java:3463)
07-13 23:36:19.770  2250  2250 W StatusBar: 	at com.android.systemui.statusbar.BaseStatusBar.start(BaseStatusBar.java:770)
07-13 23:36:19.770  2250  2250 W StatusBar: 	at com.android.systemui.statusbar.phone.PhoneStatusBar.start(PhoneStatusBar.java:687)
07-13 23:36:19.770  2250  2250 W StatusBar: 	at com.android.systemui.statusbar.SystemBars.createStatusBarFromConfig(SystemBars.java:106)
07-13 23:36:19.770  2250  2250 W StatusBar: 	at com.android.systemui.statusbar.SystemBars.onNoService(SystemBars.java:58)
07-13 23:36:19.770  2250  2250 W StatusBar: 	at com.android.systemui.statusbar.ServiceMonitor.startService(ServiceMonitor.java:230)
07-13 23:36:19.770  2250  2250 W StatusBar: 	at com.android.systemui.statusbar.ServiceMonitor.-wrap5(ServiceMonitor.java)
07-13 23:36:19.770  2250  2250 W StatusBar: 	at com.android.systemui.statusbar.ServiceMonitor$1.handleMessage(ServiceMonitor.java:73)
07-13 23:36:19.770  2250  2250 W StatusBar: 	at android.os.Handler.dispatchMessage(Handler.java:102)
07-13 23:36:19.770  2250  2250 W StatusBar: 	at android.os.Looper.loop(Looper.java:154)
07-13 23:36:19.770  2250  2250 W StatusBar: 	at android.app.ActivityThread.main(ActivityThread.java:6176)
07-13 23:36:19.770  2250  2250 W StatusBar: 	at java.lang.reflect.Method.invoke(Native Method)
07-13 23:36:19.770  2250  2250 W StatusBar: 	at com.android.internal.os.ZygoteInit$MethodAndArgsCaller.run(ZygoteInit.java:893)
07-13 23:36:19.770  2250  2250 W StatusBar: 	at com.android.internal.os.ZygoteInit.main(ZygoteInit.java:783)
07-13 23:36:19.783  1885  2571 D SoftFFmpegAudio: ffmpeg audio decoder eos
07-13 23:36:19.783  1885  2571 D SoftFFmpegAudio: ffmpeg audio decoder fill eos outbuf
07-13 23:36:19.799  2526  2526 W ResourceType: ResTable_typeSpec entry count inconsistent: given 98, previously 101
07-13 23:36:19.800  2526  2526 W ResourceType: ResTable_typeSpec entry count inconsistent: given 3356, previously 3376
07-13 23:36:19.800  2526  2526 W ResourceType: ResTable_typeSpec entry count inconsistent: given 494, previously 4744
07-13 23:36:19.807  2180  2180 I FusedLocation: engine stopped (com.android.location.fused)
07-13 23:36:19.838  2250  2250 I CameraManagerGlobal: Connecting to camera service
07-13 23:36:19.839  2250  2250 E CameraManagerGlobal: Camera service is unavailable
07-13 23:36:19.843  2592  2592 W ContextImpl: Calling a method in the system process without a qualified user: android.app.ContextImpl.startService:1371 android.content.ContextWrapper.startService:613 com.android.launcher3.LauncherApplication.onCreate:31 android.app.Instrumentation.callApplicationOnCreate:1024 android.app.ActivityThread.handleBindApplication:5460 
07-13 23:36:19.882  1888  2476 I MediaPlayerService: MediaPlayerService::getOMX
07-13 23:36:19.886  2180  2633 I OMXClient: MuxOMX ctor
07-13 23:36:19.888  2250  2250 I StatusBar: isKeyguardShowing() called before startKeyguard(), returning true
07-13 23:36:19.888  2250  2250 W StatusBar: isKeyguardSecure() called before startKeyguard(), returning false
07-13 23:36:19.888  2250  2250 W StatusBar: java.lang.Throwable
07-13 23:36:19.888  2250  2250 W StatusBar: 	at com.android.systemui.statusbar.BaseStatusBar.isKeyguardSecure(BaseStatusBar.java:2663)
07-13 23:36:19.888  2250  2250 W StatusBar: 	at com.android.systemui.statusbar.BaseStatusBar.isCameraAllowedByAdmin(BaseStatusBar.java:2686)
07-13 23:36:19.888  2250  2250 W StatusBar: 	at com.android.systemui.statusbar.phone.KeyguardBottomAreaView.updateCameraVisibility(KeyguardBottomAreaView.java:309)
07-13 23:36:19.888  2250  2250 W StatusBar: 	at com.android.systemui.statusbar.phone.KeyguardBottomAreaView.setUserSetupComplete(KeyguardBottomAreaView.java:281)
07-13 23:36:19.888  2250  2250 W StatusBar: 	at com.android.systemui.statusbar.phone.PhoneStatusBar$1.onChange(PhoneStatusBar.java:445)
07-13 23:36:19.888  2250  2250 W StatusBar: 	at com.android.systemui.statusbar.phone.PhoneStatusBar.resetUserSetupObserver(PhoneStatusBar.java:3714)
07-13 23:36:19.888  2250  2250 W StatusBar: 	at com.android.systemui.statusbar.phone.PhoneStatusBar.makeStatusBarView(PhoneStatusBar.java:1014)
07-13 23:36:19.888  2250  2250 W StatusBar: 	at com.android.systemui.statusbar.phone.PhoneStatusBar.addStatusBarWindow(PhoneStatusBar.java:3467)
07-13 23:36:19.888  2250  2250 W StatusBar: 	at com.android.systemui.statusbar.phone.PhoneStatusBar.createAndAddWindows(PhoneStatusBar.java:3463)
07-13 23:36:19.888  2250  2250 W StatusBar: 	at com.android.systemui.statusbar.BaseStatusBar.start(BaseStatusBar.java:770)
07-13 23:36:19.888  2250  2250 W StatusBar: 	at com.android.systemui.statusbar.phone.PhoneStatusBar.start(PhoneStatusBar.java:687)
07-13 23:36:19.888  2250  2250 W StatusBar: 	at com.android.systemui.statusbar.SystemBars.createStatusBarFromConfig(SystemBars.java:106)
07-13 23:36:19.888  2250  2250 W StatusBar: 	at com.android.systemui.statusbar.SystemBars.onNoService(SystemBars.java:58)
07-13 23:36:19.888  2250  2250 W StatusBar: 	at com.android.systemui.statusbar.ServiceMonitor.startService(ServiceMonitor.java:230)
07-13 23:36:19.888  2250  2250 W StatusBar: 	at com.android.systemui.statusbar.ServiceMonitor.-wrap5(ServiceMonitor.java)
07-13 23:36:19.888  2250  2250 W StatusBar: 	at com.android.systemui.statusbar.ServiceMonitor$1.handleMessage(ServiceMonitor.java:73)
07-13 23:36:19.888  2250  2250 W StatusBar: 	at android.os.Handler.dispatchMessage(Handler.java:102)
07-13 23:36:19.888  2250  2250 W StatusBar: 	at android.os.Looper.loop(Looper.java:154)
07-13 23:36:19.888  2250  2250 W StatusBar: 	at android.app.ActivityThread.main(ActivityThread.java:6176)
07-13 23:36:19.888  2250  2250 W StatusBar: 	at java.lang.reflect.Method.invoke(Native Method)
07-13 23:36:19.888  2250  2250 W StatusBar: 	at com.android.internal.os.ZygoteInit$MethodAndArgsCaller.run(ZygoteInit.java:893)
07-13 23:36:19.888  2250  2250 W StatusBar: 	at com.android.internal.os.ZygoteInit.main(ZygoteInit.java:783)
07-13 23:36:19.890  1885  1885 I OMXMaster: makeComponentInstance(OMX.ffmpeg.vorbis.decoder) in mediacodec process
07-13 23:36:19.890  1885  1885 V FFmpegOMXPlugin: makeComponentInstance 'OMX.ffmpeg.vorbis.decoder'
07-13 23:36:19.891  1885  1885 D SoftFFmpegAudio: SoftFFmpegAudio component: OMX.ffmpeg.vorbis.decoder mCodingType: 24
07-13 23:36:19.893  2180  2633 D FFMPEGSoftCodec: No PCM format specified, using 16 bit
07-13 23:36:19.897  1885  1885 D SoftFFmpegAudio: set OMX_IndexParamAudioVorbis, nChannels=1, nSampleRate=44100, nBitRate=0, nMinBitRate=0, nMaxBitRate=0
07-13 23:36:19.899  2250  2440 D OpenGLRenderer: profile bars disabled
07-13 23:36:19.899  2250  2440 D OpenGLRenderer: ambientRatio = 1.50
07-13 23:36:19.912  2250  2250 D PhoneStatusBar: disable: < EXPAND* icons alerts system_info BACK* HOME* RECENT* clock SEARCH* quick_settings >
07-13 23:36:19.922  1885  2634 D SoftFFmpegAudio: begin to open ffmpeg audio decoder(vorbis), mCtx sample_rate: 44100, channels: 1
07-13 23:36:19.923  1885  2634 D SoftFFmpegAudio: open ffmpeg audio decoder(vorbis) success, mCtx sample_rate: 44100, channels: 1, sample_fmt: fltp, bits_per_coded_sample: 0, bits_per_raw_sample: 0
07-13 23:36:19.935  1885  2634 I SoftFFmpegAudio: Create sample rate converter for conversion of 44100 Hz fltp 1 channels(mono) to 44100 Hz s16 1 channels(mono)!
07-13 23:36:19.965  2180  2192 E GnssLocationProvider: no AGPS interface in set_agps_server
07-13 23:36:19.974  1885  2634 D SoftFFmpegAudio: ffmpeg audio decoder eos
07-13 23:36:19.974  1885  2634 D SoftFFmpegAudio: ffmpeg audio decoder fill eos outbuf
07-13 23:36:19.974  2250  2250 D PhoneStatusBar: heads up is enabled
07-13 23:36:19.992  2544  2544 D MediaScannerReceiver: action: android.intent.action.MEDIA_MOUNTED path: /storage/emulated/0
07-13 23:36:20.013  2250  2250 W KeyguardUpdateMonitor: invalid subId in handleSimStateChange()
07-13 23:36:20.015  1876  2178 D gralloc_nox: gralloc_alloc: Creating ashmem region of size 8298496
07-13 23:36:20.027  2645  2645 W art     : Unexpected CPU variant for X86 using defaults: x86
07-13 23:36:20.029  2180  2613 I ActivityManager: Start proc 2645:android.process.acore/u0a1 for content provider com.android.providers.contacts/.ContactsProvider2
07-13 23:36:20.063  2592  2592 D         : static std::unique_ptr<HostConnection> HostConnection::createUnique(uint32_t): call
07-13 23:36:20.068  2180  2194 W WindowManager: Keyguard drawn timeout. Setting mKeyguardDrawComplete
07-13 23:36:20.084  2645  2645 I art     : Starting a blocking GC AddRemoveAppImageSpace
07-13 23:36:20.084  2645  2645 W System  : ClassLoader referenced unknown path: /system/priv-app/ContactsProvider/lib/x86
07-13 23:36:20.087  2592  2592 D         : HostComposition ext GL_OES_EGL_image GL_OES_EGL_image_external GL_OES_depth24 GL_OES_depth32 GL_OES_element_index_uint GL_OES_texture_float GL_OES_texture_float_linear GL_OES_compressed_paletted_texture GL_OES_compressed_ETC1_RGB8_texture GL_OES_depth_texture GL_EXT_texture_format_BGRA8888 GL_APPLE_texture_format_BGRA8888 GL_OES_texture_half_float GL_EXT_robustness GL_OES_texture_half_float_linear GL_OES_packed_depth_stencil GL_OES_vertex_half_float GL_OES_texture_npot GL_OES_rgb8_rgba8 GL_EXT_color_buffer_float GL_EXT_texture_sRGB_decode ANDROID_gles_max_version_3_1 GL_OES_vertex_array_object GL_EXT_texture_buffer GL_EXT_copy_image GL_KHR_texture_compression_astc_ldr GL_KHR_texture_compression_astc_hdr GL_OES_texture_compression_astc GL_OES_EGL_image_external
07-13 23:36:20.122  2667  2667 W art     : Unexpected CPU variant for X86 using defaults: x86
07-13 23:36:20.125  2180  2320 I ActivityManager: Start proc 2667:com.google.process.gapps/u0a11 for content provider com.google.android.gsf/.gservices.GservicesProvider
07-13 23:36:20.131  2645  2645 I ContactsPerf: VoicemailContentProvider.onCreate start
07-13 23:36:20.133  2645  2645 I ContactsPerf: VoicemailContentProvider.onCreate finish
07-13 23:36:20.135  2592  2660 D         : static std::unique_ptr<HostConnection> HostConnection::createUnique(uint32_t): call
07-13 23:36:20.135  1876  2387 D gralloc_nox: gralloc_alloc: Creating ashmem region of size 4096
07-13 23:36:20.150  1876  2387 D gralloc_nox: gralloc_alloc: Creating ashmem region of size 4096
07-13 23:36:20.150  2592  2660 D         : HostComposition ext GL_OES_EGL_image GL_OES_EGL_image_external GL_OES_depth24 GL_OES_depth32 GL_OES_element_index_uint GL_OES_texture_float GL_OES_texture_float_linear GL_OES_compressed_paletted_texture GL_OES_compressed_ETC1_RGB8_texture GL_OES_depth_texture GL_EXT_texture_format_BGRA8888 GL_APPLE_texture_format_BGRA8888 GL_OES_texture_half_float GL_EXT_robustness GL_OES_texture_half_float_linear GL_OES_packed_depth_stencil GL_OES_vertex_half_float GL_OES_texture_npot GL_OES_rgb8_rgba8 GL_EXT_color_buffer_float GL_EXT_texture_sRGB_decode ANDROID_gles_max_version_3_1 GL_OES_vertex_array_object GL_EXT_texture_buffer GL_EXT_copy_image GL_KHR_texture_compression_astc_ldr GL_KHR_texture_compression_astc_hdr GL_OES_texture_compression_astc GL_OES_EGL_image_external
07-13 23:36:20.152  2645  2645 W System  : ClassLoader referenced unknown path: /system/priv-app/BlockedNumberProvider/lib/x86
07-13 23:36:20.156  2667  2667 I art     : Starting a blocking GC AddRemoveAppImageSpace
07-13 23:36:20.160  2667  2667 W System  : ClassLoader referenced unknown path: /system/priv-app/GoogleServicesFramework/lib/x86
07-13 23:36:20.164  1876  2387 D gralloc_nox: gralloc_alloc: Creating ashmem region of size 4096
07-13 23:36:20.164  2645  2645 D ApplicationLoaders: ignored Vulkan layer search path /system/priv-app/BlockedNumberProvider/lib/x86:/system/lib:/vendor/lib for namespace 0xd74d5090
07-13 23:36:20.176  2592  2660 I OpenGLRenderer: Initialized EGL, version 1.4
07-13 23:36:20.176  2592  2660 D OpenGLRenderer: Swap behavior 1
07-13 23:36:20.176  2592  2660 D EGL_emulation: rcCreateContext wated version 2.0  rc:4
07-13 23:36:20.186  2645  2645 W System  : ClassLoader referenced unknown path: /system/app/UserDictionaryProvider/lib/x86
07-13 23:36:20.188  2645  2645 D ApplicationLoaders: ignored Vulkan layer search path /system/app/UserDictionaryProvider/lib/x86:/system/lib:/vendor/lib for namespace 0xd74d50d0
07-13 23:36:20.190  2667  2667 I GservicesProvider: Gservices pushing to system: true; secure/global: true
07-13 23:36:20.228  2667  2667 I GoogleHttpClient: GMS http client unavailable, use old client
07-13 23:36:20.240  2544  2644 D MediaProvider: object removed 60
07-13 23:36:20.242  2544  2644 D MediaProvider: object removed 62
07-13 23:36:20.243  2544  2644 D MediaProvider: object removed 66
07-13 23:36:20.243  2645  2678 I ContactLocale: AddressBook Labels [[ru_RU]]: […, А, Б, В, Г, Д, Ђ, Е, Є, Ж, З, И, І, Й, Ј, К, Л, Љ, М, Н, Њ, О, П, Р, С, Т, Ћ, У, Ф, Х, Ц, Ч, Џ, Ш, Щ, Ы, Э, Ю, Я, A, B, C, D, E, F, G, H, I, J, K, L, M, N, O, P, Q, R, S, T, U, V, W, X, Y, Z, Α, Β, Γ, Δ, Ε, Ζ, Η, Θ, Ι, Κ, Λ, Μ, Ν, Ξ, Ο, Π, Ρ, Σ, Τ, Υ, Φ, Χ, Ψ, Ω, …, א, ב, ג, ד, ה, ו, ז, ח, ט, י, כ, ל, מ, נ, ס, ע, פ, צ, ק, ר, ש, ת, …, ا, ب, ت, ث, ج, ح, خ, د, ذ, ر, ز, س, ش, ص, ض, ط, ظ, ع, غ, ف, ق, ك, ل, م, ن, ه, و, ي, …, ก, ข, ฃ, ค, ฅ, ฆ, ง, จ, ฉ, ช, ซ, ฌ, ญ, ฎ, ฏ, ฐ, ฑ, ฒ, ณ, ด, ต, ถ, ท, ธ, น, บ, ป, ผ, ฝ, พ, ฟ, ภ, ม, ย, ร, ฤ, ล, ฦ, ว, ศ, ษ, ส, ห, ฬ, อ, ฮ, …, ㄱ, ㄴ, ㄷ, ㄹ, ㅁ, ㅂ, ㅅ, ㅇ, ㅈ, ㅊ, ㅋ, ㅌ, ㅍ, ㅎ, …, あ, か, さ, た, な, は, ま, や, ら, わ, #, …]
07-13 23:36:20.267  2180  2272 I ActivityManager: Setting hasTopUi=true for pid=2250
07-13 23:36:20.286  2250  2250 D PhoneStatusBar: disable: < EXPAND ICONS* alerts SYSTEM_INFO* BACK HOME RECENT clock SEARCH quick_settings >
07-13 23:36:20.292  2250  2250 D PhoneStatusBar: disable: < EXPAND ICONS alerts SYSTEM_INFO BACK HOME RECENT clock SEARCH quick_settings >
07-13 23:36:20.297  2180  2193 I VrManagerService: VR mode is disallowed
07-13 23:36:20.302  2592  2660 D EGL_emulation: eglMakeCurrent: 0xc6abff90: ver 3 2 (tinfo 0xc9e89600) (first time)
07-13 23:36:20.313  1876  2387 D gralloc_nox: gralloc_alloc: Creating ashmem region of size 4096
07-13 23:36:20.316  2180  2359 V KeyguardServiceDelegate: **** SHOWN CALLED ****
07-13 23:36:20.316  2250  2250 I Choreographer: Skipped 59 frames!  The application may be doing too much work on its main thread.
07-13 23:36:20.322  2250  2250 D ViewRootImpl[StatusBar]: changeCanvasOpacity: opaque=true
07-13 23:36:20.330  2526  2526 I Safeboot: Checking safeboot...
07-13 23:36:20.354  1876  1902 D gralloc_nox: gralloc_alloc: Creating ashmem region of size 4096
07-13 23:36:20.383  1876  1906 D gralloc_nox: gralloc_alloc: Creating ashmem region of size 4096
07-13 23:36:20.406  2180  2359 W WindowManager: updateFocusedWindowLocked, focusedAppToken is null.
07-13 23:36:20.416  1876  2387 D gralloc_nox: gralloc_alloc: Creating ashmem region of size 4096
07-13 23:36:20.416  2250  2440 D         : static std::unique_ptr<HostConnection> HostConnection::createUnique(uint32_t): call
07-13 23:36:20.428  1876  2387 D gralloc_nox: gralloc_alloc: Creating ashmem region of size 4096
07-13 23:36:20.558  1876  2387 D gralloc_nox: gralloc_alloc: Creating ashmem region of size 4096
07-13 23:36:20.558  2250  2440 D         : HostComposition ext GL_OES_EGL_image GL_OES_EGL_image_external GL_OES_depth24 GL_OES_depth32 GL_OES_element_index_uint GL_OES_texture_float GL_OES_texture_float_linear GL_OES_compressed_paletted_texture GL_OES_compressed_ETC1_RGB8_texture GL_OES_depth_texture GL_EXT_texture_format_BGRA8888 GL_APPLE_texture_format_BGRA8888 GL_OES_texture_half_float GL_EXT_robustness GL_OES_texture_half_float_linear GL_OES_packed_depth_stencil GL_OES_vertex_half_float GL_OES_texture_npot GL_OES_rgb8_rgba8 GL_EXT_color_buffer_float GL_EXT_texture_sRGB_decode ANDROID_gles_max_version_3_1 GL_OES_vertex_array_object GL_EXT_texture_buffer GL_EXT_copy_image GL_KHR_texture_compression_astc_ldr GL_KHR_texture_compression_astc_hdr GL_OES_texture_compression_astc GL_OES_EGL_image_external
07-13 23:36:20.560  2180  2229 W WifiMode: WiredSSID, Invalid SupportedRates!!!
07-13 23:36:20.560  2180  2231 W WifiMode: WiredSSID, Invalid SupportedRates!!!
07-13 23:36:20.565  2180  2229 W WifiMode: WiredSSID, Invalid SupportedRates!!!
07-13 23:36:20.577  2250  2440 I OpenGLRenderer: Initialized EGL, version 1.4
07-13 23:36:20.577  2250  2440 D OpenGLRenderer: Swap behavior 1
07-13 23:36:20.577  2250  2440 D EGL_emulation: rcCreateContext wated version 2.0  rc:4
07-13 23:36:20.578  2180  2229 D WifiStateMachine: CMD_AUTO_CONNECT sup state DisconnectedState my state DisconnectedState nid=0 roam=false
07-13 23:36:20.578  2180  2229 D WifiStateMachine: CMD_AUTO_CONNECT will save config -> "WiredSSID" nid=0
07-13 23:36:20.578  2180  2228 D WifiService: New client listening to asynchronous messages
07-13 23:36:20.592  2180  2696 D WifiNetworkHistory: saving network history: "WiredSSID"NONE gw: 52:54:00:12:35:02 Network Selection-status: NETWORK_SELECTION_ENABLED ephemeral=false choice:null link:0 status:1 nid:0 hasEverConnected: true
07-13 23:36:20.592  2180  2696 V WifiNetworkHistory: writeKnownNetworkHistory write config "WiredSSID"NONE
07-13 23:36:20.595  2180  2229 D WifiStateMachine: CMD_AUTO_CONNECT did save config ->  nid=0
07-13 23:36:20.598  2180  2697 D WifiNetworkHistory: saving network history: "WiredSSID"NONE gw: 52:54:00:12:35:02 Network Selection-status: NETWORK_SELECTION_ENABLED ephemeral=false choice:null link:0 status:1 nid:0 hasEverConnected: true
07-13 23:36:20.598  2180  2697 V WifiNetworkHistory: writeKnownNetworkHistory write config "WiredSSID"NONE
07-13 23:36:20.598  2367  2367 I wpa_supplicant: wlan0: Trying to associate with SSID 'WiredSSID'
07-13 23:36:20.598  2367  2367 I wpa_supplicant: wlan0: Associated with 01:80:c2:00:00:03
07-13 23:36:20.598  2367  2367 I wpa_supplicant: wlan0: CTRL-EVENT-CONNECTED - Connection to 01:80:c2:00:00:03 completed [id=0 id_str=%7B%22creatorUid%22%3A%22-1%22%2C%22configKey%22%3A%22%5C%22WiredSSID%5C%22NONE%22%7D]
07-13 23:36:20.604  2180  2229 D ConnectivityService: registerNetworkAgent NetworkAgentInfo{ ni{[type: WIFI[], state: CONNECTING/CONNECTING, reason: (unspecified), extra: "WiredSSID", failover: false, available: true, roaming: false, metered: false]}  network{100}  nethandle{429513165534}  lp{{LinkAddresses: []  Routes: [] DnsAddresses: [] Domains: null MTU: 0}}  nc{[ Transports: WIFI Capabilities: NOT_METERED&INTERNET&NOT_RESTRICTED&TRUSTED&NOT_VPN LinkUpBandwidth>=1048576Kbps LinkDnBandwidth>=1048576Kbps]}  Score{20}  everValidated{false}  lastValidated{false}  created{false} lingering{false} explicitlySelected{false} acceptUnvalidated{false} everCaptivePortalDetected{false} lastCaptivePortalDetected{false} }
07-13 23:36:20.605  2180  2233 D ConnectivityService: NetworkAgentInfo [WIFI () - 100] EVENT_NETWORK_INFO_CHANGED, going from null to CONNECTING
07-13 23:36:20.610  2526  2526 W ProviderHelper: Unknown dynamite feature providerinstaller.dynamite
07-13 23:36:20.611  2526  2526 I DynamiteModule: Considering local module com.google.android.gms.providerinstaller.dynamite:1 and remote module com.google.android.gms.providerinstaller.dynamite:0
07-13 23:36:20.611  2526  2526 I DynamiteModule: Selected local version of com.google.android.gms.providerinstaller.dynamite
07-13 23:36:20.612  2180  2229 D WifiStateMachine: Start Dhcp Watchdog 1
07-13 23:36:20.613  2180  2229 D WifiStateMachine: updateCapabilities for config:WiredSSIDfalse,false
07-13 23:36:20.616  2180  2229 D WifiNative-wlan0: configureNeighborDiscoveryOffload(true)
07-13 23:36:20.669  2250  2440 D EGL_emulation: eglMakeCurrent: 0xcc815cb0: ver 3 2 (tinfo 0xcc803800) (first time)
07-13 23:36:20.673  2526  2526 V NativeCrypto: Registering com/google/android/gms/org/conscrypt/NativeCrypto's 305 native methods...
07-13 23:36:20.682  1876  2178 D gralloc_nox: gralloc_alloc: Creating ashmem region of size 4096
07-13 23:36:20.769  2526  2526 D NetworkSecurityConfig: Using Network Security Config from resource network_security_config debugBuild: false
07-13 23:36:20.785  2526  2526 I ProviderInstaller: Installed default security provider GmsCore_OpenSSL
07-13 23:36:20.789  2703  2703 I cameraserver: ServiceManager: 0xd673c000
07-13 23:36:20.789  2703  2703 I CameraService: CameraService started (pid=2703)
07-13 23:36:20.789  2703  2703 I CameraService: CameraService process starting
07-13 23:36:20.805  2703  2703 V EmulatedCamera_Factory: EmulatedCameraFactory
07-13 23:36:20.806  2703  2703 W EmulatedCamera_Factory: Have no camera support for old version
07-13 23:36:20.806  2703  2703 V EmulatedCamera_Factory: startCameraSocketThread
07-13 23:36:20.806  2703  2703 W EmulatedCamera_Factory:  camera socket connect is not connected, wait(1)...
07-13 23:36:20.807  2703  2717 V EmulatedCamera_Factory: readyToRun
07-13 23:36:20.807  2703  2717 D EmulatedCamera_Factory: threadLoop()...
07-13 23:36:20.807  2703  2717 D EmulatedCamera_Factory: Waiting for player
07-13 23:36:20.848  2250  2250 W KeyguardUpdateMonitor: invalid subId in handleServiceStateChange()
07-13 23:36:20.849  2250  2250 I Choreographer: Skipped 31 frames!  The application may be doing too much work on its main thread.
07-13 23:36:20.962  2592  2626 W System  : ClassLoader referenced unknown path: 
07-13 23:36:20.963  2592  2626 D ApplicationLoaders: ignored Vulkan layer search path /data/app/com.google.android.gms-1/lib/x86:/data/app/com.google.android.gms-1/base.apk!/lib/x86:/data/app/com.google.android.gms-1/split_config.ru.apk!/lib/x86:/data/app/com.google.android.gms-1/split_config.xhdpi.apk!/lib/x86 for namespace 0xd761a090
07-13 23:36:20.973  2592  2626 W ResourceType: ResTable_typeSpec entry count inconsistent: given 98, previously 101
07-13 23:36:20.979  2592  2626 W ResourceType: ResTable_typeSpec entry count inconsistent: given 3356, previously 3376
07-13 23:36:20.984  2526  2726 I Watchcat: Started
07-13 23:36:20.996  2592  2626 W ResourceType: ResTable_typeSpec entry count inconsistent: given 494, previously 4744
07-13 23:36:21.010  2526  2526 W dibo    : Primes not initialized, returning default (no-op) Primes instance which will ignore all calls. Please call Primes.initialize(...) before using any Primes API.
07-13 23:36:21.010  2526  2726 I GMS_MM_Logger: (REDACTED) Start time: %s
07-13 23:36:21.018  1876  1906 D gralloc_nox: gralloc_alloc: Creating ashmem region of size 4096
07-13 23:36:21.021  2526  2726 I GMS_MM_Logger: Started.
07-13 23:36:21.029  2180  2740 D DhcpClient: Receive thread started
07-13 23:36:21.035  2180  2702 D DhcpClient: Broadcasting DHCPDISCOVER
07-13 23:36:21.036  2250  2250 D PhoneStatusBar: disable: < expand* ICONS alerts SYSTEM_INFO back* HOME RECENT clock SEARCH quick_settings >
07-13 23:36:21.037  2180  2740 D DhcpClient: Received packet: 08:00:27:a4:24:bd OFFER, ip /172.16.45.15, mask /255.255.255.0, DNS servers: /192.168.1.1 /114.114.114.114 /8.8.8.8 , gateways [/172.16.45.2] lease time 86400, domain beeline
07-13 23:36:21.037  2180  2702 D DhcpClient: Got pending lease: IP address 172.16.45.15/24 Gateway 172.16.45.2  DNS servers: [ 192.168.1.1 114.114.114.114 8.8.8.8 ] Domains beeline DHCP server /172.16.45.2 Vendor info null lease 86400 seconds
07-13 23:36:21.037  2180  2702 D DhcpClient: Broadcasting DHCPREQUEST ciaddr=0.0.0.0 request=172.16.45.15 serverid=172.16.45.2
07-13 23:36:21.039  2180  2740 D DhcpClient: Received packet: 08:00:27:a4:24:bd ACK: your new IP /172.16.45.15, netmask /255.255.255.0, gateways [/172.16.45.2] DNS servers: /192.168.1.1 /114.114.114.114 /8.8.8.8 , lease time 86400
07-13 23:36:21.039  2180  2702 D DhcpClient: Confirmed lease: IP address 172.16.45.15/24 Gateway 172.16.45.2  DNS servers: [ 192.168.1.1 114.114.114.114 8.8.8.8 ] Domains beeline DHCP server /172.16.45.2 Vendor info null lease 86400 seconds
07-13 23:36:21.041  2180  2229 D WifiStateMachine: updateCapabilities for config:WiredSSIDfalse,false
07-13 23:36:21.041  1889  2172 D CommandListener: Setting iface cfg
07-13 23:36:21.042  2180  2702 D DhcpClient: Scheduling renewal in 43199s
07-13 23:36:21.042  2180  2702 D DhcpClient: Scheduling rebind in 75599s
07-13 23:36:21.042  2180  2702 D DhcpClient: Scheduling expiry in 86399s
07-13 23:36:21.044  2180  2229 D WifiStateMachine: updateCapabilities for config:WiredSSIDfalse,false
07-13 23:36:21.044  2180  2229 E WifiNative-HAL: setBssidBlacklist cmd 0 size 0
07-13 23:36:21.044  2180  2233 D ConnectivityService: NetworkAgentInfo [WIFI () - 100] EVENT_NETWORK_INFO_CHANGED, going from CONNECTING to CONNECTED
07-13 23:36:21.045  2180  2233 D ConnectivityService: Adding iface wlan0 to network 100
07-13 23:36:21.045  2180  2229 D WifiStateMachine: updateCapabilities for config:WiredSSIDfalse,false
07-13 23:36:21.046  2180  2229 D WifiStateMachine: updateCapabilities for config:WiredSSIDfalse,false
07-13 23:36:21.047  2180  2229 E WifiStateMachine: Did not find remoteAddress {172.16.45.2} in /proc/net/arp
07-13 23:36:21.057  2250  2250 W KeyguardUpdateMonitor: invalid subId in handleSimStateChange()
07-13 23:36:21.064  1876  2387 D gralloc_nox: gralloc_alloc: Creating ashmem region of size 4096
07-13 23:36:21.077  2592  2626 W System  : ClassLoader referenced unknown path: /data/user_de/0/com.google.android.gms/app_chimera/m/00000013/n/x86
07-13 23:36:21.077  2592  2626 W System  : ClassLoader referenced unknown path: /data/user_de/0/com.google.android.gms/app_chimera/m/00000013/n/armeabi-v7a
07-13 23:36:21.077  2592  2626 W System  : ClassLoader referenced unknown path: /data/user_de/0/com.google.android.gms/app_chimera/m/00000013/n/armeabi
07-13 23:36:21.082  1876  2178 D gralloc_nox: gralloc_alloc: Creating ashmem region of size 9547776
07-13 23:36:21.083  2180  2744 I RecoverySystem: No recovery log file
07-13 23:36:21.087  2180  2744 I BootReceiver: Copying audit failures to DropBox
07-13 23:36:21.087  2180  2744 I BootReceiver: Checking for fsck errors
07-13 23:36:21.115  2526  2737 I DynamiteModule: Considering local module com.google.android.gms.googlecertificates:7 and remote module com.google.android.gms.googlecertificates:7
07-13 23:36:21.115  2526  2737 I DynamiteModule: Selected local version of com.google.android.gms.googlecertificates
07-13 23:36:21.115  2180  2180 W ActivityManager: Slow operation: 56ms so far, now at startProcess: returned from zygote!
07-13 23:36:21.115  2180  2180 W ActivityManager: Slow operation: 56ms so far, now at startProcess: done updating battery stats
07-13 23:36:21.115  2180  2180 W ActivityManager: Slow operation: 56ms so far, now at startProcess: building log message
07-13 23:36:21.115  2180  2180 I ActivityManager: Start proc 2748:com.facebook.katana/u0a42 for broadcast com.facebook.katana/com.facebook.push.mqtt.receiver.BootCompleteBroadcastReceiver
07-13 23:36:21.115  2180  2180 W ActivityManager: Slow operation: 56ms so far, now at startProcess: starting to update pids map
07-13 23:36:21.115  2180  2180 W ActivityManager: Slow operation: 56ms so far, now at startProcess: done updating pids map
07-13 23:36:21.115  2180  2180 W ActivityManager: Slow operation: 56ms so far, now at startProcess: done starting proc!
07-13 23:36:21.120  2180  2233 D ConnectivityService: Setting DNS servers for network 100 to [/192.168.1.1, /114.114.114.114, /8.8.8.8]
07-13 23:36:21.139  2526  2743 I diuw$a  : (REDACTED) Unable to retrieve flag snapshot for %s, using defaults.
07-13 23:36:21.150  2180  2229 D WifiNetworkAgent: NetworkAgent: Received signal strength thresholds: []
07-13 23:36:21.150  2180  2229 D WifiNative-HAL: stopRssiMonitoring, cmdId 0
07-13 23:36:21.156  2180  2233 D ConnectivityService: Switching to new default network: NetworkAgentInfo{ ni{[type: WIFI[], state: CONNECTED/CONNECTED, reason: (unspecified), extra: "WiredSSID", failover: false, available: true, roaming: false, metered: false]}  network{100}  nethandle{429513165534}  lp{{InterfaceName: wlan0 LinkAddresses: [fe80::a00:27ff:fea4:24bd/64,172.16.45.15/24,]  Routes: [fe80::/64 -> :: wlan0,172.16.45.0/24 -> 0.0.0.0 wlan0,0.0.0.0/0 -> 172.16.45.2 wlan0,] DnsAddresses: [192.168.1.1,114.114.114.114,8.8.8.8,] Domains: beeline MTU: 0 TcpBufferSizes: 524288,1048576,2097152,262144,524288,1048576}}  nc{[ Transports: WIFI Capabilities: NOT_METERED&INTERNET&NOT_RESTRICTED&TRUSTED&NOT_VPN&FOREGROUND LinkUpBandwidth>=1048576Kbps LinkDnBandwidth>=1048576Kbps SignalStrength: -65]}  Score{16}  everValidated{false}  lastValidated{false}  created{true} lingering{false} explicitlySelected{false} acceptUnvalidated{false} everCaptivePortalDetected{false} lastCaptivePortalDetected{false} }
07-13 23:36:21.158  2180  2698 D NetworkMonitor/NetworkAgentInfo [WIFI () - 100]: Validation disabled.
07-13 23:36:21.245  2703  2717 D EmulatedCamera_Factory: Player connected fd:6
07-13 23:36:21.245  2703  2717 D EmulatedCamera_Factory: camera server second start
07-13 23:36:21.284  1889  2172 V IdletimerController: runCmd(/system/bin/ip6tables -w -t raw -A idletimer_raw_PREROUTING -i wlan0 -j IDLETIMER --timeout 15 --label 1 --send_nl_msg 1) res_ipv4=1, res_ipv6=1
07-13 23:36:21.285  2180  2233 E ConnectivityService: Exception in setupDataActivityTracking java.lang.IllegalStateException: command '26 idletimer add wlan0 15 1' failed with '400 26 Failed to add interface'
07-13 23:36:21.289  2180  2233 D ConnectivityService: Sending CONNECTED broadcast for type 1 NetworkAgentInfo [WIFI () - 100] isDefaultNetwork=true
07-13 23:36:21.290  2180  2245 I GnssLocationProvider: WakeLock acquired by sendMessage(5, 0, null)
07-13 23:36:21.290  2180  2245 I GnssLocationProvider: WakeLock acquired by sendMessage(6, 0, null)
07-13 23:36:21.293  2180  2192 I GnssLocationProvider: WakeLock acquired by handleInjectNtpTime()
07-13 23:36:21.293  2180  2192 I GnssLocationProvider: WakeLock released by handleMessage(5, 0, null)
07-13 23:36:21.293  2180  2192 D GnssLocationProvider: handleDownloadXtraData() called when Xtra not supported
07-13 23:36:21.293  2180  2192 I GnssLocationProvider: WakeLock released by handleMessage(6, 0, null)
07-13 23:36:21.295  2180  2233 D ConnectivityService: NetworkAgentInfo [WIFI () - 100] validation passed
07-13 23:36:21.315  2592  2592 V NativeCrypto: Registering org/conscrypt/NativeCrypto's 286 native methods...
07-13 23:36:21.323  2180  2778 D WifiNetworkHistory: saving network history: "WiredSSID"NONE gw: 52:54:00:12:35:02 Network Selection-status: NETWORK_SELECTION_ENABLED ephemeral=false choice:null link:0 status:0 nid:0 hasEverConnected: true
07-13 23:36:21.323  2180  2778 V WifiNetworkHistory: writeKnownNetworkHistory write config "WiredSSID"NONE
07-13 23:36:21.347  2592  2592 D NetworkSecurityConfig: No Network Security Config specified, using platform default
07-13 23:36:21.354  2180  2342 D SntpClient: round trip: 18ms, clock offset: 1793ms
07-13 23:36:21.354  2180  2342 I GnssLocationProvider: WakeLock acquired by sendMessage(10, 0, null)
07-13 23:36:21.354  2180  2342 I GnssLocationProvider: WakeLock released by handleInjectNtpTime()
07-13 23:36:21.360  2748  2748 W CrashLoopRemedyLog: unable to delete remedy log, instaCrash: false
07-13 23:36:21.360  2748  2748 W CrashLoopRemedyLog: unable to delete remedy log, instaCrash: true
07-13 23:36:21.361  2748  2748 W ErrorReportingAppInit: Errorreporting: Lacrima
07-13 23:36:21.386  2526  2526 I art     : Rejecting re-init on previously-failed class java.lang.Class<aghb>: java.lang.NoClassDefFoundError: Failed resolution of: Landroid/app/backup/BackupManagerMonitor;
07-13 23:36:21.386  2526  2526 I art     :   at void com.google.android.gms.backup.transport.BackupTransportChimeraService.onCreate() (:com.google.android.gms@242335016@24.23.35 (040700-646585959):262)
07-13 23:36:21.386  2526  2526 I art     :   at void olj.onCreate() (:com.google.android.gms@242335016@24.23.35 (040700-646585959):18)
07-13 23:36:21.386  2526  2526 I art     :   at void ajop.onCreate() (:com.google.android.gms@242335016@24.23.35 (040700-646585959):40)
07-13 23:36:21.386  2526  2526 I art     :   at void android.app.ActivityThread.handleCreateService(android.app.ActivityThread$CreateServiceData) (ActivityThread.java:3194)
07-13 23:36:21.386  2526  2526 I art     :   at void android.app.ActivityThread.-wrap5(android.app.ActivityThread, android.app.ActivityThread$CreateServiceData) (ActivityThread.java:-1)
07-13 23:36:21.386  2526  2526 I art     :   at void android.app.ActivityThread$H.handleMessage(android.os.Message) (ActivityThread.java:1570)
07-13 23:36:21.386  2526  2526 I art     :   at void android.os.Handler.dispatchMessage(android.os.Message) (Handler.java:102)
07-13 23:36:21.386  2526  2526 I art     :   at void android.os.Looper.loop() (Looper.java:154)
07-13 23:36:21.386  2526  2526 I art     :   at void android.app.ActivityThread.main(java.lang.String[]) (ActivityThread.java:6176)
07-13 23:36:21.386  2526  2526 I art     :   at java.lang.Object java.lang.reflect.Method.invoke!(java.lang.Object, java.lang.Object[]) (Method.java:-2)
07-13 23:36:21.386  2526  2526 I art     :   at void com.android.internal.os.ZygoteInit$MethodAndArgsCaller.run() (ZygoteInit.java:893)
07-13 23:36:21.386  2526  2526 I art     :   at void com.android.internal.os.ZygoteInit.main(java.lang.String[]) (ZygoteInit.java:783)
07-13 23:36:21.386  2526  2526 I art     : Caused by: java.lang.ClassNotFoundException: Didn't find class "android.app.backup.BackupManagerMonitor" on path: DexPathList[[zip file "/system/framework/com.android.location.provider.jar", zip file "/system/framework/com.android.media.remotedisplay.jar", zip file "/data/app/com.google.android.gms-1/base.apk", zip file "/data/app/com.google.android.gms-1/split_config.ru.apk", zip file "/data/app/com.google.android.gms-1/split_config.xhdpi.apk"],nativeLibraryDirectories=[/data/app/com.google.android.gms-1/lib/x86, /data/app/com.google.android.gms-1/base.apk!/lib/x86, /data/app/com.google.android.gms-1/split_config.ru.apk!/lib/x86, /data/app/com.google.android.gms-1/split_config.xhdpi.apk!/lib/x86, /system/lib, /vendor/lib]]
07-13 23:36:21.386  2526  2526 I art     :   at java.lang.Class dalvik.system.BaseDexClassLoader.findClass(java.lang.String) (BaseDexClassLoader.java:56)
07-13 23:36:21.386  2526  2526 I art     :   at java.lang.Class java.lang.ClassLoader.loadClass(java.lang.String, boolean) (ClassLoader.java:380)
07-13 23:36:21.386  2526  2526 I art     :   at java.lang.Class java.lang.ClassLoader.loadClass(java.lang.String) (ClassLoader.java:312)
07-13 23:36:21.386  2526  2526 I art     :   at void com.google.android.gms.backup.transport.BackupTransportChimeraService.onCreate() (:com.google.android.gms@242335016@24.23.35 (040700-646585959):262)
07-13 23:36:21.386  2526  2526 I art     :   at void olj.onCreate() (:com.google.android.gms@242335016@24.23.35 (040700-646585959):18)
07-13 23:36:21.386  2526  2526 I art     :   at void ajop.onCreate() (:com.google.android.gms@242335016@24.23.35 (040700-646585959):40)
07-13 23:36:21.386  2526  2526 I art     :   at void android.app.ActivityThread.handleCreateService(android.app.ActivityThread$CreateServiceData) (ActivityThread.java:3194)
07-13 23:36:21.386  2526  2526 I art     :   at void android.app.ActivityThread.-wrap5(android.app.ActivityThread, android.app.ActivityThread$CreateServiceData) (ActivityThread.java:-1)
07-13 23:36:21.386  2526  2526 I art     :   at void android.app.ActivityThread$H.handleMessage(android.os.Message) (ActivityThread.java:1570)
07-13 23:36:21.386  2526  2526 I art     :   at void android.os.Handler.dispatchMessage(android.os.Message) (Handler.java:102)
07-13 23:36:21.386  2526  2526 I art     :   at void android.os.Looper.loop() (Looper.java:154)
07-13 23:36:21.386  2526  2526 I art     :   at void android.app.ActivityThread.main(java.lang.String[]) (ActivityThread.java:6176)
07-13 23:36:21.386  2526  2526 I art     :   at java.lang.Object java.lang.reflect.Method.invoke!(java.lang.Object, java.lang.Object[]) (Method.java:-2)
07-13 23:36:21.386  2526  2526 I art     :   at void com.android.internal.os.ZygoteInit$MethodAndArgsCaller.run() (ZygoteInit.java:893)
07-13 23:36:21.386  2526  2526 I art     :   at void com.android.internal.os.ZygoteInit.main(java.lang.String[]) (ZygoteInit.java:783)
07-13 23:36:21.386  2526  2526 I art     : 
07-13 23:36:21.389  2748  2748 W lacrima : FbErrorReportingConfig.earlyInit
07-13 23:36:21.394  2748  2748 E RiskyStartupConfig: Failed to read risky config, some values left unset
07-13 23:36:21.394  2748  2748 E RiskyStartupConfig: java.io.FileNotFoundException: /data/user/0/com.facebook.katana/files/risky_startup_config (No such file or directory)
07-13 23:36:21.394  2748  2748 E RiskyStartupConfig: 	at java.io.FileInputStream.open(Native Method)
07-13 23:36:21.394  2748  2748 E RiskyStartupConfig: 	at java.io.FileInputStream.<init>(FileInputStream.java:146)
07-13 23:36:21.394  2748  2748 E RiskyStartupConfig: 	at X.0V9.A00(:48)
07-13 23:36:21.394  2748  2748 E RiskyStartupConfig: 	at com.facebook.katana.app.FacebookApplication.A05(:326)
07-13 23:36:21.394  2748  2748 E RiskyStartupConfig: 	at X.0UB.attachBaseContext(:43)
07-13 23:36:21.394  2748  2748 E RiskyStartupConfig: 	at android.app.Application.attach(Application.java:189)
07-13 23:36:21.394  2748  2748 E RiskyStartupConfig: 	at android.app.Instrumentation.newApplication(Instrumentation.java:1008)
07-13 23:36:21.394  2748  2748 E RiskyStartupConfig: 	at android.app.Instrumentation.newApplication(Instrumentation.java:992)
07-13 23:36:21.394  2748  2748 E RiskyStartupConfig: 	at android.app.Instrumentation.newApplication(Native Method)
07-13 23:36:21.394  2748  2748 E RiskyStartupConfig: 	at android.app.LoadedApk.makeApplication(LoadedApk.java:796)
07-13 23:36:21.394  2748  2748 E RiskyStartupConfig: 	at android.app.ActivityThread.handleBindApplication(ActivityThread.java:5434)
07-13 23:36:21.394  2748  2748 E RiskyStartupConfig: 	at android.app.ActivityThread.-wrap2(ActivityThread.java)
07-13 23:36:21.394  2748  2748 E RiskyStartupConfig: 	at android.app.ActivityThread$H.handleMessage(ActivityThread.java:1548)
07-13 23:36:21.394  2748  2748 E RiskyStartupConfig: 	at android.os.Handler.dispatchMessage(Handler.java:102)
07-13 23:36:21.394  2748  2748 E RiskyStartupConfig: 	at android.os.Looper.loop(Looper.java:154)
07-13 23:36:21.394  2748  2748 E RiskyStartupConfig: 	at android.app.ActivityThread.main(ActivityThread.java:6176)
07-13 23:36:21.394  2748  2748 E RiskyStartupConfig: 	at java.lang.reflect.Method.invoke(Native Method)
07-13 23:36:21.394  2748  2748 E RiskyStartupConfig: 	at com.android.internal.os.ZygoteInit$MethodAndArgsCaller.run(ZygoteInit.java:893)
07-13 23:36:21.394  2748  2748 E RiskyStartupConfig: 	at com.android.internal.os.ZygoteInit.main(ZygoteInit.java:783)
07-13 23:36:21.424  2180  2192 I ActivityManager: Start proc 2789:com.google.android.gms/u0a11 for service com.google.android.gms/.people.sync.PeopleSyncService
07-13 23:36:21.425  2180  2192 I GnssLocationProvider: WakeLock released by handleMessage(10, 0, null)
07-13 23:36:21.428  2789  2789 W art     : Unexpected CPU variant for X86 using defaults: x86
07-13 23:36:21.451  2592  2592 D ApplicationLoaders: ignored Vulkan layer search path /data/app/com.google.android.webview-1/lib/x86:/data/app/com.google.android.webview-1/base.apk!/lib/x86:/data/app/com.google.android.webview-1/split_config.ru.apk!/lib/x86 for namespace 0xd761a0d0
07-13 23:36:21.456  2592  2592 I WebViewFactory: Loading com.google.android.webview version 119.0.6045.193 (code 604519306)
07-13 23:36:21.470  2180  2180 V BackupManagerService: Connected to transport ComponentInfo{com.google.android.gms/com.google.android.gms.backup.BackupTransportService}
07-13 23:36:21.479  2180  2180 V BackupManagerService: Registering transport com.google.android.gms/.backup.BackupTransportService::com.google.android.gms/.backup.BackupTransportService = com.android.internal.backup.IBackupTransport$Stub$Proxy@5f436e5
07-13 23:36:21.511  2748  2748 W lacrima : Start JavaAppDeathCrashDetector... X.0Yi
07-13 23:36:21.519  2748  2748 W lacrima : Send pending reports
07-13 23:36:21.525  2592  2592 I art     : Rejecting re-init on previously-failed class java.lang.Class<WV.gH>: java.lang.NoClassDefFoundError: Failed resolution of: Landroid/webkit/PacProcessor;
07-13 23:36:21.525  2592  2592 I art     :   at java.lang.Class java.lang.Class.classForName!(java.lang.String, boolean, java.lang.ClassLoader) (Class.java:-2)
07-13 23:36:21.525  2592  2592 I art     :   at java.lang.Class java.lang.Class.forName(java.lang.String, boolean, java.lang.ClassLoader) (Class.java:400)
07-13 23:36:21.525  2592  2592 I art     :   at java.lang.Class android.webkit.WebViewFactory.getProviderClass() (WebViewFactory.java:352)
07-13 23:36:21.525  2592  2592 I art     :   at android.webkit.WebViewFactoryProvider android.webkit.WebViewFactory.getProvider() (WebViewFactory.java:195)
07-13 23:36:21.525  2592  2592 I art     :   at java.lang.String android.webkit.WebSettings.getDefaultUserAgent(android.content.Context) (WebSettings.java:1246)
07-13 23:36:21.525  2592  2592 I art     :   at java.lang.String d.b.a.v.h.o(android.content.Context) (DeviceUtil.java:2)
07-13 23:36:21.525  2592  2592 I art     :   at org.json.JSONObject d.b.a.c.f.a(android.content.Context, org.json.JSONObject) (ApiHelper.java:18)
07-13 23:36:21.525  2592  2592 I art     :   at void d.b.a.c.f.f(android.content.Context) (ApiHelper.java:2)
07-13 23:36:21.525  2592  2592 I art     :   at void com.android.launcher3.launcher3.Launcher.W() (Launcher.java:8)
07-13 23:36:21.525  2592  2592 I art     :   at void d.b.a.k.d.run() (lambda:-1)
07-13 23:36:21.525  2592  2592 I art     :   at void android.os.Handler.handleCallback(android.os.Message) (Handler.java:751)
07-13 23:36:21.525  2592  2592 I art     :   at void android.os.Handler.dispatchMessage(android.os.Message) (Handler.java:95)
07-13 23:36:21.525  2592  2592 I art     :   at void android.os.Looper.loop() (Looper.java:154)
07-13 23:36:21.525  2592  2592 I art     :   at void android.app.ActivityThread.main(java.lang.String[]) (ActivityThread.java:6176)
07-13 23:36:21.525  2592  2592 I art     :   at java.lang.Object java.lang.reflect.Method.invoke!(java.lang.Object, java.lang.Object[]) (Method.java:-2)
07-13 23:36:21.525  2592  2592 I art     :   at void com.android.internal.os.ZygoteInit$MethodAndArgsCaller.run() (ZygoteInit.java:893)
07-13 23:36:21.525  2592  2592 I art     :   at void com.android.internal.os.ZygoteInit.main(java.lang.String[]) (ZygoteInit.java:783)
07-13 23:36:21.525  2592  2592 I art     : Caused by: java.lang.ClassNotFoundException: Didn't find class "android.webkit.PacProcessor" on path: DexPathList[[zip file "/data/app/com.google.android.webview-1/base.apk", zip file "/data/app/com.google.android.webview-1/split_config.ru.apk"],nativeLibraryDirectories=[/data/app/com.google.android.webview-1/lib/x86, /data/app/com.google.android.webview-1/base.apk!/lib/x86, /data/app/com.google.android.webview-1/split_config.ru.apk!/lib/x86, /system/lib, /vendor/lib]]
07-13 23:36:21.525  2592  2592 I art     :   at java.lang.Class dalvik.system.BaseDexClassLoader.findClass(java.lang.String) (BaseDexClassLoader.java:56)
07-13 23:36:21.525  2592  2592 I art     :   at java.lang.Class java.lang.ClassLoader.loadClass(java.lang.String, boolean) (ClassLoader.java:380)
07-13 23:36:21.525  2592  2592 I art     :   at java.lang.Class java.lang.ClassLoader.loadClass(java.lang.String) (ClassLoader.java:312)
07-13 23:36:21.525  2592  2592 I art     :   at java.lang.Class java.lang.Class.classForName!(java.lang.String, boolean, java.lang.ClassLoader) (Class.java:-2)
07-13 23:36:21.525  2592  2592 I art     :   at java.lang.Class java.lang.Class.forName(java.lang.String, boolean, java.lang.ClassLoader) (Class.java:400)
07-13 23:36:21.525  2592  2592 I art     :   at java.lang.Class android.webkit.WebViewFactory.getProviderClass() (WebViewFactory.java:352)
07-13 23:36:21.525  2592  2592 I art     :   at android.webkit.WebViewFactoryProvider android.webkit.WebViewFactory.getProvider() (WebViewFactory.java:195)
07-13 23:36:21.525  2592  2592 I art     :   at java.lang.String android.webkit.WebSettings.getDefaultUserAgent(android.content.Context) (WebSettings.java:1246)
07-13 23:36:21.525  2592  2592 I art     :   at java.lang.String d.b.a.v.h.o(android.content.Context) (DeviceUtil.java:2)
07-13 23:36:21.525  2592  2592 I art     :   at org.json.JSONObject d.b.a.c.f.a(android.content.Context, org.json.JSONObject) (ApiHelper.java:18)
07-13 23:36:21.525  2592  2592 I art     :   at void d.b.a.c.f.f(android.content.Context) (ApiHelper.java:2)
07-13 23:36:21.525  2592  2592 I art     :   at void com.android.launcher3.launcher3.Launcher.W() (Launcher.java:8)
