07-14 13:36:42.034  2179  2208 W PackageManager: Unknown permission android.permission.MANAGE_CLOUDSEARCH in package com.android.vending
07-14 13:36:42.034  2179  2208 W PackageManager: Unknown permission android.permission.ACCESS_ADSERVICES_AD_ID in package com.android.vending
07-14 13:36:42.034  2179  2208 W PackageManager: Unknown permission android.permission.ACCESS_ADSERVICES_ATTRIBUTION in package com.android.vending
07-14 13:36:42.034  2179  2208 W PackageManager: Not granting permission android.permission.SEND_DOWNLOAD_COMPLETED_INTENTS to package com.android.vending (protectionLevel=2 flags=0x284abec5)
07-14 13:36:42.034  2179  2208 W PackageManager: Unknown permission android.permission.USE_BIOMETRIC in package com.android.vending
07-14 13:36:42.034  2179  2208 W PackageManager: Unknown permission com.google.android.setupwizard.SETUP_PROGRESS_SERVICE in package com.android.vending
07-14 13:36:42.034  2179  2208 W PackageManager: Unknown permission android.permission.SEND_SAFETY_CENTER_UPDATE in package com.android.vending
07-14 13:36:42.034  2179  2208 W PackageManager: Unknown permission android.permission.ALLOCATE_AGGRESSIVE in package com.android.vending
07-14 13:36:42.034  2179  2208 W PackageManager: Not granting permission android.permission.SET_PREFERRED_APPLICATIONS to package com.android.vending (protectionLevel=2 flags=0x284abec5)
07-14 13:36:42.034  2179  2208 W PackageManager: Unknown permission android.permission.ACCESS_INSTANT_APPS in package com.android.vending
07-14 13:36:42.034  2179  2208 W PackageManager: Unknown permission android.permission.MANAGE_APP_OPS_MODES in package com.android.vending
07-14 13:36:42.034  2179  2208 W PackageManager: Unknown permission android.permission.MANAGE_ROLLBACKS in package com.android.vending
07-14 13:36:42.034  2179  2208 W PackageManager: Unknown permission android.permission.SET_HARMFUL_APP_WARNINGS in package com.android.vending
07-14 13:36:42.034  2179  2208 W PackageManager: Unknown permission android.permission.LOADER_USAGE_STATS in package com.android.vending
07-14 13:36:42.034  2179  2208 W PackageManager: Unknown permission com.google.android.gms.permission.BIOAUTH_CONSENT in package com.android.vending
07-14 13:36:42.034  2179  2208 W PackageManager: Unknown permission com.google.android.partnersetup.permission.WRITE_APP_PROVIDER in package com.android.vending
07-14 13:36:42.034  2179  2208 W PackageManager: Unknown permission com.sec.android.provider.badge.permission.READ in package com.android.vending
07-14 13:36:42.034  2179  2208 W PackageManager: Unknown permission com.sec.android.provider.badge.permission.WRITE in package com.android.vending
07-14 13:36:42.034  2179  2208 W PackageManager: Unknown permission com.htc.launcher.permission.READ_SETTINGS in package com.android.vending
07-14 13:36:42.034  2179  2208 W PackageManager: Unknown permission com.htc.launcher.permission.UPDATE_SHORTCUT in package com.android.vending
07-14 13:36:42.034  2179  2208 W PackageManager: Unknown permission com.sonyericsson.home.permission.BROADCAST_BADGE in package com.android.vending
07-14 13:36:42.034  2179  2208 W PackageManager: Unknown permission com.sonymobile.home.permission.PROVIDER_INSERT_BADGE in package com.android.vending
07-14 13:36:42.034  2179  2208 W PackageManager: Unknown permission com.anddoes.launcher.permission.UPDATE_COUNT in package com.android.vending
07-14 13:36:42.034  2179  2208 W PackageManager: Unknown permission com.majeur.launcher.permission.UPDATE_BADGE in package com.android.vending
07-14 13:36:42.034  2179  2208 W PackageManager: Unknown permission com.huawei.android.launcher.permission.CHANGE_BADGE in package com.android.vending
07-14 13:36:42.034  2179  2208 W PackageManager: Unknown permission com.huawei.android.launcher.permission.READ_SETTINGS in package com.android.vending
07-14 13:36:42.034  2179  2208 W PackageManager: Unknown permission com.huawei.android.launcher.permission.WRITE_SETTINGS in package com.android.vending
07-14 13:36:42.034  2179  2208 W PackageManager: Unknown permission android.permission.READ_APP_BADGE in package com.android.vending
07-14 13:36:42.034  2179  2208 W PackageManager: Unknown permission com.oppo.launcher.permission.READ_SETTINGS in package com.android.vending
07-14 13:36:42.034  2179  2208 W PackageManager: Unknown permission com.oppo.launcher.permission.WRITE_SETTINGS in package com.android.vending
07-14 13:36:42.034  2179  2208 W PackageManager: Unknown permission org.chromium.arc.apkcacheprovider.permission.READ_CACHE in package com.android.vending
07-14 13:36:42.034  2179  2208 W PackageManager: Unknown permission org.chromium.arc.apkcacheprovider.permission.WRITE_CACHE in package com.android.vending
07-14 13:36:42.034  2179  2208 W PackageManager: Unknown permission android.permission.READ_RUNTIME_PROFILES in package com.android.vending
07-14 13:36:42.034  2179  2208 W PackageManager: Unknown permission android.permission.FOREGROUND_SERVICE in package com.android.vending
07-14 13:36:42.034  2179  2208 W PackageManager: Unknown permission android.permission.START_ACTIVITIES_FROM_BACKGROUND in package com.android.vending
07-14 13:36:42.034  2179  2208 W PackageManager: Unknown permission com.android.chrome.permission.SHOW_COMPLIANCE_SCREEN in package com.android.vending
07-14 13:36:42.034  2179  2208 W PackageManager: Unknown permission android.permission.CHANGE_OVERLAY_PACKAGES in package com.android.vending
07-14 13:36:42.034  2179  2208 W PackageManager: Unknown permission android.permission.SEND_DEVICE_CUSTOMIZATION_READY in package com.android.vending
07-14 13:36:42.034  2179  2208 W PackageManager: Unknown permission com.android.permission.USE_INSTALLER_V2 in package com.android.vending
07-14 13:36:42.034  2179  2208 W PackageManager: Unknown permission android.permission.QUERY_ALL_PACKAGES in package com.android.vending
07-14 13:36:42.034  2179  2208 W PackageManager: Unknown permission android.permission.OVERRIDE_COMPAT_CHANGE_CONFIG_ON_RELEASE_BUILD in package com.android.vending
07-14 13:36:42.034  2179  2208 W PackageManager: Unknown permission android.permission.ENFORCE_UPDATE_OWNERSHIP in package com.android.vending
07-14 13:36:42.034  2179  2208 W PackageManager: Unknown permission android.permission.LAUNCH_TWO_PANE_SETTINGS_DEEP_LINK in package com.android.vending
07-14 13:36:42.034  2179  2208 W PackageManager: Unknown permission android.permission.POST_NOTIFICATIONS in package com.android.vending
07-14 13:36:42.034  2179  2208 W PackageManager: Unknown permission com.google.android.settings.setup.dock.RUN_DOCK_SETUP in package com.android.vending
07-14 13:36:42.034  2179  2208 W PackageManager: Unknown permission android.permission.FOREGROUND_SERVICE_SYSTEM_EXEMPTED in package com.android.vending
07-14 13:36:42.034  2179  2208 W PackageManager: Unknown permission android.permission.READ_SYSTEM_GRAMMATICAL_GENDER in package com.android.vending
07-14 13:36:42.034  2179  2208 W PackageManager: Unknown permission com.google.android.setupwizard.READ_DEVICE_ORIGIN in package com.android.vending
07-14 13:36:42.034  2179  2208 W PackageManager: Unknown permission com.google.android.setupwizard.READ_DEVICE_ORIGIN_FIRST_PARTY in package com.android.vending
07-14 13:36:42.067  2179  2208 I art     : Starting a blocking GC Explicit
07-14 13:36:42.087  2179  2208 I art     : Explicit concurrent mark sweep GC freed 46942(2MB) AllocSpace objects, 15(444KB) LOS objects, 33% free, 10MB/15MB, paused 370us total 19.439ms
07-14 13:36:42.097  2179  2190 D ConnectivityService: ConnectivityService NetworkRequestInfo binderDied(NetworkRequest [ TRACK_DEFAULT id=13, [ Capabilities: INTERNET&NOT_RESTRICTED&TRUSTED&NOT_VPN] ], android.os.BinderProxy@355ba6)
07-14 13:36:42.097  2179  2316 D ConnectivityService: ConnectivityService NetworkRequestInfo binderDied(NetworkRequest [ LISTEN id=11, [ Capabilities: INTERNET&NOT_RESTRICTED&TRUSTED] ], android.os.BinderProxy@b9c3101)
07-14 13:36:42.097  2179  2232 D ConnectivityService: releasing NetworkRequest [ TRACK_DEFAULT id=13, [ Capabilities: INTERNET&NOT_RESTRICTED&TRUSTED&NOT_VPN] ]
07-14 13:36:42.099  2179  2232 E ConnectivityService: RemoteException caught trying to send a callback msg for NetworkRequest [ TRACK_DEFAULT id=13, [ Capabilities: INTERNET&NOT_RESTRICTED&TRUSTED&NOT_VPN] ]
07-14 13:36:42.099  2179  2232 E ConnectivityService: RemoteException caught trying to send a callback msg for NetworkRequest [ LISTEN id=11, [ Capabilities: INTERNET&NOT_RESTRICTED&TRUSTED] ]
07-14 13:36:42.365  2179  2194 E libprocessgroup: failed to kill 1 processes for processgroup 4756
07-14 13:36:42.702  1882  1882 E         : Couldn't opendir /data/app/vmdl1382106237.tmp: No such file or directory
07-14 13:36:42.702  2179  2208 I ActivityManager: Force stopping com.android.vending appid=10015 user=0: pkg removed
07-14 13:36:42.715  2179  2218 I InputReader: Reconfiguring input devices.  changes=0x00000010
07-14 13:36:42.716  2179  2218 I InputReader: Reconfiguring input devices.  changes=0x00000010
07-14 13:36:42.716  2299  2299 E PhoneInterfaceManager: [PhoneIntfMgr] getCarrierPackageNamesForIntent: No UICC
07-14 13:36:42.725  2299  2299 D CarrierSvcBindHelper: No carrier app for: 0
07-14 13:36:42.735  2299  2299 E PhoneInterfaceManager: [PhoneIntfMgr] getCarrierPackageNamesForIntent: No UICC
07-14 13:36:42.735  2299  2299 D CarrierSvcBindHelper: No carrier app for: 0
07-14 13:36:42.742  2179  2191 W ResourceType: No known package when getting value for resource number 0x7f0803fa
07-14 13:36:42.742  2179  2191 W ResourceType: No known package when getting value for resource number 0x7f1408cb
07-14 13:36:42.751  2179  2192 I ActivityManager: Start proc 4979:com.android.gallery3d/u0a36 for broadcast com.android.gallery3d/.app.PackagesMonitor
07-14 13:36:42.755  2179  2218 I InputReader: Reconfiguring input devices.  changes=0x00000010
07-14 13:36:42.755  4979  4979 W art     : Unexpected CPU variant for X86 using defaults: x86
07-14 13:36:42.758  2299  2299 D CarrierConfigLoader: mHandler: 9 phoneId: 0
07-14 13:36:42.759  2179  2179 W ResourceType: ResTable_typeSpec entry count inconsistent: given 98, previously 101
07-14 13:36:42.760  2179  2179 W ResourceType: ResTable_typeSpec entry count inconsistent: given 3356, previously 3376
07-14 13:36:42.760  2179  2179 W ResourceType: ResTable_typeSpec entry count inconsistent: given 494, previously 4744
07-14 13:36:42.760  2179  2191 W ResourceType: ResTable_typeSpec entry count inconsistent: given 98, previously 101
07-14 13:36:42.760  2179  2191 W ResourceType: ResTable_typeSpec entry count inconsistent: given 3356, previously 3376
07-14 13:36:42.760  2179  2191 W ResourceType: ResTable_typeSpec entry count inconsistent: given 494, previously 4744
07-14 13:36:42.762  2179  2191 W ResourceType: ResTable_typeSpec entry count inconsistent: given 98, previously 101
07-14 13:36:42.763  2179  2191 W ResourceType: ResTable_typeSpec entry count inconsistent: given 3356, previously 3376
07-14 13:36:42.763  2179  2191 W ResourceType: ResTable_typeSpec entry count inconsistent: given 494, previously 4744
07-14 13:36:42.764  2179  2191 W Searchables: No global search activity found
07-14 13:36:42.766  2179  2191 W Searchables: No global search activity found
07-14 13:36:42.766  2179  2191 W VoiceInteractionManagerService: no available voice recognition services found for user 0
07-14 13:36:42.829  4979  4979 I art     : Starting a blocking GC AddRemoveAppImageSpace
07-14 13:36:42.922  4487  4487 W ContextImpl: Calling a method in the system process without a qualified user: android.app.ContextImpl.startService:1371 android.content.ContextWrapper.startService:613 android.content.ContextWrapper.startService:613 com.android.keychain.KeyChainBroadcastReceiver.onReceive:12 android.app.ActivityThread.handleReceiver:3043 
07-14 13:36:42.926  1878  4983 I art     : Starting a blocking GC HeapTrim
07-14 13:36:42.966  4997  4997 I chatty  : uid=10015(com.android.vending) expire 223 lines
07-14 13:36:42.966  2179  3182 I ActivityManager: Start proc 4997:com.android.vending/u0a15 for broadcast com.android.vending/com.google.android.finsky.packagemonitor.impl.PackageMonitorReceiverImpl$RegisteredReceiver
07-14 13:36:43.345  5013  5013 I chatty  : uid=10015(com.android.vending) expire 11 lines
07-14 13:36:43.718  4487  5023 W ContextImpl: Calling a method in the system process without a qualified user: android.app.ContextImpl.bindService:1435 android.content.ContextWrapper.bindService:636 com.android.keychain.AdvertisingIdClient.getAdvertisingIdInfo:78 com.android.keychain.AdvertisingIdClient$1.run:31 java.lang.Thread.run:761 
07-14 13:36:43.890  4997  5027 I chatty  : uid=10015(com.android.vending) LightweightExec expire 11 lines
07-14 13:36:43.941  4997  5030 I chatty  : uid=10015(com.android.vending) expire 25 lines
07-14 13:36:43.987  4997  5029 I chatty  : uid=10015(com.android.vending) LightweightExec expire 6 lines
07-14 13:36:44.073  4997  5031 I chatty  : uid=10015(com.android.vending) expire 23 lines
07-14 13:36:44.099  4997  5049 I chatty  : uid=10015(com.android.vending) bgExecutor #2 expire 68 lines
07-14 13:36:44.194  4997  5028 I chatty  : uid=10015(com.android.vending) LightweightExec expire 7 lines
07-14 13:36:44.297  4997  5045 I chatty  : uid=10015(com.android.vending) bgExecutor #1 expire 37 lines
07-14 13:36:44.298  4997  5058 I chatty  : uid=10015(com.android.vending) bgExecutor #3 expire 39 lines
07-14 13:36:44.301  4997  5039 I chatty  : uid=10015(com.android.vending) bgExecutor #0 expire 52 lines
07-14 13:36:44.333  4997  5085 I chatty  : uid=10015(com.android.vending) expire 5 lines
07-14 13:36:44.346  4997  5001 I chatty  : uid=10015(com.android.vending) Jit thread pool expire 32 lines
07-14 13:36:45.179  5090  5090 I chatty  : uid=10015 com.android.vending:background expire 93 lines
07-14 13:36:45.179  2179  2189 I ActivityManager: Start proc 5090:com.android.vending:background/u0a15 for broadcast com.android.vending/com.google.android.finsky.packagemonitor.backgroundimpl.BackgroundPackageMonitorReceiverImpl$RegisteredReceiver
07-14 13:36:45.180  2179  2189 I ActivityManager: Killing 2630:com.android.printspooler/u0a40 (adj 906): empty #17
07-14 13:36:45.235  2179  3182 D ActivityManager: cleanUpApplicationRecord -- 2630
07-14 13:36:45.560  4997  5104 I chatty  : uid=10015(com.android.vending) expire 4 lines
07-14 13:36:45.700  4997  5036 I chatty  : uid=10015(com.android.vending) ValueStore-2 expire 2 lines
07-14 13:36:45.719  4997  5083 I chatty  : uid=10015(com.android.vending) expire 8 lines
07-14 13:36:45.724  4997  5122 I chatty  : uid=10015(com.android.vending) expire 5 lines
07-14 13:36:45.766  3184  5131 I chatty  : uid=10011 com.google.android.gms.persistent expire 2 lines
07-14 13:36:45.918  2734  3345 W fb4a.DownloadOnDemand: attempting to fetch resource, name:fbt_language_pack.bin, flavor:ru, build: 324485361
07-14 13:36:45.935  3286  5141 I chatty  : uid=10011(com.google.android.gms) expire 1 line
07-14 13:36:45.936  2734  3345 D cloudgaminginterceptor: request intercepted: url=https://b-graph.facebook.com/v3.1/ota_resource
07-14 13:36:45.936  2734  3345 D relenginterceptor: RELENG rewrite skipped, config is disabled.
07-14 13:36:45.936  2734  3345 D defcontigonrelayernative: DefconTigonDelayer starting
07-14 13:36:45.936  2734  3345 D defcontigonrelayernative: DefconTigonDelayer skipped, config is disabled.
07-14 13:36:45.966  5090  5145 I chatty  : uid=10015(com.android.vending) LightweightExec expire 2 lines
07-14 13:36:45.990  3286  5134 I chatty  : uid=10011(com.google.android.gms) expire 1 line
07-14 13:36:45.990  4997  5068 I chatty  : uid=10015(com.android.vending) Thread-5 expire 1 line
07-14 13:36:46.055  2179  2189 D ConnectivityService: requestNetwork for uid/pid:10015/5090 NetworkRequest [ TRACK_DEFAULT id=18, [ Capabilities: INTERNET&NOT_RESTRICTED&TRUSTED&NOT_VPN] ]
07-14 13:36:46.056  2179  2228 D WIFI_UT : got request NetworkRequest [ TRACK_DEFAULT id=18, [ Capabilities: INTERNET&NOT_RESTRICTED&TRUSTED&NOT_VPN] ] with score 60
07-14 13:36:46.056  2179  2228 D WIFI    : got request NetworkRequest [ TRACK_DEFAULT id=18, [ Capabilities: INTERNET&NOT_RESTRICTED&TRUSTED&NOT_VPN] ] with score 60
07-14 13:36:46.056  2179  2245 D Ethernet: got request NetworkRequest [ TRACK_DEFAULT id=18, [ Capabilities: INTERNET&NOT_RESTRICTED&TRUSTED&NOT_VPN] ] with score 60
07-14 13:36:46.056  2299  2299 D PhoneSwitcherNetworkRequstListener: got request NetworkRequest [ TRACK_DEFAULT id=18, [ Capabilities: INTERNET&NOT_RESTRICTED&TRUSTED&NOT_VPN] ] with score 60
07-14 13:36:46.089  5090  5151 I chatty  : uid=10015 com.android.vending:background expire 11 lines
07-14 13:36:46.181  5090  5095 I chatty  : uid=10015(com.android.vending) Jit thread pool expire 10 lines
07-14 13:36:46.199  4997  5105 I chatty  : uid=10015(com.android.vending) expire 2 lines
07-14 13:36:46.245  4997  5165 I chatty  : uid=10015(com.android.vending) expire 1 line
07-14 13:36:46.276  2179  4471 D ConnectivityService: requestNetwork for uid/pid:10015/4997 NetworkRequest [ TRACK_DEFAULT id=19, [ Capabilities: INTERNET&NOT_RESTRICTED&TRUSTED&NOT_VPN] ]
07-14 13:36:46.277  2179  2228 D WIFI_UT : got request NetworkRequest [ TRACK_DEFAULT id=19, [ Capabilities: INTERNET&NOT_RESTRICTED&TRUSTED&NOT_VPN] ] with score 60
07-14 13:36:46.277  2179  2228 D WIFI    : got request NetworkRequest [ TRACK_DEFAULT id=19, [ Capabilities: INTERNET&NOT_RESTRICTED&TRUSTED&NOT_VPN] ] with score 60
07-14 13:36:46.277  2179  2245 D Ethernet: got request NetworkRequest [ TRACK_DEFAULT id=19, [ Capabilities: INTERNET&NOT_RESTRICTED&TRUSTED&NOT_VPN] ] with score 60
07-14 13:36:46.277  2299  2299 D PhoneSwitcherNetworkRequstListener: got request NetworkRequest [ TRACK_DEFAULT id=19, [ Capabilities: INTERNET&NOT_RESTRICTED&TRUSTED&NOT_VPN] ] with score 60
07-14 13:36:46.282  5090  5169 I chatty  : uid=10015(com.android.vending) bgExecutor #1 expire 1 line
07-14 13:36:46.307  4997  5168 I chatty  : uid=10015(com.android.vending) expire 11 lines
07-14 13:36:46.317  3184  3184 I chatty  : uid=10011 com.google.android.gms.persistent expire 10 lines
07-14 13:36:46.349  3286  4736 I chatty  : uid=10011(com.google.android.gms) highpool[7] expire 1 line
07-14 13:36:48.065  5175  5175 I chatty  : uid=10015 com.android.vending:quick_launch expire 93 lines
07-14 13:36:48.066  2179  2189 I ActivityManager: Start proc 5175:com.android.vending:quick_launch/u0a15 for service com.android.vending/com.google.frameworks.client.data.android.server.play.QuickLaunchProcessEndpointService
07-14 13:36:48.265  4997  5202 I chatty  : uid=10015(com.android.vending) expire 8 lines
07-14 13:36:48.270  4997  5201 I chatty  : uid=10015(com.android.vending) ExpressIntegrit expire 6 lines
07-14 13:36:48.274  5175  5178 I chatty  : uid=10015(com.android.vending) Jit thread pool expire 15 lines
07-14 13:36:48.633  4997  5007 I chatty  : uid=10015(com.android.vending) HeapTaskDaemon expire 2 lines
07-14 13:36:48.706  4997  5051 I chatty  : uid=10015(com.android.vending) aslr expire 4 lines
07-14 13:36:49.133  5090  5212 I chatty  : uid=10015(com.android.vending) bgExecutor #3 expire 6 lines
07-14 13:36:49.254  4997  5047 I chatty  : uid=10015(com.android.vending) expire 2 lines
07-14 13:36:49.333  5090  5215 I chatty  : uid=10015(com.android.vending) aslr expire 5 lines
07-14 13:36:49.572  5090  5211 I chatty  : uid=10015(com.android.vending) bgExecutor #2 expire 1 line
07-14 13:36:49.614  4997  5223 E ActivityThread: Failed to find provider info for androidx.car.app.connection
07-14 13:36:49.765  5175  5227 I chatty  : uid=10015(com.android.vending) bgExecutor #1 expire 6 lines
07-14 13:36:49.932  4997  5231 I chatty  : uid=10015(com.android.vending) expire 2 lines
07-14 13:36:49.938  4997  5232 I chatty  : uid=10015(com.android.vending) expire 1 line
07-14 13:36:50.436  5175  5233 I chatty  : uid=10015(com.android.vending) aslr expire 5 lines
07-14 13:36:50.509  4997  5033 I chatty  : uid=10015(com.android.vending) ValueStore-0 expire 1 line
07-14 13:36:50.747  5175  5239 I chatty  : uid=10015(com.android.vending) bgExecutor #2 expire 1 line
07-14 13:36:51.861  2179  2596 W FingerprintService: Rejecting com.android.vending ; not a current user or profile
07-14 13:36:51.865  2179  2316 W FingerprintService: Rejecting com.android.vending ; not a current user or profile
07-14 13:36:51.896  2179  3183 W FingerprintService: Rejecting com.android.vending ; not a current user or profile
07-14 13:36:51.900  2179  4471 W FingerprintService: Rejecting com.android.vending ; not a current user or profile
07-14 13:36:51.987  4997  5088 I chatty  : uid=10015(com.android.vending) expire 5 lines
07-14 13:36:51.989  4997  5089 I chatty  : uid=10015(com.android.vending) expire 1 line
07-14 13:36:52.237  4997  4997 I chatty  : uid=10015(com.android.vending) expire 3 lines
07-14 13:36:52.240  4997  5103 I chatty  : uid=10015(com.android.vending) expire 2 lines
07-14 13:36:52.252  4997  4997 I chatty  : uid=10015(com.android.vending) expire 3 lines
07-14 13:36:52.258  2975  2975 I chatty  : uid=10011(com.google.android.gms) com.google.process.gapps expire 1 line
07-14 13:36:52.267  4997  5045 I chatty  : uid=10015(com.android.vending) bgExecutor #1 expire 1 line
07-14 13:36:52.276  4997  5168 I chatty  : uid=10015(com.android.vending) expire 1 line
07-14 13:36:52.279  4997  4997 I chatty  : uid=10015(com.android.vending) expire 1 line
07-14 13:36:52.308  3184  4956 I chatty  : uid=10011 com.google.android.gms.persistent expire 1 line
07-14 13:36:52.331  4997  5058 I chatty  : uid=10015(com.android.vending) bgExecutor #3 expire 2 lines
07-14 13:36:52.341  3184  5256 I chatty  : uid=10011 com.google.android.gms.persistent expire 2 lines
07-14 13:36:52.361  4997  5045 I Finsky  : [178] aduh.q(83): SCH: jobFinished: 10-73. TimeElapsed: 185ms.
07-14 13:36:52.367  4997  5045 I Finsky  : [178] lbd.apply(1174): AIM: Got app ownership map. App counts: 1. Unique apps: 1
07-14 13:36:52.368  4997  5045 I Finsky  : [178] lbd.apply(1174): AIM: Got app ownership map. App counts: 1. Unique apps: 1
07-14 13:36:52.373  3286  5254 I chatty  : uid=10011(com.google.android.gms) expire 4 lines
07-14 13:36:52.400  4997  4997 I Finsky  : [1] ltt.c(21): AIM: AppInfoManager-Perf > getApps > called for 1 apps
07-14 13:36:52.404  4997  5039 I Finsky  : [172] luy.a(58): AIM: AppInfoManager-Perf > OnDeviceAppInfo > cacheHitCount=0, cacheMissCount=1. Missed  in cache (limit 10) : [com.google.android.play.games]
07-14 13:36:52.422  4997  5168 I Finsky  : [228] tpd.apply(1033): IQ: Creating job 60, for (REQ_GEARHEAD_PROJECTION_OFF, IGNORE_HOLDOFF=true, NETWORK=ANY, PROVISIONING_STATE=PROVISIONED, BACKUP_MANAGER_STATE=BACKUP_READY, AUTHENTICATION_REQUIRED, PROCESS_IMPORTANCE_THRESHOLD=125)
07-14 13:36:52.424  4997  4997 I Finsky  : [1] aduc.accept(195): SCH: Job 10-83 starting
07-14 13:36:52.424  3286  5254 W PackageParser: Unknown element under <manifest>: queries at /data/user_de/0/com.google.android.gms/app_chimera/m/00000016/dl-Pay.optional_242335040700.apk Binary XML file line #11
07-14 13:36:52.425  4997  4997 I Finsky  : [1] BackgroundLoggerHygieneJob.a(28): BL: Hygiene job starting
07-14 13:36:52.426  4997  5168 I Finsky  : [228] tum.G(90): IQ: Bulk scheduling created jobs
07-14 13:36:52.432  4997  5150 I Finsky  : [224] aduh.q(83): SCH: jobFinished: 10-83. TimeElapsed: 7ms.
07-14 13:36:52.438  3184  3184 I chatty  : uid=10011 com.google.android.gms.persistent expire 2 lines
07-14 13:36:52.444  4997  5058 I Finsky  : [191] lbd.apply(1174): AIM: Got app ownership map. App counts: 1. Unique apps: 1
07-14 13:36:52.454  3286  5254 W PackageParser: Unknown element under <manifest>: queries at /data/user_de/0/com.google.android.gms/app_chimera/m/0000000c/AdsDynamite.uncompressed.apk Binary XML file line #15
07-14 13:36:52.458  4997  4997 I Finsky  : [1] aduc.accept(195): SCH: Job 10-87 starting
07-14 13:36:52.458  4997  4997 I Finsky  : [1] UnifiedSyncHygieneJob.b(6): [PLUS] Hygiene sync job starting...
07-14 13:36:52.468  3286  5254 W PackageParser: Unknown element under <manifest>: queries at /data/user_de/0/com.google.android.gms/app_chimera/m/00000010/DynamiteModulesC.uncompressed.apk Binary XML file line #15
07-14 13:36:52.471  4997  5058 I Finsky  : [191] lut.a(231): AIM: AppInfoManager-Perf > ItemModel > CacheSize=6, cacheHitCount=0, cacheMissCount=1, total appsWithNoServerDataCount=0. Missed  in cache (limit 10) : [com.facebook.katana]
07-14 13:36:52.472  4997  5058 I Finsky  : [191] lux.n(24): AIM: AppInfoManager-Perf > ItemModel > ItemStore Called 1 apps cacheOptions = REFRESH_LOCAL_CACHE
07-14 13:36:52.473  4997  5058 I Finsky  : [191] lut.a(1143): AIM: ItemModel fetch - unauth(0), auth([illV5AfXua08smBUedkMDDBL7PULX9YI6LtkKPQSz1s]->1)
07-14 13:36:52.479  4997  5058 I Finsky  : [191] lut.a(231): AIM: AppInfoManager-Perf > ItemModel > CacheSize=6, cacheHitCount=0, cacheMissCount=1, total appsWithNoServerDataCount=0. Missed  in cache (limit 10) : [com.google.android.gms]
07-14 13:36:52.480  3286  5254 W PackageParser: Unknown element under <manifest>: queries at /data/user_de/0/com.google.android.gms/app_chimera/m/00000019/dl-AdsFdrDynamite.integ_241806202020000.apk Binary XML file line #15
07-14 13:36:52.482  4997  5058 I Finsky  : [191] lux.n(24): AIM: AppInfoManager-Perf > ItemModel > ItemStore Called 1 apps cacheOptions = REFRESH_LOCAL_CACHE
07-14 13:36:52.488  4997  5058 I Finsky  : [191] lut.a(1143): AIM: ItemModel fetch - unauth(0), auth([illV5AfXua08smBUedkMDDBL7PULX9YI6LtkKPQSz1s]->1)
07-14 13:36:52.494  3286  5134 I chatty  : uid=10011(com.google.android.gms) expire 2 lines
07-14 13:36:52.498  4997  5045 I Finsky  : [178] qgq.accept(61): SCH: Scheduling phonesky job Id: 3-60, CT: 1720953412430, Constraints: [{ L: 0, D: 86400000, C: 1, I: 1, N: 1 }, { L: 0, D: 0, C: 1, I: 1, N: 0 }]
07-14 13:36:52.522  4997  5045 I Finsky  : [178] pku.a(938): System was updated or GL extensions were already cached.
07-14 13:36:52.526  2299  2310 D TelephonyProvider: subIdString = -1 subId = -1
07-14 13:36:52.697  4997  5007 W art     : Suspending all threads took: 17.852ms
07-14 13:36:52.708  4997  5062 I cr_CronetUrlRequestContext: destroyNativeStreamLocked org.chromium.net.impl.CronetBidirectionalStream@6476c5c
07-14 13:36:52.718  2299  2310 D TelephonyProvider: getPreferredApnIdFromApn: for subId -1
07-14 13:36:52.739  3286  5254 I chatty  : uid=10011(com.google.android.gms) expire 1 line
07-14 13:36:52.753  4997  5039 I Finsky  : [172] nvj.call(436): Initializing FirebaseApp
07-14 13:36:52.754  3286  5134 I chatty  : uid=10011(com.google.android.gms) expire 1 line
07-14 13:36:52.756  2556  2675 V EmulatedCamera_Factory: getCameraInfo: id = 0
07-14 13:36:52.756  2556  2675 D EmulatedCamera_Camera: getCameraInfo , camera orientation: front(90) , back(0)
07-14 13:36:52.761  3286  5265 I chatty  : uid=10011(com.google.android.gms) expire 5 lines
07-14 13:36:52.761  3286  5276 I chatty  : uid=10011(com.google.android.gms) expire 1 line
07-14 13:36:52.772  3184  3192 I chatty  : uid=10011(com.google.android.gms) FinalizerDaemon expire 1 line
07-14 13:36:52.787  3286  3352 I chatty  : uid=10011(com.google.android.gms) highpool[1] expire 2 lines
07-14 13:36:52.796  4997  5039 I FirebaseApp: Device unlocked: initializing all Firebase APIs for app [DEFAULT]
07-14 13:36:52.801  3184  4956 I chatty  : uid=10011 com.google.android.gms.persistent expire 1 line
07-14 13:36:52.808  3286  3352 I chatty  : uid=10011(com.google.android.gms) highpool[1] expire 2 lines
07-14 13:36:52.864  3286  5267 I chatty  : uid=10011(com.google.android.gms) expire 5 lines
07-14 13:36:52.882  3286  5262 I chatty  : uid=10011(com.google.android.gms) expire 4 lines
07-14 13:36:52.888  3184  4954 I chatty  : uid=10011 com.google.android.gms.persistent expire 2 lines
07-14 13:36:52.889  3286  5265 I chatty  : uid=10011(com.google.android.gms) expire 9 lines
07-14 13:36:52.892  3184  3184 I chatty  : uid=10011 com.google.android.gms.persistent expire 11 lines
07-14 13:36:52.893  3286  5254 I chatty  : uid=10011(com.google.android.gms) expire 4 lines
07-14 13:36:52.903  3184  5131 I chatty  : uid=10011 com.google.android.gms.persistent expire 3 lines
07-14 13:36:52.914  4997  5281 W DynamiteModule: Local module descriptor class for com.google.android.gms.measurement.dynamite not found.
07-14 13:36:52.943  4997  5058 D         : static std::unique_ptr<HostConnection> HostConnection::createUnique(uint32_t): call
07-14 13:36:52.944  4997  5058 D         : HostComposition ext GL_OES_EGL_image GL_OES_EGL_image_external GL_OES_depth24 GL_OES_depth32 GL_OES_element_index_uint GL_OES_texture_float GL_OES_texture_float_linear GL_OES_compressed_paletted_texture GL_OES_compressed_ETC1_RGB8_texture GL_OES_depth_texture GL_EXT_texture_format_BGRA8888 GL_APPLE_texture_format_BGRA8888 GL_OES_texture_half_float GL_EXT_robustness GL_OES_texture_half_float_linear GL_OES_packed_depth_stencil GL_OES_vertex_half_float GL_OES_texture_npot GL_OES_rgb8_rgba8 GL_EXT_color_buffer_float GL_EXT_texture_sRGB_decode ANDROID_gles_max_version_3_1 GL_OES_vertex_array_object GL_EXT_texture_buffer GL_EXT_copy_image GL_KHR_texture_compression_astc_ldr GL_KHR_texture_compression_astc_hdr GL_OES_texture_compression_astc GL_OES_EGL_image_external
07-14 13:36:52.991  4997  5281 I DynamiteModule: Considering local module com.google.android.gms.measurement.dynamite:0 and remote module com.google.android.gms.measurement.dynamite:115
07-14 13:36:52.991  4997  5281 I DynamiteModule: Selected remote version of com.google.android.gms.measurement.dynamite, version >= 115
07-14 13:36:53.008  3286  3352 W PackageParser: Unknown element under <manifest>: queries at /data/user_de/0/com.google.android.gms/app_chimera/m/00000016/dl-Pay.optional_242335040700.apk Binary XML file line #11
07-14 13:36:53.010  4997  5281 W System  : ClassLoader referenced unknown path: 
07-14 13:36:53.010  4997  5039 I Finsky  : [172] nvj.call(566): Start requesting FCM Reg Id
07-14 13:36:53.033  4997  5058 D EGL_emulation: rcCreateContext wated version 1.0  rc:4
07-14 13:36:53.088  4997  5281 D ApplicationLoaders: ignored Vulkan layer search path /data/app/com.google.android.gms-1/lib/x86:/data/app/com.google.android.gms-1/base.apk!/lib/x86:/data/app/com.google.android.gms-1/split_config.ru.apk!/lib/x86:/data/app/com.google.android.gms-1/split_config.xhdpi.apk!/lib/x86 for namespace 0xd75f1090
07-14 13:36:53.121  4997  5058 D EGL_emulation: eglMakeCurrent: 0xa887bf00: ver 1 1 (tinfo 0xa7e465c0) (first time)
07-14 13:36:53.121  4997  5058 D EGL_emulation: eglMakeCurrent: 0xa887bf00: ver 1 1 (tinfo 0xa7e465c0) (first time)
07-14 13:36:53.123  4997  5058 D EGL_emulation: rcCreateContext wated version 2.0  rc:4
07-14 13:36:53.137  4997  5058 D EGL_emulation: rcCreateContext wated version 1.0  rc:4
07-14 13:36:53.150  4997  5058 D EGL_emulation: rcCreateContext wated version 2.0  rc:4
07-14 13:36:53.160  4997  5058 D EGL_emulation: rcCreateContext wated version 1.0  rc:4
07-14 13:36:53.168  3184  4956 I chatty  : uid=10011 com.google.android.gms.persistent expire 1 line
07-14 13:36:53.170  4997  5058 D EGL_emulation: rcCreateContext wated version 2.0  rc:4
07-14 13:36:53.180  4997  5058 D EGL_emulation: rcCreateContext wated version 1.0  rc:4
07-14 13:36:53.182  4997  5281 W ResourceType: ResTable_typeSpec entry count inconsistent: given 98, previously 101
07-14 13:36:53.183  4997  5281 W ResourceType: ResTable_typeSpec entry count inconsistent: given 3356, previously 3376
07-14 13:36:53.183  4997  5281 W ResourceType: ResTable_typeSpec entry count inconsistent: given 494, previously 4744
07-14 13:36:53.195  4997  5039 I Finsky  : [172] lut.a(231): AIM: AppInfoManager-Perf > ItemModel > CacheSize=7, cacheHitCount=0, cacheMissCount=1, total appsWithNoServerDataCount=0. Missed  in cache (limit 10) : [com.google.android.play.games]
07-14 13:36:53.197  4997  5039 I Finsky  : [172] lux.n(24): AIM: AppInfoManager-Perf > ItemModel > ItemStore Called 1 apps cacheOptions = REFRESH_LOCAL_CACHE
07-14 13:36:53.198  4997  5039 I Finsky  : [172] lut.a(1143): AIM: ItemModel fetch - unauth(0), auth([illV5AfXua08smBUedkMDDBL7PULX9YI6LtkKPQSz1s]->1)
07-14 13:36:53.202  4997  5202 E AbstractLogEventBuilder: The provided ProductIdOrigin 3 is not one of the process-level expected values: 1 or 2
07-14 13:36:53.203  4997  5202 I Finsky  : [234] aduh.q(83): SCH: jobFinished: 10-82. TimeElapsed: 923ms.
07-14 13:36:53.207  4997  5058 D EGL_emulation: rcCreateContext wated version 2.0  rc:4
07-14 13:36:53.210  3286  3352 W PackageParser: Unknown element under <manifest>: queries at /data/user_de/0/com.google.android.gms/app_chimera/m/0000000c/AdsDynamite.uncompressed.apk Binary XML file line #15
07-14 13:36:53.218  4997  5058 D EGL_emulation: rcCreateContext wated version 1.0  rc:4
07-14 13:36:53.221  4997  5039 I Finsky  : [172] kuw.apply(57): SCH: Scheduling 0 system job(s)
07-14 13:36:53.225  4997  5058 D EGL_emulation: rcCreateContext wated version 2.0  rc:4
07-14 13:36:53.235  4997  5039 I Finsky  : [172] tum.U(21): IQ: start evaluating install requests.
07-14 13:36:53.235  4997  5058 D EGL_emulation: rcCreateContext wated version 1.0  rc:4
07-14 13:36:53.236  4997  5039 I Finsky  : [172] tum.U(53): IQ: no jobs active. Skipping
07-14 13:36:53.248  4997  5062 I cr_CronetUrlRequestContext: destroyNativeStreamLocked org.chromium.net.impl.CronetBidirectionalStream@fb3d63b
07-14 13:36:53.347  4997  5039 I Finsky  : [172] tum.U(503): IQ: 0 scheduled install statuses found to proceed. 
07-14 13:36:53.388  4997  5281 W System  : ClassLoader referenced unknown path: /data/user_de/0/com.google.android.gms/app_chimera/m/00000013/n/x86
07-14 13:36:53.388  4997  5281 W System  : ClassLoader referenced unknown path: /data/user_de/0/com.google.android.gms/app_chimera/m/00000013/n/armeabi-v7a
07-14 13:36:53.388  4997  5281 W System  : ClassLoader referenced unknown path: /data/user_de/0/com.google.android.gms/app_chimera/m/00000013/n/armeabi
07-14 13:36:53.392  4997  4997 I Finsky  : [1] aduc.accept(195): SCH: Job 10-122 starting
07-14 13:36:53.410  3286  3352 W PackageParser: Unknown element under <manifest>: queries at /data/user_de/0/com.google.android.gms/app_chimera/m/00000010/DynamiteModulesC.uncompressed.apk Binary XML file line #15
07-14 13:36:53.420  4997  5281 W DynamiteModule: Local module descriptor class for com.google.android.gms.measurement.dynamite not found.
07-14 13:36:53.453  3286  3352 W PackageParser: Unknown element under <manifest>: queries at /data/user_de/0/com.google.android.gms/app_chimera/m/00000019/dl-AdsFdrDynamite.integ_241806202020000.apk Binary XML file line #15
07-14 13:36:53.473  3286  5304 I chatty  : uid=10011(com.google.android.gms) MLHandler expire 1 line
07-14 13:36:53.527  4997  5058 D EGL_emulation: rcCreateContext wated version 2.0  rc:4
07-14 13:36:53.537  4997  5058 D EGL_emulation: rcCreateContext wated version 1.0  rc:4
07-14 13:36:53.547  4997  5058 D EGL_emulation: rcCreateContext wated version 2.0  rc:4
07-14 13:36:53.557  4997  5058 D EGL_emulation: rcCreateContext wated version 1.0  rc:4
07-14 13:36:53.569  4997  5058 D EGL_emulation: rcCreateContext wated version 2.0  rc:4
07-14 13:36:53.580  4997  5058 D EGL_emulation: rcCreateContext wated version 1.0  rc:4
07-14 13:36:53.591  4997  5058 D EGL_emulation: rcCreateContext wated version 2.0  rc:4
07-14 13:36:53.603  4997  5058 D EGL_emulation: rcCreateContext wated version 1.0  rc:4
07-14 13:36:53.613  4997  5058 D EGL_emulation: rcCreateContext wated version 2.0  rc:4
07-14 13:36:53.623  4997  5058 D EGL_emulation: rcCreateContext wated version 1.0  rc:4
07-14 13:36:53.634  4997  5058 D EGL_emulation: rcCreateContext wated version 2.0  rc:4
07-14 13:36:53.643  4997  5058 D EGL_emulation: rcCreateContext wated version 1.0  rc:4
07-14 13:36:53.654  4997  5058 D EGL_emulation: rcCreateContext wated version 2.0  rc:4
07-14 13:36:53.665  4997  5058 D EGL_emulation: rcCreateContext wated version 1.0  rc:4
07-14 13:36:53.675  4997  5058 D EGL_emulation: rcCreateContext wated version 2.0  rc:4
07-14 13:36:53.685  4997  5058 D EGL_emulation: rcCreateContext wated version 1.0  rc:4
07-14 13:36:53.694  4997  5058 D EGL_emulation: rcCreateContext wated version 2.0  rc:4
07-14 13:36:53.706  4997  5058 D EGL_emulation: rcCreateContext wated version 1.0  rc:4
07-14 13:36:53.721  4997  5058 D EGL_emulation: rcCreateContext wated version 2.0  rc:4
07-14 13:36:53.732  4997  5058 D EGL_emulation: rcCreateContext wated version 1.0  rc:4
07-14 13:36:53.741  4997  5058 D EGL_emulation: rcCreateContext wated version 2.0  rc:4
07-14 13:36:53.752  4997  5058 D EGL_emulation: rcCreateContext wated version 1.0  rc:4
07-14 13:36:53.763  4997  5058 D EGL_emulation: rcCreateContext wated version 2.0  rc:4
07-14 13:36:53.775  4997  5058 D EGL_emulation: rcCreateContext wated version 1.0  rc:4
07-14 13:36:53.788  4997  5058 D EGL_emulation: rcCreateContext wated version 2.0  rc:4
07-14 13:36:53.799  4997  5058 D EGL_emulation: rcCreateContext wated version 1.0  rc:4
07-14 13:36:53.809  5090  5212 I Finsky:background: [181] qgq.accept(61): SCH: Scheduling phonesky job Id: 47-15, CT: 1720953413399, Constraints: [{ L: 0, D: 0, C: 1, I: 1, N: 0 }, { L: 0, D: 0, C: 1, I: 1, N: 0 }]
07-14 13:36:53.813  4997  5058 D EGL_emulation: rcCreateContext wated version 2.0  rc:4
07-14 13:36:53.824  4997  5058 D EGL_emulation: rcCreateContext wated version 1.0  rc:4
07-14 13:36:53.836  4997  5058 D EGL_emulation: rcCreateContext wated version 2.0  rc:4
07-14 13:36:53.848  4997  5058 D EGL_emulation: rcCreateContext wated version 1.0  rc:4
07-14 13:36:53.861  4997  5058 D EGL_emulation: rcCreateContext wated version 2.0  rc:4
07-14 13:36:53.865  5090  5212 I Finsky:background: [181] kuw.apply(57): SCH: Scheduling 1 system job(s)
07-14 13:36:53.866  5090  5212 I Finsky:background: [181] aduf.b(86): SCH: Scheduling system job Id: 10062, L: 0, D: 0, C: false, I: false, N: 0
07-14 13:36:53.872  5090  5090 I Finsky:background: [1] advq.onStartJob(128): SCH: job service start with id 10062.
07-14 13:36:53.878  4997  5058 D EGL_emulation: rcCreateContext wated version 1.0  rc:4
07-14 13:36:53.879  4997  5306 I FA      : App measurement initialized, version: 95014
07-14 13:36:53.879  4997  5306 I FA      : To enable debug logging run: adb shell setprop log.tag.FA VERBOSE
07-14 13:36:53.880  4997  5306 I FA      : To enable faster debug mode event logging run:
07-14 13:36:53.880  4997  5306 I FA      :   adb shell setprop debug.firebase.analytics.app com.android.vending
07-14 13:36:54.527  4997  5058 D EGL_emulation: rcCreateContext wated version 2.0  rc:4
07-14 13:36:54.555  4997  5058 D EGL_emulation: rcCreateContext wated version 1.0  rc:4
07-14 13:36:54.569  4997  5058 D EGL_emulation: rcCreateContext wated version 2.0  rc:4
07-14 13:36:54.582  4997  5058 D EGL_emulation: rcCreateContext wated version 1.0  rc:4
07-14 13:36:54.596  4997  5058 D EGL_emulation: rcCreateContext wated version 2.0  rc:4
07-14 13:36:54.609  4997  5058 D EGL_emulation: rcCreateContext wated version 1.0  rc:4
07-14 13:36:54.623  4997  5058 D EGL_emulation: rcCreateContext wated version 2.0  rc:4
07-14 13:36:54.636  4997  5058 D EGL_emulation: rcCreateContext wated version 1.0  rc:4
07-14 13:36:54.650  4997  5058 D EGL_emulation: rcCreateContext wated version 2.0  rc:4
07-14 13:36:54.670  4997  5058 D EGL_emulation: rcCreateContext wated version 1.0  rc:4
07-14 13:36:54.688  4997  5058 D EGL_emulation: rcCreateContext wated version 2.0  rc:4
07-14 13:36:54.713  4997  5058 D EGL_emulation: rcCreateContext wated version 1.0  rc:4
07-14 13:36:54.727  4997  5058 D EGL_emulation: rcCreateContext wated version 2.0  rc:4
07-14 13:36:54.741  4997  5058 D EGL_emulation: rcCreateContext wated version 1.0  rc:4
07-14 13:36:54.755  4997  5058 D EGL_emulation: rcCreateContext wated version 2.0  rc:4
07-14 13:36:54.769  4997  5058 D EGL_emulation: rcCreateContext wated version 1.0  rc:4
07-14 13:36:54.784  4997  5058 D EGL_emulation: rcCreateContext wated version 2.0  rc:4
07-14 13:36:54.798  4997  5058 D EGL_emulation: rcCreateContext wated version 1.0  rc:4
07-14 13:36:54.812  4997  5058 D EGL_emulation: rcCreateContext wated version 2.0  rc:4
07-14 13:36:54.836  4997  5058 D EGL_emulation: rcCreateContext wated version 1.0  rc:4
07-14 13:36:54.851  4997  5058 D EGL_emulation: rcCreateContext wated version 2.0  rc:4
07-14 13:36:54.867  4997  5058 D EGL_emulation: rcCreateContext wated version 1.0  rc:4
07-14 13:36:54.883  4997  5058 D EGL_emulation: rcCreateContext wated version 2.0  rc:4
07-14 13:36:54.899  4997  5058 D EGL_emulation: rcCreateContext wated version 1.0  rc:4
07-14 13:36:54.918  4997  5058 D EGL_emulation: rcCreateContext wated version 2.0  rc:4
07-14 13:36:54.933  4997  5058 D EGL_emulation: rcCreateContext wated version 1.0  rc:4
07-14 13:36:54.947  4997  5058 D EGL_emulation: rcCreateContext wated version 2.0  rc:4
07-14 13:36:55.117  4997  5029 I Finsky  : [162] aduh.q(83): SCH: jobFinished: 10-122. TimeElapsed: 1724ms.
07-14 13:36:56.214  4081  4137 W art     : Long monitor contention with owner AsyncTask #2 (4139) at com.android.org.conscrypt.PinListEntry com.android.org.conscrypt.CertPinManager.lookup(java.lang.String)(CertPinManager.java:-1) waiters=0 in com.android.org.conscrypt.PinListEntry com.android.org.conscrypt.CertPinManager.lookup(java.lang.String) for 1.096s
07-14 13:36:56.284  5090  5164 I Finsky:background: [178] acnq.a(566): SCH: Satisfied jobs for 10062 are: 47-15
07-14 13:36:56.287  4997  4997 I Finsky  : [1] aduc.accept(195): SCH: Job 10-124 starting
07-14 13:36:56.292  5090  5318 I Finsky:background: [190] aduc.accept(195): SCH: Job 47-15 starting
07-14 13:36:56.565  3286  3286 I chatty  : uid=10011(com.google.android.gms) expire 12 lines
07-14 13:36:56.578  3286  5321 I chatty  : uid=10011(com.google.android.gms) MLHandler expire 1 line
07-14 13:36:56.614  3184  4094 I chatty  : uid=10011 com.google.android.gms.persistent expire 1 line
07-14 13:36:56.708  5090  5211 I Finsky:background: [180] qgq.accept(61): SCH: Scheduling phonesky job Id: 47-30, CT: 1720953416557, Constraints: [{ L: 0, D: 172800000, C: 1, I: 1, N: 1 }, { L: 0, D: 0, C: 1, I: 1, N: 0 }]
07-14 13:36:56.719  5090  5095 I art     : Do partial code cache collection, code=120KB, data=97KB
07-14 13:36:56.719  5090  5095 I art     : After code cache collection, code=120KB, data=97KB
07-14 13:36:56.719  5090  5095 I art     : Increasing code cache capacity to 512KB
07-14 13:36:56.919  5090  5120 I Finsky:background: [169] kuw.apply(57): SCH: Scheduling 1 system job(s)
07-14 13:36:56.920  5090  5120 I Finsky:background: [169] aduf.b(86): SCH: Scheduling system job Id: 10065, L: 0, D: 172799638, C: false, I: false, N: 1
07-14 13:36:56.926  5090  5090 I Finsky:background: [1] advq.onStartJob(128): SCH: job service start with id 10065.
07-14 13:36:57.035  5090  5113 I Finsky:background: [163] lkm.ky(605): [AUC]: Logging complete
07-14 13:36:57.036  5090  5113 I Finsky:background: [163] aduh.q(83): SCH: jobFinished: 47-15. TimeElapsed: 513ms.
07-14 13:36:57.045  5090  5164 I Finsky:background: [178] acnq.a(566): SCH: Satisfied jobs for 10065 are: 47-30
07-14 13:36:57.046  5090  5318 I Finsky:background: [190] aduc.accept(195): SCH: Job 47-30 starting
07-14 13:36:57.046  5090  5164 I Finsky:background: [178] acnq.a(566): SCH: Satisfied jobs for 10062 are: 47-30
07-14 13:36:57.048  5090  5090 I Finsky:background: [1] mfs.a(59): [AUC] Creating standard logger for account [illV5AfXua08smBUedkMDDBL7PULX9YI6LtkKPQSz1s]
07-14 13:36:57.048  5090  5090 I Finsky:background: [1] nxg.d(126): playLoggingServerUrl: https://play.googleapis.com/play/log
07-14 13:36:57.048  5090  5090 I Finsky:background: [1] nxg.d(145): playLoggingServerTimestampUrl: https://play.googleapis.com/play/log/timestamp
07-14 13:36:57.085  5090  5090 I Finsky:background: [1] lkm.ky(194): [AUC]: Logs flushed for account: [illV5AfXua08smBUedkMDDBL7PULX9YI6LtkKPQSz1s]
07-14 13:36:57.085  5090  5090 I Finsky:background: [1] mfr.ky(743): [AUC]: Finished flush job
07-14 13:36:57.087  5090  5090 I Finsky:background: [1] aduh.q(83): SCH: jobFinished: 47-30. TimeElapsed: 40ms.
07-14 13:36:57.125  5090  5211 I Finsky:background: [180] adub.a(15): SCH: no pending jobs to schedule.
07-14 13:36:57.125  5090  5318 I Finsky:background: [190] advq.a(26): SCH: job service finished with id 10062.
07-14 13:36:57.127  5090  5120 I Finsky:background: [169] adub.a(15): SCH: no pending jobs to schedule.
07-14 13:36:57.128  5090  5318 I Finsky:background: [190] advq.a(26): SCH: job service finished with id 10065.
07-14 13:36:57.685  4997  5045 I Finsky  : [178] qgq.accept(61): SCH: Scheduling phonesky job Id: 34-12, CT: 1720953413451, Constraints: [{ L: 0, D: 1296000000, C: 1, I: 1, N: 1 }, { L: 0, D: 0, C: 1, I: 1, N: 0 }]
07-14 13:36:57.686  4997  5045 I Finsky  : [178] qgq.accept(61): SCH: Scheduling phonesky job Id: 34-14, CT: 1720953413451, Constraints: [{ L: 239868587, D: 1535868587, C: 1, I: 1, N: 2 }]
07-14 13:36:57.686  4997  5045 I Finsky  : [178] qgq.accept(61): SCH: Scheduling phonesky job Id: 34-13, CT: 1720953413451, Constraints: [{ L: 40647794, D: 1336647794, C: 2, I: 2, N: 2 }, { L: 40647794, D: 1336647794, C: 1, I: 2, N: 2 }]
07-14 13:36:57.695  4997  5031 I Finsky  : [164] zuv.h(14): Triggered update for experiment package com.google.android.finsky.stable.
07-14 13:36:57.696  4997  5058 I ShortcutBadger: Checking if platform supports badge counters, attempt 1/3.
07-14 13:36:57.698  4997  5045 I Finsky  : [178] bn.run(495): Initializing the instant apps module.
07-14 13:36:57.705  4997  5058 I ShortcutBadger: Checking if platform supports badge counters, attempt 2/3.
07-14 13:36:57.707  4997  5058 I ShortcutBadger: Checking if platform supports badge counters, attempt 3/3.
07-14 13:36:57.709  4997  5058 W ShortcutBadger: Badge counter seems not supported in this platform: unable to resolve intent: Intent { act=android.intent.action.BADGE_COUNT_UPDATE (has extras) }
07-14 13:36:57.715  4997  5058 I Finsky  : [191] lxq.run(634): Component class com.google.android.finsky.wearsupport.WearSupportService disabled via PackageManager.
07-14 13:36:57.715  4997  5058 I Finsky  : [191] lxq.run(634): Component class com.google.android.finsky.wearsupport.WearChangeListenerService disabled via PackageManager.
07-14 13:36:57.715  4997  5058 I Finsky  : [191] akwa.apply(100): [PLUS] Adding payload
07-14 13:36:57.716  4997  5058 I Finsky  : [191] akwa.apply(100): [PLUS] Adding payload
07-14 13:36:57.717  4997  5058 I Finsky  : [191] akwa.apply(100): [PLUS] Adding payload
07-14 13:36:57.718  4997  5058 I Finsky  : [191] akwa.apply(100): [PLUS] Adding payload
07-14 13:36:57.720  4997  5058 I Finsky  : [191] akwa.apply(100): [PLUS] Adding payload
07-14 13:36:57.721  4997  5058 I Finsky  : [191] akwa.apply(100): [PLUS] Adding payload
07-14 13:36:57.721  4997  5058 I Finsky  : [191] akwa.apply(100): [PLUS] Adding payload
07-14 13:36:57.722  4997  5058 I Finsky  : [191] akwa.apply(100): [PLUS] Adding payload
07-14 13:36:57.722  4997  5058 I Finsky  : [191] akwa.apply(100): [PLUS] Adding payload
07-14 13:36:57.722  4997  5058 I Finsky  : [191] akwa.apply(100): [PLUS] Adding payload
07-14 13:36:57.723  4997  5058 I Finsky  : [191] akwa.apply(100): [PLUS] Adding payload
07-14 13:36:57.723  4997  5058 I Finsky  : [191] akwa.apply(100): [PLUS] Adding payload
07-14 13:36:57.724  4997  5058 I Finsky  : [191] akwa.apply(100): [PLUS] Adding payload
07-14 13:36:57.724  4997  5058 I Finsky  : [191] akwa.apply(100): [PLUS] Adding payload
07-14 13:36:57.725  4997  5058 I Finsky  : [191] akwa.apply(100): [PLUS] Adding payload
07-14 13:36:57.725  4997  5058 I Finsky  : [191] akwa.apply(100): [PLUS] Adding payload
07-14 13:36:57.726  4997  5058 I Finsky  : [191] akwa.apply(100): [PLUS] Adding payload
07-14 13:36:57.726  4997  5058 I Finsky  : [191] akwa.apply(100): [PLUS] Adding payload
07-14 13:36:57.726  4997  5058 I Finsky  : [191] akwa.apply(100): [PLUS] Adding payload
07-14 13:36:57.727  4997  5058 I Finsky  : [191] akwa.apply(100): [PLUS] Adding payload
07-14 13:36:57.727  4997  5058 I Finsky  : [191] akwa.apply(100): [PLUS] Adding payload
07-14 13:36:57.728  4997  5058 I Finsky  : [191] akwa.apply(100): [PLUS] Adding payload
07-14 13:36:57.728  4997  5058 I Finsky  : [191] akwa.apply(100): [PLUS] Adding payload
07-14 13:36:57.733  4997  4997 I Finsky  : [1] aevm.run(232): Detected restoreservicev2://recovery not needed, will not run
07-14 13:36:57.736  4997  5058 I Finsky  : [191] aduh.q(83): SCH: jobFinished: 10-124. TimeElapsed: 1448ms.
07-14 13:36:57.744  4997  5085 I Finsky  : [208] pud.accept(83): Wrote row to frosting DB: 125
07-14 13:36:57.749  4997  5058 I Finsky  : [191] tzz.a(274): FCM registered diZki5C_QC2vIBCv_VIecY:APA91bEBEFd3dwX2f_IDgq5Xnhkw2waRX_7P272XbmQDkfufgDbooKDf7mwM5VSEROI8PXf4LV1wAzxFexnjWAxxYl30ZYlyEiRRFPdXNZFGHXzqYz9ZDW_22Xweq3IZjyn54VVF2-YF
07-14 13:36:57.749  4997  4997 I Finsky  : [1] aduc.accept(195): SCH: Job 37-1 starting
07-14 13:36:57.750  4997  5088 I Finsky  : [211] aspc.e(7): registerListener
07-14 13:36:57.750  4997  5088 I Finsky  : [211] awiq.K(6): getDownloads()
07-14 13:36:57.755  4997  5202 I Finsky  : [234] acdi.call(1160): [profile-inception]: Profile setup started.
07-14 13:36:57.759  5090  5157 I Finsky:background: [176] pue.j(6): DS: getDownloads()
07-14 13:36:57.793  4997  5007 W art     : Suspending all threads took: 25.727ms
07-14 13:36:57.796  4997  5202 D ProfileInstaller: Installing profile for com.android.vending
07-14 13:36:57.803  4997  5088 I Finsky  : [211] sr.run(45): Initialized AssetModuleDownloader.
