07-13 23:36:17.916  2180  2219 W EventHub: Unable to disable kernel key repeat for /dev/input/event5: Function not implemented
07-13 23:36:17.916  2180  2219 I EventHub: removing ALPHAKEY class from /dev/input/event5
07-13 23:36:17.916  2180  2219 I EventHub: New device: id=2, fd=89, path='/dev/input/event5', name='gpio-keys', classes=0x81, configuration='', keyLayout='/system/usr/keylayout/gpio-keys.kl', keyCharacterMap='/system/usr/keychars/gpio-keys.kcm', builtinKeyboard=false, wakeMechanism=EPOLLWAKEUP, usingClockIoctl=true
07-13 23:36:17.916  2180  2180 I SystemServer: IpConnectivityMetrics
07-13 23:36:17.916  2180  2180 I SystemServiceManager: Starting com.android.server.connectivity.IpConnectivityMetrics
07-13 23:36:17.918  2180  2180 I SystemServer: PinnerService
07-13 23:36:17.918  2180  2180 I SystemServiceManager: Starting com.android.server.PinnerService
07-13 23:36:17.918  2180  2219 W EventHub: Unable to disable kernel key repeat for /dev/input/event4: Function not implemented
07-13 23:36:17.918  2180  2180 I SystemServiceManager: Starting com.android.server.InputMethodManagerService$Lifecycle
07-13 23:36:17.918  2180  2219 I EventHub: removing ALPHAKEY class from /dev/input/event4
07-13 23:36:17.918  2180  2219 I EventHub: New device: id=3, fd=90, path='/dev/input/event4', name='Android_Input', classes=0x15, configuration='/system/usr/idc/Android_Input.idc', keyLayout='/system/usr/keylayout/Android_Input.kl', keyCharacterMap='/system/usr/keychars/Generic.kcm', builtinKeyboard=false, wakeMechanism=EPOLLWAKEUP, usingClockIoctl=true
07-13 23:36:17.918  2180  2219 E EventHub: could not get driver version for /dev/input/mouse0, Not a typewriter
07-13 23:36:17.921  2180  2180 I InputMethodManagerService: All the enabled IMEs are gone. Reset default enabled IMEs.
07-13 23:36:17.921  2180  2180 W InputMethodUtils: Found no fallback locale. imis=[]
07-13 23:36:17.921  2180  2180 W InputMethodUtils: No software keyboard is found. imis=[] fallbackLocale=null
07-13 23:36:17.922  2180  2180 I SystemServer: StartAccessibilityManagerService
07-13 23:36:17.931  1876  1876 D SurfaceFlinger: setOrientation, mFbdev=0xd6fce480, mFbDev->setOrientation=0xd760c050, orientation=0
07-13 23:36:17.931  1876  1876 I gralloc_nox: setOrientation: orientation=0
07-13 23:36:17.932  2180  2180 I SystemServiceManager: Starting com.android.server.MountService$Lifecycle
07-13 23:36:17.935  2180  2180 I SystemServiceManager: Starting com.android.server.UiModeManagerService
07-13 23:36:17.935  2180  2220 D MountService: Thinking about init, mSystemReady=false, mDaemonConnected=true
07-13 23:36:17.935  2180  2220 D MountService: Thinking about reset, mSystemReady=false, mDaemonConnected=true
07-13 23:36:17.935  2180  2220 D MountService: Thinking about init, mSystemReady=false, mDaemonConnected=true
07-13 23:36:17.935  2180  2220 D MountService: Thinking about reset, mSystemReady=false, mDaemonConnected=true
07-13 23:36:17.936  2180  2220 D CryptdConnector: SND -> {1 cryptfs getfield SystemLocale}
07-13 23:36:17.936  2180  2180 I ActivityManager: Config changes=200 {1.0 ?mcc?mnc [ru_RU] ldltr ?swdp ?wdp ?hdp ?density ?lsize ?long ?orien ?touch ?keyb/?/? ?nav/? s.2}
07-13 23:36:17.937  2180  2222 D CryptdConnector: RCV <- {200 1 -1}
07-13 23:36:17.937  2180  2220 W MountService: No primary storage mounted!
07-13 23:36:17.937  2180  2200 I ActivityManager: Config changes=1dfb {1.0 250mcc1mnc [ru_RU] ldltr sw540dp w540dp h936dp 320dpi lrg long port -touch -keyb/v/h -nav/h s.3}
07-13 23:36:17.938  2180  2220 D VoldConnector: SND -> {1 asec list}
07-13 23:36:17.938  2180  2221 D VoldConnector: RCV <- {200 1 asec operation succeeded}
07-13 23:36:17.939  2180  2220 I PackageManager: No secure containers found
07-13 23:36:17.939  2180  2220 W PackageManager: Unknown permission android.permission.READ_DEVICE_CONFIG in package com.android.vending
07-13 23:36:17.939  2180  2180 W PackageManager: No disk maintenance in 7735422939; running immediately
07-13 23:36:17.939  2180  2220 W PackageManager: Unknown permission android.permission.WRITE_DEVICE_CONFIG in package com.android.vending
07-13 23:36:17.940  2180  2220 W PackageManager: Unknown permission android.permission.BLUETOOTH_SCAN in package com.android.vending
07-13 23:36:17.940  2180  2220 W PackageManager: Unknown permission android.permission.BLUETOOTH_ADVERTISE in package com.android.vending
07-13 23:36:17.940  2180  2220 W PackageManager: Unknown permission android.permission.BLUETOOTH_CONNECT in package com.android.vending
07-13 23:36:17.940  2180  2220 W PackageManager: Unknown permission android.permission.NEARBY_WIFI_DEVICES in package com.android.vending
07-13 23:36:17.940  2180  2220 W PackageManager: Not granting permission android.permission.HIDE_NON_SYSTEM_OVERLAY_WINDOWS to package com.android.vending (protectionLevel=258 flags=0x284abec5)
07-13 23:36:17.940  2180  2220 W PackageManager: Unknown permission android.permission.MANAGE_CLOUDSEARCH in package com.android.vending
07-13 23:36:17.940  2180  2220 W PackageManager: Unknown permission android.permission.ACCESS_ADSERVICES_AD_ID in package com.android.vending
07-13 23:36:17.940  2180  2220 W PackageManager: Unknown permission android.permission.ACCESS_ADSERVICES_ATTRIBUTION in package com.android.vending
07-13 23:36:17.940  2180  2220 W PackageManager: Not granting permission android.permission.SEND_DOWNLOAD_COMPLETED_INTENTS to package com.android.vending (protectionLevel=2 flags=0x284abec5)
07-13 23:36:17.940  2180  2220 W PackageManager: Unknown permission android.permission.USE_BIOMETRIC in package com.android.vending
07-13 23:36:17.940  2180  2220 W PackageManager: Unknown permission com.google.android.setupwizard.SETUP_PROGRESS_SERVICE in package com.android.vending
07-13 23:36:17.940  2180  2220 W PackageManager: Unknown permission android.permission.SEND_SAFETY_CENTER_UPDATE in package com.android.vending
07-13 23:36:17.940  2180  2220 W PackageManager: Unknown permission android.permission.ALLOCATE_AGGRESSIVE in package com.android.vending
07-13 23:36:17.940  2180  2220 W PackageManager: Not granting permission android.permission.SET_PREFERRED_APPLICATIONS to package com.android.vending (protectionLevel=2 flags=0x284abec5)
07-13 23:36:17.940  2180  2220 W PackageManager: Unknown permission android.permission.ACCESS_INSTANT_APPS in package com.android.vending
07-13 23:36:17.940  2180  2220 W PackageManager: Unknown permission android.permission.MANAGE_APP_OPS_MODES in package com.android.vending
07-13 23:36:17.940  2180  2220 W PackageManager: Unknown permission android.permission.MANAGE_ROLLBACKS in package com.android.vending
07-13 23:36:17.940  2180  2220 W PackageManager: Unknown permission android.permission.SET_HARMFUL_APP_WARNINGS in package com.android.vending
07-13 23:36:17.940  2180  2220 W PackageManager: Unknown permission android.permission.LOADER_USAGE_STATS in package com.android.vending
07-13 23:36:17.940  2180  2220 W PackageManager: Unknown permission com.google.android.gms.permission.BIOAUTH_CONSENT in package com.android.vending
07-13 23:36:17.940  2180  2220 W PackageManager: Unknown permission com.google.android.partnersetup.permission.WRITE_APP_PROVIDER in package com.android.vending
07-13 23:36:17.940  2180  2220 W PackageManager: Unknown permission com.sec.android.provider.badge.permission.READ in package com.android.vending
07-13 23:36:17.940  2180  2220 W PackageManager: Unknown permission com.sec.android.provider.badge.permission.WRITE in package com.android.vending
07-13 23:36:17.940  2180  2220 W PackageManager: Unknown permission com.htc.launcher.permission.READ_SETTINGS in package com.android.vending
07-13 23:36:17.940  2180  2220 W PackageManager: Unknown permission com.htc.launcher.permission.UPDATE_SHORTCUT in package com.android.vending
07-13 23:36:17.940  2180  2220 W PackageManager: Unknown permission com.sonyericsson.home.permission.BROADCAST_BADGE in package com.android.vending
07-13 23:36:17.940  2180  2220 W PackageManager: Unknown permission com.sonymobile.home.permission.PROVIDER_INSERT_BADGE in package com.android.vending
07-13 23:36:17.940  2180  2220 W PackageManager: Unknown permission com.anddoes.launcher.permission.UPDATE_COUNT in package com.android.vending
07-13 23:36:17.940  2180  2220 W PackageManager: Unknown permission com.majeur.launcher.permission.UPDATE_BADGE in package com.android.vending
07-13 23:36:17.940  2180  2220 W PackageManager: Unknown permission com.huawei.android.launcher.permission.CHANGE_BADGE in package com.android.vending
07-13 23:36:17.940  2180  2220 W PackageManager: Unknown permission com.huawei.android.launcher.permission.READ_SETTINGS in package com.android.vending
07-13 23:36:17.940  2180  2220 W PackageManager: Unknown permission com.huawei.android.launcher.permission.WRITE_SETTINGS in package com.android.vending
07-13 23:36:17.940  2180  2220 W PackageManager: Unknown permission android.permission.READ_APP_BADGE in package com.android.vending
07-13 23:36:17.940  2180  2220 W PackageManager: Unknown permission com.oppo.launcher.permission.READ_SETTINGS in package com.android.vending
07-13 23:36:17.940  2180  2220 W PackageManager: Unknown permission com.oppo.launcher.permission.WRITE_SETTINGS in package com.android.vending
07-13 23:36:17.940  2180  2220 W PackageManager: Unknown permission org.chromium.arc.apkcacheprovider.permission.READ_CACHE in package com.android.vending
07-13 23:36:17.940  2180  2220 W PackageManager: Unknown permission org.chromium.arc.apkcacheprovider.permission.WRITE_CACHE in package com.android.vending
07-13 23:36:17.940  2180  2220 W PackageManager: Unknown permission android.permission.READ_RUNTIME_PROFILES in package com.android.vending
07-13 23:36:17.940  2180  2220 W PackageManager: Unknown permission android.permission.FOREGROUND_SERVICE in package com.android.vending
07-13 23:36:17.940  2180  2220 W PackageManager: Unknown permission android.permission.START_ACTIVITIES_FROM_BACKGROUND in package com.android.vending
07-13 23:36:17.940  2180  2220 W PackageManager: Unknown permission com.android.chrome.permission.SHOW_COMPLIANCE_SCREEN in package com.android.vending
07-13 23:36:17.940  2180  2220 W PackageManager: Unknown permission android.permission.CHANGE_OVERLAY_PACKAGES in package com.android.vending
07-13 23:36:17.940  2180  2220 W PackageManager: Unknown permission android.permission.SEND_DEVICE_CUSTOMIZATION_READY in package com.android.vending
07-13 23:36:17.940  2180  2220 W PackageManager: Unknown permission com.android.permission.USE_INSTALLER_V2 in package com.android.vending
07-13 23:36:17.940  2180  2220 W PackageManager: Unknown permission android.permission.QUERY_ALL_PACKAGES in package com.android.vending
07-13 23:36:17.940  2180  2220 W PackageManager: Unknown permission android.permission.OVERRIDE_COMPAT_CHANGE_CONFIG_ON_RELEASE_BUILD in package com.android.vending
07-13 23:36:17.940  2180  2220 W PackageManager: Unknown permission android.permission.ENFORCE_UPDATE_OWNERSHIP in package com.android.vending
07-13 23:36:17.940  2180  2220 W PackageManager: Unknown permission android.permission.LAUNCH_TWO_PANE_SETTINGS_DEEP_LINK in package com.android.vending
07-13 23:36:17.940  2180  2220 W PackageManager: Unknown permission android.permission.POST_NOTIFICATIONS in package com.android.vending
07-13 23:36:17.940  2180  2220 W PackageManager: Unknown permission com.google.android.settings.setup.dock.RUN_DOCK_SETUP in package com.android.vending
07-13 23:36:17.940  2180  2220 W PackageManager: Unknown permission android.permission.FOREGROUND_SERVICE_SYSTEM_EXEMPTED in package com.android.vending
07-13 23:36:17.940  2180  2220 W PackageManager: Unknown permission android.permission.READ_SYSTEM_GRAMMATICAL_GENDER in package com.android.vending
07-13 23:36:17.940  2180  2220 W PackageManager: Unknown permission com.google.android.setupwizard.READ_DEVICE_ORIGIN in package com.android.vending
07-13 23:36:17.940  2180  2220 W PackageManager: Unknown permission com.google.android.setupwizard.READ_DEVICE_ORIGIN_FIRST_PARTY in package com.android.vending
07-13 23:36:17.940  2180  2180 I SystemServer: StartLockSettingsService
07-13 23:36:17.940  2180  2220 W PackageManager: Unknown permission com.android.launcher.permission.READ_SETTINGS in package com.android.launcher3
07-13 23:36:17.940  2180  2220 W PackageManager: Unknown permission com.android.launcher.permission.WRITE_SETTINGS in package com.android.launcher3
07-13 23:36:17.940  2180  2220 W PackageManager: Unknown permission com.android.launcher3.permission.WRITE_SETTINGS in package com.android.launcher3
07-13 23:36:17.940  2180  2180 I SystemServiceManager: Starting com.android.server.LockSettingsService$Lifecycle
07-13 23:36:17.940  2180  2220 W PackageManager: Unknown permission android.permission.USE_FULL_SCREEN_INTENT in package com.android.launcher3
07-13 23:36:17.940  2180  2220 W PackageManager: Unknown permission android.permission.FOREGROUND_SERVICE in package com.android.launcher3
07-13 23:36:17.941  2180  2220 W PackageManager: Unknown permission android.permission.USE_FULL_SCREEN_INTENT in package com.android.Calendar
07-13 23:36:17.941  2180  2220 W PackageManager: Unknown permission android.permission.FOREGROUND_SERVICE in package com.android.Calendar
07-13 23:36:17.941  2180  2220 W PackageManager: Unknown permission android.Manifest.permission.READ_DEVICE_CONFIG in package com.android.Calendar
07-13 23:36:17.941  2180  2220 W PackageManager: Unknown permission com.applovin.array.apphub.permission.BIND_APPHUB_SERVICE in package com.android.Calendar
07-13 23:36:17.941  2180  2220 W PackageManager: Unknown permission android.permission.FOREGROUND_SERVICE in package com.google.android.webview
07-13 23:36:17.941  2180  2220 W PackageManager: Unknown permission android.permission.FOREGROUND_SERVICE_SPECIAL_USE in package com.google.android.webview
07-13 23:36:17.941  2180  2220 W PackageManager: Unknown permission android.permission.POST_NOTIFICATIONS in package com.google.android.webview
07-13 23:36:17.941  2180  2220 W PackageManager: Unknown permission com.android.launcher.permission.READ_SETTINGS in package com.android.onetimeinitializer
07-13 23:36:17.941  2180  2220 W PackageManager: Unknown permission com.android.launcher.permission.WRITE_SETTINGS in package com.android.onetimeinitializer
07-13 23:36:17.941  2180  2220 W PackageManager: Unknown permission android.permission.WRITE_EMBEDDED_SUBSCRIPTIONS in package com.google.android.gms
07-13 23:36:17.941  2180  2220 W PackageManager: Unknown permission android.permission.FOREGROUND_SERVICE in package com.google.android.gms
07-13 23:36:17.941  2180  2220 W PackageManager: Unknown permission android.permission.START_ACTIVITIES_FROM_BACKGROUND in package com.google.android.gms
07-13 23:36:17.941  2180  2220 W PackageManager: Unknown permission android.permission.QUERY_ALL_PACKAGES in package com.google.android.gms
07-13 23:36:17.941  2180  2220 W PackageManager: Unknown permission android.permission.RENOUNCE_PERMISSIONS in package com.google.android.gms
07-13 23:36:17.941  2180  2220 W PackageManager: Unknown permission android.permission.POST_NOTIFICATIONS in package com.google.android.gms
07-13 23:36:17.941  2180  2220 W PackageManager: Unknown permission android.permission.READ_SYSTEM_GRAMMATICAL_GENDER in package com.google.android.gms
07-13 23:36:17.941  2180  2220 W PackageManager: Unknown permission android.permission.REMOTE_DISPLAY_PROVIDER in package com.google.android.gms
07-13 23:36:17.941  2180  2220 W PackageManager: Not granting permission android.permission.FORCE_STOP_PACKAGES to package com.google.android.gms (protectionLevel=18 flags=0xb8483ec5)
07-13 23:36:17.941  2180  2220 W PackageManager: Unknown permission android.permission.ACCESS_FPS_COUNTER in package com.google.android.gms
07-13 23:36:17.941  2180  2220 W PackageManager: Unknown permission android.permission.MANAGE_GAME_ACTIVITY in package com.google.android.gms
07-13 23:36:17.941  2180  2220 W PackageManager: Unknown permission android.permission.MANAGE_GAME_MODE in package com.google.android.gms
07-13 23:36:17.941  2180  2220 W PackageManager: Unknown permission android.permission.MODIFY_ADSERVICES_STATE in package com.google.android.gms
07-13 23:36:17.941  2180  2220 W PackageManager: Unknown permission android.permission.ACCESS_ADSERVICES_STATE in package com.google.android.gms
07-13 23:36:17.941  2180  2220 W PackageManager: Unknown permission android.permission.MODIFY_ADSERVICES_STATE_COMPAT in package com.google.android.gms
07-13 23:36:17.941  2180  2220 W PackageManager: Unknown permission android.permission.ACCESS_ADSERVICES_STATE_COMPAT in package com.google.android.gms
07-13 23:36:17.941  2180  2220 W PackageManager: Unknown permission android.permission.UPDATE_PRIVILEGED_AD_ID in package com.google.android.gms
07-13 23:36:17.941  2180  2220 W PackageManager: Unknown permission android.permission.UPDATE_PRIVILEGED_AD_ID_COMPAT in package com.google.android.gms
07-13 23:36:17.941  2180  2220 W PackageManager: Unknown permission android.permission.READ_DROPBOX_DATA in package com.google.android.gms
07-13 23:36:17.941  2180  2220 W PackageManager: Unknown permission android.permission.RECOVER_KEYSTORE in package com.google.android.gms
07-13 23:36:17.941  2180  2220 W PackageManager: Unknown permission android.permission.PRE_FACTORY_RESET in package com.google.android.gms
07-13 23:36:17.941  2180  2220 W PackageManager: Unknown permission android.permission.MANAGE_FACTORY_RESET_PROTECTION in package com.google.android.gms
07-13 23:36:17.941  2180  2220 W PackageManager: Unknown permission android.permission.CHECK_REMOTE_LOCKSCREEN in package com.google.android.gms
07-13 23:36:17.941  2180  2220 W PackageManager: Unknown permission android.permission.CONFIGURE_FACTORY_RESET_PROTECTION in package com.google.android.gms
07-13 23:36:17.941  2180  2220 W PackageManager: Unknown permission com.google.android.apps.enterprise.dmagent.permission.AutoSyncPermission in package com.google.android.gms
07-13 23:36:17.941  2180  2220 W PackageManager: Unknown permission android.permission.CREDENTIAL_MANAGER_SET_ORIGIN in package com.google.android.gms
07-13 23:36:17.941  2180  2220 W PackageManager: Unknown permission android.permission.SET_BIOMETRIC_DIALOG_ADVANCED in package com.google.android.gms
07-13 23:36:17.941  2180  2220 W PackageManager: Unknown permission android.permission.ALLOCATE_AGGRESSIVE in package com.google.android.gms
07-13 23:36:17.941  2180  2220 W PackageManager: Unknown permission android.car.permission.CAR_POWER in package com.google.android.gms
07-13 23:36:17.941  2180  2220 W PackageManager: Unknown permission android.permission.USE_BIOMETRIC in package com.google.android.gms
07-13 23:36:17.941  2180  2220 W PackageManager: Unknown permission com.google.android.wearable.WRITE_SETTINGS in package com.google.android.gms
07-13 23:36:17.941  2180  2220 W PackageManager: Unknown permission com.felicanetworks.mfc.permission.MFC_ACCESS in package com.google.android.gms
07-13 23:36:17.941  2180  2220 W PackageManager: Unknown permission com.felicanetworks.mfc.mfi.permission.MFI_ACCESS in package com.google.android.gms
07-13 23:36:17.941  2180  2220 W PackageManager: Unknown permission android.permission.ACCESS_BACKGROUND_LOCATION in package com.google.android.gms
07-13 23:36:17.941  2180  2220 W PackageManager: Unknown permission android.permission.ACCESS_CONTEXT_HUB in package com.google.android.gms
07-13 23:36:17.941  2180  2220 W PackageManager: Unknown permission android.permission.ACCESS_VIBRATOR_STATE in package com.google.android.gms
07-13 23:36:17.941  2180  2220 W PackageManager: Unknown permission android.permission.LOCATION_BYPASS in package com.google.android.gms
07-13 23:36:17.941  2180  2220 W PackageManager: Unknown permission android.permission.TURN_SCREEN_ON in package com.google.android.gms
07-13 23:36:17.941  2180  2220 W PackageManager: Unknown permission android.permission.BROADCAST_CLOSE_SYSTEM_DIALOGS in package com.google.android.gms
07-13 23:36:17.941  2180  2220 W PackageManager: Unknown permission android.permission.INSTALL_LOCATION_TIME_ZONE_PROVIDER_SERVICE in package com.google.android.gms
07-13 23:36:17.941  2180  2220 W PackageManager: Unknown permission android.permission.BLUETOOTH_CONNECT in package com.google.android.gms
07-13 23:36:17.941  2180  2220 W PackageManager: Unknown permission android.permission.BLUETOOTH_SCAN in package com.google.android.gms
07-13 23:36:17.941  2180  2220 W PackageManager: Unknown permission android.permission.BLUETOOTH_ADVERTISE in package com.google.android.gms
07-13 23:36:17.941  2180  2220 W PackageManager: Unknown permission android.permission.MODIFY_DEFAULT_AUDIO_EFFECTS in package com.google.android.gms
07-13 23:36:17.941  2180  2220 W PackageManager: Unknown permission android.permission.SUBSTITUTE_SHARE_TARGET_APP_NAME_AND_ICON in package com.google.android.gms
07-13 23:36:17.941  2180  2220 W PackageManager: Unknown permission com.google.android.googlequicksearchbox.permission.PAUSE_HOTWORD in package com.google.android.gms
07-13 23:36:17.941  2180  2220 W PackageManager: Unknown permission android.permission.COMPANION_APPROVE_WIFI_CONNECTIONS in package com.google.android.gms
07-13 23:36:17.941  2180  2220 W PackageManager: Unknown permission android.permission.UWB in package com.google.android.gms
07-13 23:36:17.941  2180  2220 W PackageManager: Unknown permission android.permission.MANAGE_WIFI_INTERFACES in package com.google.android.gms
07-13 23:36:17.941  2180  2220 W PackageManager: Unknown permission android.permission.MANAGE_WIFI_NETWORK_SELECTION in package com.google.android.gms
07-13 23:36:17.941  2180  2220 W PackageManager: Unknown permission android.permission.NEARBY_WIFI_DEVICES in package com.google.android.gms
07-13 23:36:17.941  2180  2220 W PackageManager: Unknown permission android.permission.USE_FULL_SCREEN_INTENT in package com.google.android.gms
07-13 23:36:17.941  2180  2220 W PackageManager: Unknown permission com.sec.android.app.myfiles.permission.READ in package com.google.android.gms
07-13 23:36:17.941  2180  2220 W PackageManager: Unknown permission com.sec.android.app.myfiles.permission.WRITE in package com.google.android.gms
07-13 23:36:17.941  2180  2220 W PackageManager: Unknown permission com.sec.android.gallery3d.provider2.READ in package com.google.android.gms
07-13 23:36:17.941  2180  2220 W PackageManager: Unknown permission com.sec.android.gallery3d.provider2.WRITE in package com.google.android.gms
07-13 23:36:17.941  2180  2220 W PackageManager: Unknown permission android.permission.UWB_PRIVILEGED in package com.google.android.gms
07-13 23:36:17.941  2180  2220 W PackageManager: Unknown permission android.permission.UWB_RANGING in package com.google.android.gms
07-13 23:36:17.941  2180  2220 W PackageManager: Unknown permission com.google.pixel.exo.BIND_TO_BOOTSTRAPPING in package com.google.android.gms
07-13 23:36:17.941  2180  2220 W PackageManager: Unknown permission android.permission.REQUEST_COMPANION_PROFILE_COMPUTER in package com.google.android.gms
07-13 23:36:17.941  2180  2220 W PackageManager: Unknown permission android.permission.REQUEST_COMPANION_RUN_IN_BACKGROUND in package com.google.android.gms
07-13 23:36:17.941  2180  2220 W PackageManager: Unknown permission android.permission.REQUEST_COMPANION_SELF_MANAGED in package com.google.android.gms
07-13 23:36:17.941  2180  2220 W PackageManager: Unknown permission android.permission.CONTROL_DISPLAY_SATURATION in package com.google.android.gms
07-13 23:36:17.941  2180  2220 W PackageManager: Unknown permission com.google.android.hangouts.START_HANGOUT in package com.google.android.gms
07-13 23:36:17.941  2180  2220 W PackageManager: Unknown permission com.google.android.setupwizard.SETUP_PROGRESS_SERVICE in package com.google.android.gms
07-13 23:36:17.941  2180  2220 W PackageManager: Unknown permission android.car.permission.CAR_POWERTRAIN in package com.google.android.gms
07-13 23:36:17.941  2180  2220 W PackageManager: Unknown permission android.car.permission.CAR_ENERGY in package com.google.android.gms
07-13 23:36:17.941  2180  2220 W PackageManager: Unknown permission android.car.permission.CAR_ENERGY_PORTS in package com.google.android.gms
07-13 23:36:17.941  2180  2220 W PackageManager: Unknown permission android.car.permission.CAR_EXTERIOR_LIGHTS in package com.google.android.gms
07-13 23:36:17.941  2180  2220 W PackageManager: Unknown permission android.car.permission.CAR_INFO in package com.google.android.gms
07-13 23:36:17.941  2180  2220 W PackageManager: Unknown permission android.car.permission.CAR_MILEAGE in package com.google.android.gms
07-13 23:36:17.941  2180  2220 W PackageManager: Unknown permission android.car.permission.CAR_TIRES in package com.google.android.gms
07-13 23:36:17.941  2180  2220 W PackageManager: Unknown permission android.car.permission.CONTROL_CAR_CLIMATE in package com.google.android.gms
07-13 23:36:17.941  2180  2220 W PackageManager: Unknown permission android.car.permission.CONTROL_CAR_DOORS in package com.google.android.gms
07-13 23:36:17.941  2180  2220 W PackageManager: Unknown permission android.car.permission.CONTROL_CAR_EXTERIOR_LIGHTS in package com.google.android.gms
07-13 23:36:17.941  2180  2220 W PackageManager: Unknown permission android.car.permission.CONTROL_CAR_MIRRORS in package com.google.android.gms
07-13 23:36:17.941  2180  2220 W PackageManager: Unknown permission android.car.permission.CONTROL_CAR_SEATS in package com.google.android.gms
07-13 23:36:17.941  2180  2220 W PackageManager: Unknown permission android.car.permission.CONTROL_CAR_WINDOWS in package com.google.android.gms
07-13 23:36:17.941  2180  2220 W PackageManager: Unknown permission android.car.permission.READ_CAR_DISPLAY_UNITS in package com.google.android.gms
07-13 23:36:17.942  2180  2220 W PackageManager: Unknown permission com.google.android.permission.ACCESSIBILITY_SCAN_SERVICE in package com.google.android.gms
07-13 23:36:17.942  2180  2220 W PackageManager: Unknown permission android.permission.ACTIVITY_EMBEDDING in package com.google.android.gms
07-13 23:36:17.942  2180  2220 W PackageManager: Unknown permission android.permission.FOREGROUND_SERVICE_MEDIA_PROJECTION in package com.google.android.gms
07-13 23:36:17.942  2180  2220 W PackageManager: Unknown permission android.permission.PROVIDE_RESOLVER_RANKER_SERVICE in package com.google.android.gms
07-13 23:36:17.942  2180  2220 W PackageManager: Unknown permission com.google.android.clockwork.settings.SHOW_FACTORY_RESET_CONFIRMATION in package com.google.android.gms
07-13 23:36:17.942  2180  2220 W PackageManager: Unknown permission com.google.android.wearable.READ_SETTINGS in package com.google.android.gms
07-13 23:36:17.942  2180  2220 W PackageManager: Unknown permission com.google.android.wearable.permission.URI_REDIRECT_TO_REMOTE in package com.google.android.gms
07-13 23:36:17.942  2180  2220 W PackageManager: Unknown permission android.permission.READ_MEDIA_AUDIO in package com.google.android.gms
07-13 23:36:17.942  2180  2220 W PackageManager: Unknown permission android.permission.READ_MEDIA_IMAGES in package com.google.android.gms
07-13 23:36:17.942  2180  2220 W PackageManager: Unknown permission android.permission.READ_MEDIA_VIDEO in package com.google.android.gms
07-13 23:36:17.942  2180  2220 W PackageManager: Unknown permission android.permission.ACCESS_MEDIA_LOCATION in package com.google.android.gms
07-13 23:36:17.942  2180  2220 W PackageManager: Unknown permission android.permission.FOREGROUND_SERVICE_DATA_SYNC in package com.google.android.gms
07-13 23:36:17.942  2180  2220 W PackageManager: Unknown permission android.permission.DOMAIN_VERIFICATION_AGENT in package com.google.android.gms
07-13 23:36:17.942  2180  2220 W PackageManager: Unknown permission android.permission.ACCESS_BROADCAST_RESPONSE_STATS in package com.google.android.gms
07-13 23:36:17.942  2180  2220 W PackageManager: Unknown permission android.permission.SET_LOW_POWER_STANDBY_PORTS in package com.google.android.gms
07-13 23:36:17.942  2180  2220 W PackageManager: Unknown permission android.permission.SCHEDULE_PRIORITIZED_ALARM in package com.google.android.gms
07-13 23:36:17.942  2180  2220 W PackageManager: Unknown permission com.google.android.apps.nest.CAST_AUTH_SERVICE in package com.google.android.gms
07-13 23:36:17.942  2180  2220 W PackageManager: Unknown permission android.permission.FOREGROUND_SERVICE_CONNECTED_DEVICE in package com.google.android.gms
07-13 23:36:17.942  2180  2220 W PackageManager: Unknown permission com.google.android.setupwizard.READ_DEVICE_ORIGIN_FIRST_PARTY in package com.google.android.gms
07-13 23:36:17.942  2180  2220 W PackageManager: Unknown permission com.google.android.setupwizard.WRITE_DEVICE_ORIGIN in package com.google.android.gms
07-13 23:36:17.942  2180  2220 W PackageManager: Unknown permission android.permission.ACTIVITY_RECOGNITION in package com.google.android.gms
07-13 23:36:17.942  2180  2220 W PackageManager: Unknown permission android.permission.MANAGE_SUBSCRIPTION_PLANS in package com.google.android.gms
07-13 23:36:17.942  2180  2220 W PackageManager: Unknown permission android.permission.READ_DEVICE_CONFIG in package com.google.android.gms
07-13 23:36:17.942  2180  2220 W PackageManager: Unknown permission android.permission.WRITE_DEVICE_CONFIG in package com.google.android.gms
07-13 23:36:17.942  2180  2220 W PackageManager: Unknown permission com.google.android.apps.now.OPT_IN_WIZARD in package com.google.android.gms
07-13 23:36:17.942  2180  2220 W PackageManager: Unknown permission com.google.android.setupwizard.SETUP_COMPAT_SERVICE in package com.google.android.gms
07-13 23:36:17.942  2180  2220 W PackageManager: Unknown permission android.permission.MANAGE_TIME_AND_ZONE_DETECTION in package com.google.android.gms
07-13 23:36:17.942  2180  2220 W PackageManager: Unknown permission android.permission.EMERGENCY_INSTALL_PACKAGES in package com.google.android.gms
07-13 23:36:17.942  2180  2220 W PackageManager: Unknown permission android.permission.MANAGE_ROLLBACKS in package com.google.android.gms
07-13 23:36:17.942  2180  2220 W PackageManager: Unknown permission android.permission.REQUEST_DELETE_PACKAGES in package com.google.android.gms
07-13 23:36:17.942  2180  2220 W PackageManager: Unknown permission android.permission.UPDATE_FONTS in package com.google.android.gms
07-13 23:36:17.942  2180  2220 W PackageManager: Unknown permission android.permission.LAUNCH_MULTI_PANE_SETTINGS_DEEP_LINK in package com.google.android.gms
07-13 23:36:17.942  2180  2220 W PackageManager: Unknown permission android.permission.SEND_SAFETY_CENTER_UPDATE in package com.google.android.gms
07-13 23:36:17.942  2180  2220 W PackageManager: Unknown permission android.permission.FOREGROUND_SERVICE_SYSTEM_EXEMPTED in package com.google.android.gms
07-13 23:36:17.942  2180  2220 W PackageManager: Unknown permission com.google.android.apps.nest.DOCK_MANAGER_SERVICE in package com.google.android.gms
07-13 23:36:17.942  2180  2220 W PackageManager: Unknown permission android.permission.FOREGROUND_SERVICE_MICROPHONE in package com.google.android.gms
07-13 23:36:17.942  2180  2220 W PackageManager: Unknown permission android.permission.CALL_AUDIO_INTERCEPTION in package com.google.android.gms
07-13 23:36:17.942  2180  2220 W PackageManager: Unknown permission android.permission.THREAD_NETWORK_PRIVILEGED in package com.google.android.gms
07-13 23:36:17.942  2180  2220 W PackageManager: Unknown permission android.permission.WRITE_VERIFICATION_STATE_E2EE_CONTACT_KEYS in package com.google.android.gms
07-13 23:36:17.942  2180  2220 W PackageManager: Unknown permission android.permission.SATELLITE_COMMUNICATION in package com.google.android.gms
07-13 23:36:17.942  2180  2220 W PackageManager: Unknown permission android.permission.PROVIDE_DEFAULT_ENABLED_CREDENTIAL_SERVICE in package com.google.android.gms
07-13 23:36:17.942  2180  2220 W PackageManager: Unknown permission android.permission.PROVIDE_REMOTE_CREDENTIALS in package com.google.android.gms
07-13 23:36:17.942  2180  2220 W PackageManager: Unknown permission android.permission.READ_NEARBY_STREAMING_POLICY in package com.google.android.gms
07-13 23:36:17.942  2180  2220 W PackageManager: Unknown permission com.google.android.permission.USE_GRIL in package com.google.android.gms
07-13 23:36:17.942  2180  2220 W PackageManager: Unknown permission com.google.android.gms.game.notifications.permission.WRITE in package com.google.android.gms
07-13 23:36:17.942  2180  2220 W PackageManager: Unknown permission com.google.android.launcher.permission.RECEIVE_LAUNCH_BROADCASTS in package com.google.android.gms
07-13 23:36:17.942  2180  2220 W PackageManager: Unknown permission android.permission.HIGH_SAMPLING_RATE_SENSORS in package com.google.android.gms
07-13 23:36:17.942  2180  2220 W PackageManager: Unknown permission android.permission.RESET_PASSWORD in package com.google.android.gms
07-13 23:36:17.942  2180  2220 W PackageManager: Unknown permission android.permission.LOCK_DEVICE in package com.google.android.gms
07-13 23:36:17.942  2180  2220 W PackageManager: Unknown permission android.permission.CONTROL_KEYGUARD_SECURE_NOTIFICATIONS in package com.google.android.gms
07-13 23:36:17.942  2180  2220 W PackageManager: Not granting permission android.permission.HIDE_NON_SYSTEM_OVERLAY_WINDOWS to package com.google.android.gms (protectionLevel=258 flags=0xb8483ec5)
07-13 23:36:17.942  2180  2220 W PackageManager: Unknown permission com.google.android.permission.INSTALL_WEARABLE_PACKAGES in package com.android.packageinstaller
07-13 23:36:17.942  2180  2220 W PackageManager: Unknown permission com.facebook.orca.provider.ACCESS in package com.facebook.katana
07-13 23:36:17.942  2180  2220 W PackageManager: Unknown permission com.facebook.services.identity.FEO2 in package com.facebook.katana
07-13 23:36:17.942  2180  2220 W PackageManager: Unknown permission com.facebook.mlite.provider.ACCESS in package com.facebook.katana
07-13 23:36:17.942  2180  2220 W PackageManager: Unknown permission com.facebook.pages.app.provider.ACCESS in package com.facebook.katana
07-13 23:36:17.942  2180  2220 W PackageManager: Unknown permission com.facebook.appmanager.UNPROTECTED_API_ACCESS in package com.facebook.katana
07-13 23:36:17.942  2180  2220 W PackageManager: Unknown permission android.permission.READ_PHONE_NUMBERS in package com.facebook.katana
07-13 23:36:17.942  2180  2220 W PackageManager: Unknown permission android.permission.USE_BIOMETRIC in package com.facebook.katana
07-13 23:36:17.942  2180  2220 W PackageManager: Unknown permission android.permission.FOREGROUND_SERVICE in package com.facebook.katana
07-13 23:36:17.942  2180  2220 W PackageManager: Unknown permission android.permission.ACCESS_BACKGROUND_LOCATION in package com.facebook.katana
07-13 23:36:17.942  2180  2220 W PackageManager: Not granting permission android.permission.BATTERY_STATS to package com.facebook.katana (protectionLevel=50 flags=0x38587e45)
07-13 23:36:17.942  2180  2220 W PackageManager: Unknown permission com.sec.android.provider.badge.permission.READ in package com.facebook.katana
07-13 23:36:17.942  2180  2220 W PackageManager: Unknown permission com.sec.android.provider.badge.permission.WRITE in package com.facebook.katana
07-13 23:36:17.942  2180  2220 W PackageManager: Unknown permission com.htc.launcher.permission.READ_SETTINGS in package com.facebook.katana
07-13 23:36:17.942  2180  2220 W PackageManager: Unknown permission com.htc.launcher.permission.UPDATE_SHORTCUT in package com.facebook.katana
07-13 23:36:17.942  2180  2220 W PackageManager: Unknown permission com.sonyericsson.home.permission.BROADCAST_BADGE in package com.facebook.katana
07-13 23:36:17.942  2180  2220 W PackageManager: Unknown permission com.sonymobile.home.permission.PROVIDER_INSERT_BADGE in package com.facebook.katana
07-13 23:36:17.942  2180  2220 W PackageManager: Unknown permission com.amazon.device.messaging.permission.RECEIVE in package com.facebook.katana
07-13 23:36:17.942  2180  2220 W PackageManager: Unknown permission com.nokia.pushnotifications.permission.RECEIVE in package com.facebook.katana
07-13 23:36:17.942  2180  2220 W PackageManager: Unknown permission android.permission.USE_FULL_SCREEN_INTENT in package com.facebook.katana
07-13 23:36:17.942  2180  2220 W PackageManager: Not granting permission android.permission.CONTROL_KEYGUARD to package com.google.android.gsf.login (protectionLevel=2 flags=0x3848be45)
07-13 23:36:17.942  2180  2220 W PackageManager: Unknown permission com.android.vending.billing.IBillingAccountService.BIND2 in package com.google.android.gsf.login
07-13 23:36:17.942  2180  2220 W PackageManager: Unknown permission com.android.chrome.TOS_ACKED in package com.google.android.gsf.login
07-13 23:36:17.942  2180  2220 W PackageManager: Not granting permission android.permission.ACCESS_FINE_LOCATION to package com.electro_tex.fakegpslocation because it was previously installed without
07-13 23:36:17.942  2180  2220 W PackageManager: Not granting permission android.permission.ACCESS_COARSE_LOCATION to package com.electro_tex.fakegpslocation because it was previously installed without
07-13 23:36:17.942  2180  2220 W PackageManager: Unknown permission android.permission.POST_NOTIFICATIONS in package com.electro_tex.fakegpslocation
07-13 23:36:17.942  2180  2220 W PackageManager: Not granting permission android.permission.ACCESS_MOCK_LOCATION to package com.electro_tex.fakegpslocation (protectionLevel=2 flags=0x2848be44)
07-13 23:36:17.942  2180  2220 W PackageManager: Unknown permission android.permission.ACCESS_ADSERVICES_AD_ID in package com.electro_tex.fakegpslocation
07-13 23:36:17.942  2180  2220 W PackageManager: Unknown permission android.permission.ACCESS_ADSERVICES_ATTRIBUTION in package com.electro_tex.fakegpslocation
07-13 23:36:17.942  2180  2220 W PackageManager: Unknown permission android.permission.ACCESS_ADSERVICES_TOPICS in package com.electro_tex.fakegpslocation
07-13 23:36:17.942  2180  2220 W PackageManager: Unknown permission android.permission.FOREGROUND_SERVICE in package com.electro_tex.fakegpslocation
07-13 23:36:17.942  2180  2220 W PackageManager: Unknown permission com.amaze.cloud.permission.ACCESS_PROVIDER in package com.amaze.filemanager
07-13 23:36:17.942  2180  2220 W PackageManager: Unknown permission android.permission.FOREGROUND_SERVICE in package zahleb.me
07-13 23:36:17.942  2180  2220 W PackageManager: Not granting permission android.permission.READ_EXTERNAL_STORAGE to package zahleb.me because it was previously installed without
07-13 23:36:17.942  2180  2220 W PackageManager: Unknown permission com.sec.android.provider.badge.permission.READ in package zahleb.me
07-13 23:36:17.942  2180  2220 W PackageManager: Unknown permission com.sec.android.provider.badge.permission.WRITE in package zahleb.me
07-13 23:36:17.942  2180  2220 W PackageManager: Unknown permission com.htc.launcher.permission.READ_SETTINGS in package zahleb.me
07-13 23:36:17.942  2180  2220 W PackageManager: Unknown permission com.htc.launcher.permission.UPDATE_SHORTCUT in package zahleb.me
07-13 23:36:17.942  2180  2220 W PackageManager: Unknown permission com.sonyericsson.home.permission.BROADCAST_BADGE in package zahleb.me
07-13 23:36:17.942  2180  2220 W PackageManager: Unknown permission com.sonymobile.home.permission.PROVIDER_INSERT_BADGE in package zahleb.me
07-13 23:36:17.942  2180  2220 W PackageManager: Unknown permission com.anddoes.launcher.permission.UPDATE_COUNT in package zahleb.me
07-13 23:36:17.942  2180  2220 W PackageManager: Unknown permission com.majeur.launcher.permission.UPDATE_BADGE in package zahleb.me
07-13 23:36:17.942  2180  2220 W PackageManager: Unknown permission com.huawei.android.launcher.permission.CHANGE_BADGE in package zahleb.me
07-13 23:36:17.942  2180  2220 W PackageManager: Unknown permission com.huawei.android.launcher.permission.READ_SETTINGS in package zahleb.me
07-13 23:36:17.942  2180  2220 W PackageManager: Unknown permission com.huawei.android.launcher.permission.WRITE_SETTINGS in package zahleb.me
07-13 23:36:17.943  2180  2220 W PackageManager: Unknown permission android.permission.READ_APP_BADGE in package zahleb.me
07-13 23:36:17.943  2180  2220 W PackageManager: Unknown permission com.oppo.launcher.permission.READ_SETTINGS in package zahleb.me
07-13 23:36:17.943  2180  2220 W PackageManager: Unknown permission com.oppo.launcher.permission.WRITE_SETTINGS in package zahleb.me
07-13 23:36:17.943  2180  2220 W PackageManager: Unknown permission me.everything.badger.permission.BADGE_COUNT_READ in package zahleb.me
07-13 23:36:17.943  2180  2220 W PackageManager: Unknown permission me.everything.badger.permission.BADGE_COUNT_WRITE in package zahleb.me
07-13 23:36:17.943  2180  2220 W PackageManager: Unknown permission com.android.launcher.permission.READ_SETTINGS in package com.android.settings
07-13 23:36:17.943  2180  2220 W PackageManager: Unknown permission com.android.launcher.permission.WRITE_SETTINGS in package com.android.settings
07-13 23:36:17.943  2180  2220 W PackageManager: Unknown permission com.android.smspush.WAPPUSH_MANAGER_BIND in package com.android.phone
07-13 23:36:17.943  2180  2192 I UsageStatsService: User[0] Rollover scheduled @ 2024-07-14 20:54:14(1720979654775)
07-13 23:36:17.943  2180  2220 W PackageManager: Unknown permission android.permission.REQUEST_DELETE_PACKAGES in package com.google.android.play.games
07-13 23:36:17.943  2180  2220 W PackageManager: Unknown permission com.google.android.gallery3d.permission.GALLERY_PROVIDER in package com.android.bluetooth
07-13 23:36:17.944  2180  2180 I SystemServiceManager: Starting com.android.server.DeviceIdleController
07-13 23:36:17.957  2180  2220 W MountService: No primary storage defined yet; hacking together a stub
07-13 23:36:17.957  2180  2220 W MountService: No primary storage defined yet; hacking together a stub
07-13 23:36:17.958  2180  2220 W MountService: No primary storage mounted!
07-13 23:36:17.958  2180  2220 D VoldConnector: SND -> {2 asec list}
07-13 23:36:17.958  2180  2221 D VoldConnector: RCV <- {200 2 asec operation succeeded}
07-13 23:36:17.958  2180  2180 I SystemServiceManager: Starting com.android.server.devicepolicy.DevicePolicyManagerService$Lifecycle
07-13 23:36:17.961  2180  2180 I SystemServer: StartStatusBarManagerService
07-13 23:36:17.961  2180  2180 I SystemServer: StartClipboardService
07-13 23:36:17.962  2180  2180 I SystemServer: StartNetworkManagementService
07-13 23:36:17.963  2180  2224 I NetworkManagement: onDaemonConnected()
07-13 23:36:17.964  2180  2180 I SystemServiceManager: Starting com.android.server.TextServicesManagerService$Lifecycle
07-13 23:36:17.965  2180  2180 W TextServicesManagerService: no available spell checker services found
07-13 23:36:17.965  2180  2180 I SystemServer: StartNetworkScoreService
07-13 23:36:17.966  2180  2180 I SystemServer: StartNetworkStatsService
07-13 23:36:17.968  2180  2180 I SystemServer: StartNetworkPolicyManagerService
07-13 23:36:17.970  2180  2180 I SystemServer: No Wi-Fi NAN Service (NAN support Not Present)
07-13 23:36:17.975  2180  2180 I SystemServiceManager: Starting com.android.server.wifi.p2p.WifiP2pService
07-13 23:36:17.982  2180  2180 I WifiP2pService: Registering wifip2p
07-13 23:36:17.982  2180  2180 I SystemServiceManager: Starting com.android.server.wifi.WifiService
07-13 23:36:18.002  2180  2180 D HS20    : Passpoint is disabled
07-13 23:36:18.008  1889  2172 D CommandListener: Clearing all IP addresses on wlan0
07-13 23:36:18.026  2180  2219 D EventHub: No input device configuration file found for device 'gpio-keys'.
07-13 23:36:18.027  2180  2219 W EventHub: Unable to disable kernel key repeat for /dev/input/event3: Function not implemented
07-13 23:36:18.027  2180  2219 I EventHub: removing ALPHAKEY class from /dev/input/event3
07-13 23:36:18.027  2180  2219 I EventHub: New device: id=4, fd=109, path='/dev/input/event3', name='gpio-keys', classes=0x81, configuration='', keyLayout='/system/usr/keylayout/gpio-keys.kl', keyCharacterMap='/system/usr/keychars/gpio-keys.kcm', builtinKeyboard=false, wakeMechanism=EPOLLWAKEUP, usingClockIoctl=true
07-13 23:36:18.027  2180  2219 D EventHub: No input device configuration file found for device 'Sleep Button'.
07-13 23:36:18.027  2180  2219 W EventHub: Unable to disable kernel key repeat for /dev/input/event1: Function not implemented
07-13 23:36:18.027  2180  2219 I EventHub: removing ALPHAKEY class from /dev/input/event1
07-13 23:36:18.027  2180  2219 I EventHub: New device: id=5, fd=110, path='/dev/input/event1', name='Sleep Button', classes=0x1, configuration='', keyLayout='/system/usr/keylayout/Generic.kl', keyCharacterMap='/system/usr/keychars/Generic.kcm', builtinKeyboard=false, wakeMechanism=EPOLLWAKEUP, usingClockIoctl=true
07-13 23:36:18.027  2180  2219 I EventHub: ignoring event id /dev/input/event0 driver Power Button
07-13 23:36:18.057  2180  2219 D EventHub: No input device configuration file found for device 'Video Bus'.
07-13 23:36:18.058  2180  2219 W EventHub: Unable to disable kernel key repeat for /dev/input/event2: Function not implemented
07-13 23:36:18.058  2180  2219 I EventHub: removing ALPHAKEY class from /dev/input/event2
07-13 23:36:18.058  2180  2219 I EventHub: New device: id=6, fd=111, path='/dev/input/event2', name='Video Bus', classes=0x1, configuration='', keyLayout='/system/usr/keylayout/Generic.kl', keyCharacterMap='/system/usr/keychars/Generic.kcm', builtinKeyboard=false, wakeMechanism=EPOLLWAKEUP, usingClockIoctl=true
07-13 23:36:18.058  2180  2219 E EventHub: could not get driver version for /dev/input/mice, Not a typewriter
07-13 23:36:18.088  2180  2219 I InputReader: Device added: id=-1, name='Virtual', sources=0x00000301
07-13 23:36:18.088  2180  2219 I InputReader: Device added: id=6, name='Video Bus', sources=0x00000101
07-13 23:36:18.089  2180  2219 I InputReader: Device added: id=5, name='Sleep Button', sources=0x00000101
07-13 23:36:18.089  2180  2219 I InputReader: Device added: id=4, name='gpio-keys', sources=0x80000101
07-13 23:36:18.089  2180  2219 I InputReader:   Touch device 'Android_Input' could not query the properties of its associated display.  The device will be inoperable until the display size becomes available.
07-13 23:36:18.089  2180  2219 I InputReader: Device added: id=3, name='Android_Input', sources=0x00001103
07-13 23:36:18.089  2180  2219 I InputReader: Device added: id=2, name='gpio-keys', sources=0x80000101
07-13 23:36:18.089  2180  2219 I InputReader: Device added: id=1, name='Android Power Button', sources=0x00000101
07-13 23:36:18.090  2180  2219 I InputReader: Reconfiguring input devices.  changes=0x00000004
07-13 23:36:18.090  2180  2219 I InputReader: Device reconfigured: id=3, name='Android_Input', size 1080x1920, orientation 0, mode 1, display id 0
07-13 23:36:18.090  2180  2218 I ActivityManager: Config changes=8 {1.0 250mcc1mnc [ru_RU] ldltr sw540dp w540dp h936dp 320dpi lrg long port finger -keyb/v/h -nav/h s.4}
07-13 23:36:18.211  2180  2180 E WifiLogger: no ring buffers found
07-13 23:36:18.211  2180  2180 E WifiLogger: Failed to start packet fate monitoring
07-13 23:36:18.211  2180  2229 D WifiApConfigStore: 2G band allowed channels are:1,6,11
07-13 23:36:18.215  2180  2180 D WifiController: isAirplaneModeOn = false, isWifiEnabled = true, isScanningAvailable = false
07-13 23:36:18.216  2180  2180 I WifiService: Registering wifi
07-13 23:36:18.216  2180  2180 I SystemServiceManager: Starting com.android.server.wifi.scanner.WifiScanningService
07-13 23:36:18.216  2180  2180 I WifiScanningService: Creating wifiscanner
07-13 23:36:18.217  2180  2180 I WifiScanningService: Publishing wifiscanner
07-13 23:36:18.217  2180  2180 I SystemServiceManager: Starting com.android.server.wifi.RttService
07-13 23:36:18.217  2180  2180 I RttService: Creating rttmanager
07-13 23:36:18.217  2180  2180 I RttService: Starting rttmanager
07-13 23:36:18.218  2180  2180 I SystemServiceManager: Starting com.android.server.ethernet.EthernetService
07-13 23:36:18.218  2180  2180 I EthernetServiceImpl: Creating EthernetConfigStore
07-13 23:36:18.219  2180  2180 E IpConfigStore: Error parsing configuration: java.io.FileNotFoundException: /data/misc/ethernet/ipconfig.txt (No such file or directory)
07-13 23:36:18.219  2180  2180 W EthernetConfigStore: No Ethernet configuration found. Using default.
07-13 23:36:18.219  2180  2180 I EthernetServiceImpl: Read stored IP configuration: IP assignment: DHCP
07-13 23:36:18.219  2180  2180 I EthernetServiceImpl: Proxy settings: NONE
07-13 23:36:18.219  2180  2180 I EthernetService: Registering service ethernet
07-13 23:36:18.219  2180  2180 I SystemServer: StartConnectivityService
07-13 23:36:18.223  2180  2180 D ConnectivityService: ConnectivityService starting up
07-13 23:36:18.225  2180  2180 D ConnectivityService: wifiOnly=false
07-13 23:36:18.225  2180  2180 E ConnectivityService: Ignoring protectedNetwork 10
07-13 23:36:18.225  2180  2180 E ConnectivityService: Ignoring protectedNetwork 11
07-13 23:36:18.225  2180  2180 E ConnectivityService: Ignoring protectedNetwork 12
07-13 23:36:18.225  2180  2180 E ConnectivityService: Ignoring protectedNetwork 14
07-13 23:36:18.225  2180  2180 E ConnectivityService: Ignoring protectedNetwork 15
07-13 23:36:18.230  2180  2180 I SystemServer: StartNsdService
07-13 23:36:18.231  2180  2180 I SystemServer: StartUpdateLockService
07-13 23:36:18.232  2180  2180 I SystemServiceManager: Starting com.android.server.RecoverySystemService
07-13 23:36:18.232  2180  2180 I SystemServiceManager: Starting com.android.server.notification.NotificationManagerService
07-13 23:36:18.237  2180  2180 D ConditionProviders.SCP: new ScheduleConditionProvider()
