07-14 13:34:18.833  2734  3048 W fb4a.RequestLoggingListener: time 83298: onProducerFinishWithFailure: {requestId: 0, stage: BitmapMemoryCacheKeyMultiplexProducer, elapsedTime: -1 ms, extraMap: null, throwable: com.facebook.tigon.TigonErrorException: TigonError(error=FatalError, errorDomain=TigonLigerErrorDomain, domainErrorCode=20, analyticsDetail="AsyncSocketException: recv() failed (peer=163.70.128.23:443), type = Internal error, errno = 104 (Connection reset by peer)")}
07-14 13:34:18.833  2734  3048 W fb4a.RequestLoggingListener: com.facebook.tigon.TigonErrorException: TigonError(error=FatalError, errorDomain=TigonLigerErrorDomain, domainErrorCode=20, analyticsDetail="AsyncSocketException: recv() failed (peer=163.70.128.23:443), type = Internal error, errno = 104 (Connection reset by peer)")
07-14 13:34:18.833  2734  3048 W fb4a.RequestLoggingListener: 	at X.1Fv.onError(:39)
07-14 13:34:18.833  2734  3048 W fb4a.RequestLoggingListener: 	at com.facebook.tigon.TigonCallbacksIntegerBufferJavaHelper.onError(:8)
07-14 13:34:18.833  2734  3048 W fb4a.RequestLoggingListener: 	at com.facebook.common.jniexecutors.NativeRunnable.nativeRun(Native Method)
07-14 13:34:18.833  2734  3048 W fb4a.RequestLoggingListener: 	at com.facebook.common.jniexecutors.NativeRunnable.run(:8)
07-14 13:34:18.833  2734  3048 W fb4a.RequestLoggingListener: 	at com.facebook.common.jniexecutors.PooledNativeRunnable.run(:7)
07-14 13:34:18.833  2734  3048 W fb4a.RequestLoggingListener: 	at java.util.concurrent.ThreadPoolExecutor.runWorker(ThreadPoolExecutor.java:1133)
07-14 13:34:18.833  2734  3048 W fb4a.RequestLoggingListener: 	at java.util.concurrent.ThreadPoolExecutor$Worker.run(ThreadPoolExecutor.java:607)
07-14 13:34:18.833  2734  3048 W fb4a.RequestLoggingListener: 	at X.1I8.run(:9)
07-14 13:34:18.833  2734  3048 W fb4a.RequestLoggingListener: 	at java.lang.Thread.run(Thread.java:761)
07-14 13:34:18.833  2734  3048 W fb4a.RequestLoggingListener: time 83299: onRequestFailure: {requestId: 0, elapsedTime: -1 ms, throwable: com.facebook.tigon.TigonErrorException: TigonError(error=FatalError, errorDomain=TigonLigerErrorDomain, domainErrorCode=20, analyticsDetail="AsyncSocketException: recv() failed (peer=163.70.128.23:443), type = Internal error, errno = 104 (Connection reset by peer)")}
07-14 13:34:18.837  2734  3048 W fb4a.RequestLoggingListener: time 83302: onProducerFinishWithFailure: {requestId: 1, stage: NetworkFetchProducer, elapsedTime: -1 ms, extraMap: null, throwable: com.facebook.tigon.TigonErrorException: TigonError(error=FatalError, errorDomain=TigonLigerErrorDomain, domainErrorCode=20, analyticsDetail="AsyncSocketException: recv() failed (peer=163.70.128.23:443), type = Internal error, errno = 104 (Connection reset by peer)")}
07-14 13:34:18.837  2734  3048 W fb4a.RequestLoggingListener: com.facebook.tigon.TigonErrorException: TigonError(error=FatalError, errorDomain=TigonLigerErrorDomain, domainErrorCode=20, analyticsDetail="AsyncSocketException: recv() failed (peer=163.70.128.23:443), type = Internal error, errno = 104 (Connection reset by peer)")
07-14 13:34:18.837  2734  3048 W fb4a.RequestLoggingListener: 	at X.1Fv.onError(:39)
07-14 13:34:18.837  2734  3048 W fb4a.RequestLoggingListener: 	at com.facebook.tigon.TigonCallbacksIntegerBufferJavaHelper.onError(:8)
07-14 13:34:18.837  2734  3048 W fb4a.RequestLoggingListener: 	at com.facebook.common.jniexecutors.NativeRunnable.nativeRun(Native Method)
07-14 13:34:18.837  2734  3048 W fb4a.RequestLoggingListener: 	at com.facebook.common.jniexecutors.NativeRunnable.run(:8)
07-14 13:34:18.837  2734  3048 W fb4a.RequestLoggingListener: 	at com.facebook.common.jniexecutors.PooledNativeRunnable.run(:7)
07-14 13:34:18.837  2734  3048 W fb4a.RequestLoggingListener: 	at java.util.concurrent.ThreadPoolExecutor.runWorker(ThreadPoolExecutor.java:1133)
07-14 13:34:18.837  2734  3048 W fb4a.RequestLoggingListener: 	at java.util.concurrent.ThreadPoolExecutor$Worker.run(ThreadPoolExecutor.java:607)
07-14 13:34:18.837  2734  3048 W fb4a.RequestLoggingListener: 	at X.1I8.run(:9)
07-14 13:34:18.837  2734  3048 W fb4a.RequestLoggingListener: 	at java.lang.Thread.run(Thread.java:761)
07-14 13:34:18.837  2734  3048 W fb4a.RequestLoggingListener: time 83302: onProducerFinishWithFailure: {requestId: 1, stage: EncodedCacheKeyMultiplexProducer, elapsedTime: -1 ms, extraMap: null, throwable: com.facebook.tigon.TigonErrorException: TigonError(error=FatalError, errorDomain=TigonLigerErrorDomain, domainErrorCode=20, analyticsDetail="AsyncSocketException: recv() failed (peer=163.70.128.23:443), type = Internal error, errno = 104 (Connection reset by peer)")}
07-14 13:34:18.837  2734  3048 W fb4a.RequestLoggingListener: com.facebook.tigon.TigonErrorException: TigonError(error=FatalError, errorDomain=TigonLigerErrorDomain, domainErrorCode=20, analyticsDetail="AsyncSocketException: recv() failed (peer=163.70.128.23:443), type = Internal error, errno = 104 (Connection reset by peer)")
07-14 13:34:18.837  2734  3048 W fb4a.RequestLoggingListener: 	at X.1Fv.onError(:39)
07-14 13:34:18.837  2734  3048 W fb4a.RequestLoggingListener: 	at com.facebook.tigon.TigonCallbacksIntegerBufferJavaHelper.onError(:8)
07-14 13:34:18.837  2734  3048 W fb4a.RequestLoggingListener: 	at com.facebook.common.jniexecutors.NativeRunnable.nativeRun(Native Method)
07-14 13:34:18.837  2734  3048 W fb4a.RequestLoggingListener: 	at com.facebook.common.jniexecutors.NativeRunnable.run(:8)
07-14 13:34:18.837  2734  3048 W fb4a.RequestLoggingListener: 	at com.facebook.common.jniexecutors.PooledNativeRunnable.run(:7)
07-14 13:34:18.837  2734  3048 W fb4a.RequestLoggingListener: 	at java.util.concurrent.ThreadPoolExecutor.runWorker(ThreadPoolExecutor.java:1133)
07-14 13:34:18.837  2734  3048 W fb4a.RequestLoggingListener: 	at java.util.concurrent.ThreadPoolExecutor$Worker.run(ThreadPoolExecutor.java:607)
07-14 13:34:18.837  2734  3048 W fb4a.RequestLoggingListener: 	at X.1I8.run(:9)
07-14 13:34:18.837  2734  3048 W fb4a.RequestLoggingListener: 	at java.lang.Thread.run(Thread.java:761)
07-14 13:34:18.838  2734  3048 W fb4a.RequestLoggingListener: time 83303: onProducerFinishWithFailure: {requestId: 1, stage: BitmapMemoryCacheKeyMultiplexProducer, elapsedTime: -1 ms, extraMap: null, throwable: com.facebook.tigon.TigonErrorException: TigonError(error=FatalError, errorDomain=TigonLigerErrorDomain, domainErrorCode=20, analyticsDetail="AsyncSocketException: recv() failed (peer=163.70.128.23:443), type = Internal error, errno = 104 (Connection reset by peer)")}
07-14 13:34:18.838  2734  3048 W fb4a.RequestLoggingListener: com.facebook.tigon.TigonErrorException: TigonError(error=FatalError, errorDomain=TigonLigerErrorDomain, domainErrorCode=20, analyticsDetail="AsyncSocketException: recv() failed (peer=163.70.128.23:443), type = Internal error, errno = 104 (Connection reset by peer)")
07-14 13:34:18.838  2734  3048 W fb4a.RequestLoggingListener: 	at X.1Fv.onError(:39)
07-14 13:34:18.838  2734  3048 W fb4a.RequestLoggingListener: 	at com.facebook.tigon.TigonCallbacksIntegerBufferJavaHelper.onError(:8)
07-14 13:34:18.838  2734  3048 W fb4a.RequestLoggingListener: 	at com.facebook.common.jniexecutors.NativeRunnable.nativeRun(Native Method)
07-14 13:34:18.838  2734  3048 W fb4a.RequestLoggingListener: 	at com.facebook.common.jniexecutors.NativeRunnable.run(:8)
07-14 13:34:18.838  2734  3048 W fb4a.RequestLoggingListener: 	at com.facebook.common.jniexecutors.PooledNativeRunnable.run(:7)
07-14 13:34:18.838  2734  3048 W fb4a.RequestLoggingListener: 	at java.util.concurrent.ThreadPoolExecutor.runWorker(ThreadPoolExecutor.java:1133)
07-14 13:34:18.838  2734  3048 W fb4a.RequestLoggingListener: 	at java.util.concurrent.ThreadPoolExecutor$Worker.run(ThreadPoolExecutor.java:607)
07-14 13:34:18.838  2734  3048 W fb4a.RequestLoggingListener: 	at X.1I8.run(:9)
07-14 13:34:18.838  2734  3048 W fb4a.RequestLoggingListener: 	at java.lang.Thread.run(Thread.java:761)
07-14 13:34:18.838  2734  3048 W fb4a.RequestLoggingListener: time 83303: onRequestFailure: {requestId: 1, elapsedTime: -1 ms, throwable: com.facebook.tigon.TigonErrorException: TigonError(error=FatalError, errorDomain=TigonLigerErrorDomain, domainErrorCode=20, analyticsDetail="AsyncSocketException: recv() failed (peer=163.70.128.23:443), type = Internal error, errno = 104 (Connection reset by peer)")}
07-14 13:34:18.841  2734  3048 W fb4a.RequestLoggingListener: time 83306: onProducerFinishWithFailure: {requestId: 2, stage: NetworkFetchProducer, elapsedTime: -1 ms, extraMap: null, throwable: com.facebook.tigon.TigonErrorException: TigonError(error=FatalError, errorDomain=TigonLigerErrorDomain, domainErrorCode=20, analyticsDetail="AsyncSocketException: recv() failed (peer=163.70.128.23:443), type = Internal error, errno = 104 (Connection reset by peer)")}
07-14 13:34:18.841  2734  3048 W fb4a.RequestLoggingListener: com.facebook.tigon.TigonErrorException: TigonError(error=FatalError, errorDomain=TigonLigerErrorDomain, domainErrorCode=20, analyticsDetail="AsyncSocketException: recv() failed (peer=163.70.128.23:443), type = Internal error, errno = 104 (Connection reset by peer)")
07-14 13:34:18.841  2734  3048 W fb4a.RequestLoggingListener: 	at X.1Fv.onError(:39)
07-14 13:34:18.841  2734  3048 W fb4a.RequestLoggingListener: 	at com.facebook.tigon.TigonCallbacksIntegerBufferJavaHelper.onError(:8)
07-14 13:34:18.841  2734  3048 W fb4a.RequestLoggingListener: 	at com.facebook.common.jniexecutors.NativeRunnable.nativeRun(Native Method)
07-14 13:34:18.841  2734  3048 W fb4a.RequestLoggingListener: 	at com.facebook.common.jniexecutors.NativeRunnable.run(:8)
07-14 13:34:18.841  2734  3048 W fb4a.RequestLoggingListener: 	at com.facebook.common.jniexecutors.PooledNativeRunnable.run(:7)
07-14 13:34:18.841  2734  3048 W fb4a.RequestLoggingListener: 	at java.util.concurrent.ThreadPoolExecutor.runWorker(ThreadPoolExecutor.java:1133)
07-14 13:34:18.841  2734  3048 W fb4a.RequestLoggingListener: 	at java.util.concurrent.ThreadPoolExecutor$Worker.run(ThreadPoolExecutor.java:607)
07-14 13:34:18.841  2734  3048 W fb4a.RequestLoggingListener: 	at X.1I8.run(:9)
07-14 13:34:18.841  2734  3048 W fb4a.RequestLoggingListener: 	at java.lang.Thread.run(Thread.java:761)
07-14 13:34:18.841  2734  3048 W fb4a.RequestLoggingListener: time 83306: onProducerFinishWithFailure: {requestId: 2, stage: EncodedCacheKeyMultiplexProducer, elapsedTime: -1 ms, extraMap: null, throwable: com.facebook.tigon.TigonErrorException: TigonError(error=FatalError, errorDomain=TigonLigerErrorDomain, domainErrorCode=20, analyticsDetail="AsyncSocketException: recv() failed (peer=163.70.128.23:443), type = Internal error, errno = 104 (Connection reset by peer)")}
07-14 13:34:18.841  2734  3048 W fb4a.RequestLoggingListener: com.facebook.tigon.TigonErrorException: TigonError(error=FatalError, errorDomain=TigonLigerErrorDomain, domainErrorCode=20, analyticsDetail="AsyncSocketException: recv() failed (peer=163.70.128.23:443), type = Internal error, errno = 104 (Connection reset by peer)")
07-14 13:34:18.841  2734  3048 W fb4a.RequestLoggingListener: 	at X.1Fv.onError(:39)
07-14 13:34:18.841  2734  3048 W fb4a.RequestLoggingListener: 	at com.facebook.tigon.TigonCallbacksIntegerBufferJavaHelper.onError(:8)
07-14 13:34:18.841  2734  3048 W fb4a.RequestLoggingListener: 	at com.facebook.common.jniexecutors.NativeRunnable.nativeRun(Native Method)
07-14 13:34:18.841  2734  3048 W fb4a.RequestLoggingListener: 	at com.facebook.common.jniexecutors.NativeRunnable.run(:8)
07-14 13:34:18.841  2734  3048 W fb4a.RequestLoggingListener: 	at com.facebook.common.jniexecutors.PooledNativeRunnable.run(:7)
07-14 13:34:18.841  2734  3048 W fb4a.RequestLoggingListener: 	at java.util.concurrent.ThreadPoolExecutor.runWorker(ThreadPoolExecutor.java:1133)
07-14 13:34:18.841  2734  3048 W fb4a.RequestLoggingListener: 	at java.util.concurrent.ThreadPoolExecutor$Worker.run(ThreadPoolExecutor.java:607)
07-14 13:34:18.841  2734  3048 W fb4a.RequestLoggingListener: 	at X.1I8.run(:9)
07-14 13:34:18.841  2734  3048 W fb4a.RequestLoggingListener: 	at java.lang.Thread.run(Thread.java:761)
07-14 13:34:18.841  2734  3048 W fb4a.RequestLoggingListener: time 83307: onProducerFinishWithFailure: {requestId: 2, stage: BitmapMemoryCacheKeyMultiplexProducer, elapsedTime: -1 ms, extraMap: null, throwable: com.facebook.tigon.TigonErrorException: TigonError(error=FatalError, errorDomain=TigonLigerErrorDomain, domainErrorCode=20, analyticsDetail="AsyncSocketException: recv() failed (peer=163.70.128.23:443), type = Internal error, errno = 104 (Connection reset by peer)")}
07-14 13:34:18.841  2734  3048 W fb4a.RequestLoggingListener: com.facebook.tigon.TigonErrorException: TigonError(error=FatalError, errorDomain=TigonLigerErrorDomain, domainErrorCode=20, analyticsDetail="AsyncSocketException: recv() failed (peer=163.70.128.23:443), type = Internal error, errno = 104 (Connection reset by peer)")
07-14 13:34:18.841  2734  3048 W fb4a.RequestLoggingListener: 	at X.1Fv.onError(:39)
07-14 13:34:18.841  2734  3048 W fb4a.RequestLoggingListener: 	at com.facebook.tigon.TigonCallbacksIntegerBufferJavaHelper.onError(:8)
07-14 13:34:18.841  2734  3048 W fb4a.RequestLoggingListener: 	at com.facebook.common.jniexecutors.NativeRunnable.nativeRun(Native Method)
07-14 13:34:18.841  2734  3048 W fb4a.RequestLoggingListener: 	at com.facebook.common.jniexecutors.NativeRunnable.run(:8)
07-14 13:34:18.841  2734  3048 W fb4a.RequestLoggingListener: 	at com.facebook.common.jniexecutors.PooledNativeRunnable.run(:7)
07-14 13:34:18.841  2734  3048 W fb4a.RequestLoggingListener: 	at java.util.concurrent.ThreadPoolExecutor.runWorker(ThreadPoolExecutor.java:1133)
07-14 13:34:18.841  2734  3048 W fb4a.RequestLoggingListener: 	at java.util.concurrent.ThreadPoolExecutor$Worker.run(ThreadPoolExecutor.java:607)
07-14 13:34:18.841  2734  3048 W fb4a.RequestLoggingListener: 	at X.1I8.run(:9)
07-14 13:34:18.841  2734  3048 W fb4a.RequestLoggingListener: 	at java.lang.Thread.run(Thread.java:761)
07-14 13:34:18.842  2734  3048 W fb4a.RequestLoggingListener: time 83307: onRequestFailure: {requestId: 2, elapsedTime: -1 ms, throwable: com.facebook.tigon.TigonErrorException: TigonError(error=FatalError, errorDomain=TigonLigerErrorDomain, domainErrorCode=20, analyticsDetail="AsyncSocketException: recv() failed (peer=163.70.128.23:443), type = Internal error, errno = 104 (Connection reset by peer)")}
07-14 13:34:18.845  2734  3048 W fb4a.RequestLoggingListener: time 83310: onProducerFinishWithFailure: {requestId: 3, stage: NetworkFetchProducer, elapsedTime: -1 ms, extraMap: null, throwable: com.facebook.tigon.TigonErrorException: TigonError(error=FatalError, errorDomain=TigonLigerErrorDomain, domainErrorCode=20, analyticsDetail="AsyncSocketException: recv() failed (peer=163.70.128.23:443), type = Internal error, errno = 104 (Connection reset by peer)")}
07-14 13:34:18.845  2734  3048 W fb4a.RequestLoggingListener: com.facebook.tigon.TigonErrorException: TigonError(error=FatalError, errorDomain=TigonLigerErrorDomain, domainErrorCode=20, analyticsDetail="AsyncSocketException: recv() failed (peer=163.70.128.23:443), type = Internal error, errno = 104 (Connection reset by peer)")
07-14 13:34:18.845  2734  3048 W fb4a.RequestLoggingListener: 	at X.1Fv.onError(:39)
07-14 13:34:18.845  2734  3048 W fb4a.RequestLoggingListener: 	at com.facebook.tigon.TigonCallbacksIntegerBufferJavaHelper.onError(:8)
07-14 13:34:18.845  2734  3048 W fb4a.RequestLoggingListener: 	at com.facebook.common.jniexecutors.NativeRunnable.nativeRun(Native Method)
07-14 13:34:18.845  2734  3048 W fb4a.RequestLoggingListener: 	at com.facebook.common.jniexecutors.NativeRunnable.run(:8)
07-14 13:34:18.845  2734  3048 W fb4a.RequestLoggingListener: 	at com.facebook.common.jniexecutors.PooledNativeRunnable.run(:7)
07-14 13:34:18.845  2734  3048 W fb4a.RequestLoggingListener: 	at java.util.concurrent.ThreadPoolExecutor.runWorker(ThreadPoolExecutor.java:1133)
07-14 13:34:18.845  2734  3048 W fb4a.RequestLoggingListener: 	at java.util.concurrent.ThreadPoolExecutor$Worker.run(ThreadPoolExecutor.java:607)
07-14 13:34:18.845  2734  3048 W fb4a.RequestLoggingListener: 	at X.1I8.run(:9)
07-14 13:34:18.845  2734  3048 W fb4a.RequestLoggingListener: 	at java.lang.Thread.run(Thread.java:761)
07-14 13:34:18.845  2734  3048 W fb4a.RequestLoggingListener: time 83310: onProducerFinishWithFailure: {requestId: 3, stage: EncodedCacheKeyMultiplexProducer, elapsedTime: -1 ms, extraMap: null, throwable: com.facebook.tigon.TigonErrorException: TigonError(error=FatalError, errorDomain=TigonLigerErrorDomain, domainErrorCode=20, analyticsDetail="AsyncSocketException: recv() failed (peer=163.70.128.23:443), type = Internal error, errno = 104 (Connection reset by peer)")}
07-14 13:34:18.845  2734  3048 W fb4a.RequestLoggingListener: com.facebook.tigon.TigonErrorException: TigonError(error=FatalError, errorDomain=TigonLigerErrorDomain, domainErrorCode=20, analyticsDetail="AsyncSocketException: recv() failed (peer=163.70.128.23:443), type = Internal error, errno = 104 (Connection reset by peer)")
07-14 13:34:18.845  2734  3048 W fb4a.RequestLoggingListener: 	at X.1Fv.onError(:39)
07-14 13:34:18.845  2734  3048 W fb4a.RequestLoggingListener: 	at com.facebook.tigon.TigonCallbacksIntegerBufferJavaHelper.onError(:8)
07-14 13:34:18.845  2734  3048 W fb4a.RequestLoggingListener: 	at com.facebook.common.jniexecutors.NativeRunnable.nativeRun(Native Method)
07-14 13:34:18.845  2734  3048 W fb4a.RequestLoggingListener: 	at com.facebook.common.jniexecutors.NativeRunnable.run(:8)
07-14 13:34:18.845  2734  3048 W fb4a.RequestLoggingListener: 	at com.facebook.common.jniexecutors.PooledNativeRunnable.run(:7)
07-14 13:34:18.845  2734  3048 W fb4a.RequestLoggingListener: 	at java.util.concurrent.ThreadPoolExecutor.runWorker(ThreadPoolExecutor.java:1133)
07-14 13:34:18.845  2734  3048 W fb4a.RequestLoggingListener: 	at java.util.concurrent.ThreadPoolExecutor$Worker.run(ThreadPoolExecutor.java:607)
07-14 13:34:18.845  2734  3048 W fb4a.RequestLoggingListener: 	at X.1I8.run(:9)
07-14 13:34:18.845  2734  3048 W fb4a.RequestLoggingListener: 	at java.lang.Thread.run(Thread.java:761)
07-14 13:34:18.845  2734  3048 W fb4a.RequestLoggingListener: time 83311: onProducerFinishWithFailure: {requestId: 3, stage: BitmapMemoryCacheKeyMultiplexProducer, elapsedTime: -1 ms, extraMap: null, throwable: com.facebook.tigon.TigonErrorException: TigonError(error=FatalError, errorDomain=TigonLigerErrorDomain, domainErrorCode=20, analyticsDetail="AsyncSocketException: recv() failed (peer=163.70.128.23:443), type = Internal error, errno = 104 (Connection reset by peer)")}
07-14 13:34:18.845  2734  3048 W fb4a.RequestLoggingListener: com.facebook.tigon.TigonErrorException: TigonError(error=FatalError, errorDomain=TigonLigerErrorDomain, domainErrorCode=20, analyticsDetail="AsyncSocketException: recv() failed (peer=163.70.128.23:443), type = Internal error, errno = 104 (Connection reset by peer)")
07-14 13:34:18.845  2734  3048 W fb4a.RequestLoggingListener: 	at X.1Fv.onError(:39)
07-14 13:34:18.845  2734  3048 W fb4a.RequestLoggingListener: 	at com.facebook.tigon.TigonCallbacksIntegerBufferJavaHelper.onError(:8)
07-14 13:34:18.845  2734  3048 W fb4a.RequestLoggingListener: 	at com.facebook.common.jniexecutors.NativeRunnable.nativeRun(Native Method)
07-14 13:34:18.845  2734  3048 W fb4a.RequestLoggingListener: 	at com.facebook.common.jniexecutors.NativeRunnable.run(:8)
07-14 13:34:18.845  2734  3048 W fb4a.RequestLoggingListener: 	at com.facebook.common.jniexecutors.PooledNativeRunnable.run(:7)
07-14 13:34:18.845  2734  3048 W fb4a.RequestLoggingListener: 	at java.util.concurrent.ThreadPoolExecutor.runWorker(ThreadPoolExecutor.java:1133)
07-14 13:34:18.845  2734  3048 W fb4a.RequestLoggingListener: 	at java.util.concurrent.ThreadPoolExecutor$Worker.run(ThreadPoolExecutor.java:607)
07-14 13:34:18.845  2734  3048 W fb4a.RequestLoggingListener: 	at X.1I8.run(:9)
07-14 13:34:18.845  2734  3048 W fb4a.RequestLoggingListener: 	at java.lang.Thread.run(Thread.java:761)
07-14 13:34:18.845  2734  3048 W fb4a.RequestLoggingListener: time 83311: onRequestFailure: {requestId: 3, elapsedTime: -1 ms, throwable: com.facebook.tigon.TigonErrorException: TigonError(error=FatalError, errorDomain=TigonLigerErrorDomain, domainErrorCode=20, analyticsDetail="AsyncSocketException: recv() failed (peer=163.70.128.23:443), type = Internal error, errno = 104 (Connection reset by peer)")}
07-14 13:34:18.907  2734  3019 E FBMobileConfigLogger.cpp: Log error: NetworkError, location: FBMobileConfigDefaultUpdater::onRequestComplete, description: FetchType:SYNC_FULL, Error:FatalError domain: TigonLigerErrorDomain code: 20 detail: AsyncSocketException: recv() failed (peer=31.13.72.36:443), type = Internal error, errno = 104 (Connection reset by peer)
07-14 13:34:18.911  2734  3345 W fb4a.BlueServiceQueue: Exception during service
07-14 13:34:18.911  2734  3345 W fb4a.BlueServiceQueue: com.facebook.tigon.TigonErrorException: TigonError(error=FatalError, errorDomain=TigonLigerErrorDomain, domainErrorCode=20, analyticsDetail="AsyncSocketException: recv() failed (peer=31.13.72.36:443), type = Internal error, errno = 104 (Connection reset by peer)")
07-14 13:34:18.911  2734  3345 W fb4a.BlueServiceQueue: 	at X.1Fv.onError(:39)
07-14 13:34:18.911  2734  3345 W fb4a.BlueServiceQueue: 	at com.facebook.tigon.TigonCallbacksIntegerBufferJavaHelper.onError(:8)
07-14 13:34:18.911  2734  3345 W fb4a.BlueServiceQueue: 	at com.facebook.common.jniexecutors.NativeRunnable.nativeRun(Native Method)
07-14 13:34:18.911  2734  3345 W fb4a.BlueServiceQueue: 	at com.facebook.common.jniexecutors.NativeRunnable.run(:8)
07-14 13:34:18.911  2734  3345 W fb4a.BlueServiceQueue: 	at com.facebook.common.jniexecutors.PooledNativeRunnable.run(:7)
07-14 13:34:18.911  2734  3345 W fb4a.BlueServiceQueue: 	at java.util.concurrent.ThreadPoolExecutor.runWorker(ThreadPoolExecutor.java:1133)
07-14 13:34:18.911  2734  3345 W fb4a.BlueServiceQueue: 	at java.util.concurrent.ThreadPoolExecutor$Worker.run(ThreadPoolExecutor.java:607)
07-14 13:34:18.911  2734  3345 W fb4a.BlueServiceQueue: 	at X.1I8.run(:9)
07-14 13:34:18.911  2734  3345 W fb4a.BlueServiceQueue: 	at java.lang.Thread.run(Thread.java:761)
07-14 13:34:18.920  2734  3345 E fb4a.FacebookPushServerRegisterJobImpl: RegisterPushToken register_push_no_user failed CONNECTION_FAILURE: CONNECTION_FAILURE with view context override is false
07-14 13:34:20.183  3184  3676 I chatty  : uid=10011 com.google.android.gms.persistent expire 1 line
07-14 13:34:20.375  3184  3248 I chatty  : uid=10011 com.google.android.gms.persistent expire 43 lines
07-14 13:34:20.407  3286  3286 I chatty  : uid=10011(com.google.android.gms) expire 46 lines
07-14 13:34:21.411  3184  3512 I chatty  : uid=10011 com.google.android.gms.persistent expire 17 lines
07-14 13:34:21.465  3286  3619 I chatty  : uid=10011(com.google.android.gms) expire 24 lines
07-14 13:34:21.581  3184  3693 I chatty  : uid=10011 com.google.android.gms.persistent expire 49 lines
07-14 13:34:21.668  3184  3681 I chatty  : uid=10011 com.google.android.gms.persistent expire 1 line
07-14 13:34:22.057  3286  3352 I chatty  : uid=10011(com.google.android.gms) highpool[1] expire 6 lines
07-14 13:34:22.771  3184  3233 I chatty  : uid=10011(com.google.android.gms) highpool[1] expire 1 line
07-14 13:34:22.802  3286  3705 I chatty  : uid=10011(com.google.android.gms) expire 1 line
07-14 13:34:23.373  3286  3346 W PackageParser: Unknown element under <manifest>: queries at /data/user_de/0/com.google.android.gms/app_chimera/m/00000016/dl-Pay.optional_242335040700.apk Binary XML file line #11
07-14 13:34:23.410  3286  3346 W PackageParser: Unknown element under <manifest>: queries at /data/user_de/0/com.google.android.gms/app_chimera/m/0000000c/AdsDynamite.uncompressed.apk Binary XML file line #15
07-14 13:34:23.479  3286  3346 W PackageParser: Unknown element under <manifest>: queries at /data/user_de/0/com.google.android.gms/app_chimera/m/00000010/DynamiteModulesC.uncompressed.apk Binary XML file line #15
07-14 13:34:23.530  3286  3346 W PackageParser: Unknown element under <manifest>: queries at /data/user_de/0/com.google.android.gms/app_chimera/m/00000019/dl-AdsFdrDynamite.integ_241806202020000.apk Binary XML file line #15
07-14 13:34:24.866  3286  3674 I chatty  : uid=10011(com.google.android.gms) expire 11 lines
07-14 13:34:24.868  3184  3409 I chatty  : uid=10011 com.google.android.gms.persistent expire 29 lines
07-14 13:34:27.092  3184  3184 I chatty  : uid=10011 com.google.android.gms.persistent expire 17 lines
07-14 13:34:27.657  3184  3761 I chatty  : uid=10011 com.google.android.gms.persistent expire 11 lines
07-14 13:34:27.815  3286  3702 I chatty  : uid=10011(com.google.android.gms) expire 11 lines
07-14 13:34:28.655  2734  2999 W fb4a.2a3: Called user scoped provider with no viewer. ViewerContextManager was created with no ViewerContext. Using EmptyViewerContextManager to return fake logged in instance.
07-14 13:34:28.670  3286  3291 I chatty  : uid=10011(com.google.android.gms) Jit thread pool expire 3 lines
07-14 13:34:28.670  2734  2999 D cloudgaminginterceptor: request intercepted: url=https://b-graph.facebook.com/350685531728/nonuserpushtokens
07-14 13:34:28.671  2734  2999 D relenginterceptor: RELENG rewrite skipped, config is disabled.
07-14 13:34:28.671  2734  2999 D defcontigonrelayernative: DefconTigonDelayer starting
07-14 13:34:28.671  2734  2999 D defcontigonrelayernative: DefconTigonDelayer skipped, config is disabled.
07-14 13:34:28.688  3286  3771 I chatty  : uid=10011(com.google.android.gms) GoogleApiHandle expire 5 lines
07-14 13:34:28.739  3286  3778 I chatty  : uid=10011(com.google.android.gms) expire 3 lines
07-14 13:34:28.811  3286  3346 I chatty  : uid=10011(com.google.android.gms) expire 9 lines
07-14 13:34:28.880  3184  3321 I chatty  : uid=10011 com.google.android.gms.persistent expire 1 line
07-14 13:34:29.215  3286  3782 I chatty  : uid=10011(com.google.android.gms) expire 1 line
07-14 13:34:29.283  3286  3783 I chatty  : uid=10011(com.google.android.gms) expire 2 lines
07-14 13:34:29.286  3286  3785 I chatty  : uid=10011(com.google.android.gms) expire 6 lines
07-14 13:34:29.324  3286  3787 I chatty  : uid=10011(com.google.android.gms) expire 1 line
07-14 13:34:30.092  3286  3719 I chatty  : uid=10011(com.google.android.gms) expire 2 lines
07-14 13:34:30.453  3286  3790 I chatty  : uid=10011(com.google.android.gms) lowpool[10] expire 2 lines
07-14 13:34:38.338  3184  3801 I chatty  : uid=10011 com.google.android.gms.persistent expire 4 lines
07-14 13:34:38.567  2179  2191 W JobInfo : Specified flex for 104629 is +57m36s0ms. Clamped to +1h12m0s0ms
07-14 13:34:38.628  3184  3248 I chatty  : uid=10011 com.google.android.gms.persistent expire 8 lines
07-14 13:34:40.093  3184  3409 I chatty  : uid=10011 com.google.android.gms.persistent expire 2 lines
07-14 13:34:43.761  3286  3286 I chatty  : uid=10011(com.google.android.gms) expire 10 lines
07-14 13:34:45.915  2734  3345 W fb4a.DownloadOnDemand: attempting to fetch resource, name:fbt_language_pack.bin, flavor:ru, build: 324485361
07-14 13:34:45.919  2734  3345 D cloudgaminginterceptor: request intercepted: url=https://b-graph.facebook.com/v3.1/ota_resource
07-14 13:34:45.919  2734  3345 D relenginterceptor: RELENG rewrite skipped, config is disabled.
07-14 13:34:45.919  2734  3345 D defcontigonrelayernative: DefconTigonDelayer starting
07-14 13:34:45.919  2734  3345 D defcontigonrelayernative: DefconTigonDelayer skipped, config is disabled.
07-14 13:34:49.433  2734  3175 W fb4a.2a3: Called user scoped provider with no viewer. ViewerContextManager was created with no ViewerContext. Using EmptyViewerContextManager to return fake logged in instance.
07-14 13:34:49.443  3184  3693 I chatty  : uid=10011 com.google.android.gms.persistent expire 6 lines
07-14 13:34:49.577  3286  3617 I chatty  : uid=10011(com.google.android.gms) lowpool[4] expire 10 lines
07-14 13:34:50.130  2299  2299 E PhoneInterfaceManager: [PhoneIntfMgr] getCarrierPackageNamesForIntent: No UICC
07-14 13:34:50.130  2299  2299 D CarrierSvcBindHelper: No carrier app for: 0
07-14 13:34:50.135  2179  2179 W ResourceType: ResTable_typeSpec entry count inconsistent: given 98, previously 101
07-14 13:34:50.135  2179  2179 W ResourceType: ResTable_typeSpec entry count inconsistent: given 3356, previously 3376
07-14 13:34:50.135  2179  2179 W ResourceType: ResTable_typeSpec entry count inconsistent: given 494, previously 4744
07-14 13:34:50.140  2179  2218 I InputReader: Reconfiguring input devices.  changes=0x00000010
07-14 13:34:50.145  2179  2191 W ResourceType: ResTable_typeSpec entry count inconsistent: given 98, previously 101
07-14 13:34:50.145  2179  2191 W ResourceType: ResTable_typeSpec entry count inconsistent: given 3356, previously 3376
07-14 13:34:50.145  2179  2191 W ResourceType: ResTable_typeSpec entry count inconsistent: given 494, previously 4744
07-14 13:34:50.146  2179  2191 W Searchables: No global search activity found
07-14 13:34:50.433  2179  2228 W WifiMode: WiredSSID, Invalid SupportedRates!!!
07-14 13:34:50.433  2179  2230 W WifiMode: WiredSSID, Invalid SupportedRates!!!
07-14 13:34:50.433  2179  2228 W WifiMode: WiredSSID, Invalid SupportedRates!!!
07-14 13:34:55.156  3184  3184 I chatty  : uid=10011 com.google.android.gms.persistent expire 11 lines
07-14 13:34:58.680  2734  2999 W fb4a.BlueServiceQueue: Exception during service
07-14 13:34:58.680  2734  2999 W fb4a.BlueServiceQueue: com.facebook.tigon.TigonErrorException: TigonError(error=TransientError, errorDomain=TigonLigerErrorDomain, domainErrorCode=3, analyticsDetail="AdvancedHTTPSessionManager - connect timed out")
07-14 13:34:58.680  2734  2999 W fb4a.BlueServiceQueue: 	at X.1Fv.onError(:39)
07-14 13:34:58.680  2734  2999 W fb4a.BlueServiceQueue: 	at com.facebook.tigon.TigonCallbacksIntegerBufferJavaHelper.onError(:8)
07-14 13:34:58.680  2734  2999 W fb4a.BlueServiceQueue: 	at com.facebook.common.jniexecutors.NativeRunnable.nativeRun(Native Method)
07-14 13:34:58.680  2734  2999 W fb4a.BlueServiceQueue: 	at com.facebook.common.jniexecutors.NativeRunnable.run(:8)
07-14 13:34:58.680  2734  2999 W fb4a.BlueServiceQueue: 	at com.facebook.common.jniexecutors.PooledNativeRunnable.run(:7)
07-14 13:34:58.680  2734  2999 W fb4a.BlueServiceQueue: 	at java.util.concurrent.ThreadPoolExecutor.runWorker(ThreadPoolExecutor.java:1133)
07-14 13:34:58.680  2734  2999 W fb4a.BlueServiceQueue: 	at java.util.concurrent.ThreadPoolExecutor$Worker.run(ThreadPoolExecutor.java:607)
07-14 13:34:58.680  2734  2999 W fb4a.BlueServiceQueue: 	at X.1I8.run(:9)
07-14 13:34:58.680  2734  2999 W fb4a.BlueServiceQueue: 	at java.lang.Thread.run(Thread.java:761)
07-14 13:34:58.681  2734  3845 E fb4a.FacebookPushServerRegisterJobImpl: RegisterPushToken register_push_no_user failed CONNECTION_FAILURE: CONNECTION_FAILURE with view context override is false
07-14 13:34:58.684  2734  2999 D cloudgaminginterceptor: request intercepted: url=https://b-graph.facebook.com/350685531728/nonuserpushtokens
07-14 13:34:58.684  2734  2999 D relenginterceptor: RELENG rewrite skipped, config is disabled.
07-14 13:34:58.684  2734  2999 D defcontigonrelayernative: DefconTigonDelayer starting
07-14 13:34:58.684  2734  2999 D defcontigonrelayernative: DefconTigonDelayer skipped, config is disabled.
07-14 13:35:06.531  1868  1868 E NOX     : recv() error
07-14 13:35:06.531  1868  1868 D NOX     : Socket read error
07-14 13:35:15.927  2734  3037 W fb4a.OnDemandResourcePrefetchImpl: Prefetch failed for resource fbt_language_pack.bin, ru, 324485361
07-14 13:35:17.876  2734  2999 W fb4a.BlueServiceQueue: Exception during service
07-14 13:35:17.876  2734  2999 W fb4a.BlueServiceQueue: com.facebook.tigon.TigonErrorException: TigonError(error=FatalError, errorDomain=TigonLigerErrorDomain, domainErrorCode=20, analyticsDetail="AsyncSocketException: recv() failed (peer=31.13.72.36:443), type = Internal error, errno = 104 (Connection reset by peer)")
07-14 13:35:17.876  2734  2999 W fb4a.BlueServiceQueue: 	at X.1Fv.onError(:39)
07-14 13:35:17.876  2734  2999 W fb4a.BlueServiceQueue: 	at com.facebook.tigon.TigonCallbacksIntegerBufferJavaHelper.onError(:8)
07-14 13:35:17.876  2734  2999 W fb4a.BlueServiceQueue: 	at com.facebook.common.jniexecutors.NativeRunnable.nativeRun(Native Method)
07-14 13:35:17.876  2734  2999 W fb4a.BlueServiceQueue: 	at com.facebook.common.jniexecutors.NativeRunnable.run(:8)
07-14 13:35:17.876  2734  2999 W fb4a.BlueServiceQueue: 	at com.facebook.common.jniexecutors.PooledNativeRunnable.run(:7)
07-14 13:35:17.876  2734  2999 W fb4a.BlueServiceQueue: 	at java.util.concurrent.ThreadPoolExecutor.runWorker(ThreadPoolExecutor.java:1133)
07-14 13:35:17.876  2734  2999 W fb4a.BlueServiceQueue: 	at java.util.concurrent.ThreadPoolExecutor$Worker.run(ThreadPoolExecutor.java:607)
07-14 13:35:17.876  2734  2999 W fb4a.BlueServiceQueue: 	at X.1I8.run(:9)
07-14 13:35:17.876  2734  2999 W fb4a.BlueServiceQueue: 	at java.lang.Thread.run(Thread.java:761)
07-14 13:35:17.878  2734  3175 E fb4a.FacebookPushServerRegisterJobImpl: RegisterPushToken register_push_no_user failed CONNECTION_FAILURE: CONNECTION_FAILURE with view context override is false
07-14 13:35:27.995  3184  3896 I chatty  : uid=10011 com.google.android.gms.persistent expire 8 lines
07-14 13:35:27.996  2179  2461 I ActivityManager: Killing 2597:com.android.keychain/1000 (adj 904): empty #17
07-14 13:35:28.065  2179  2596 D ActivityManager: cleanUpApplicationRecord -- 2597
07-14 13:35:28.638  3184  3941 I chatty  : uid=10011 com.google.android.gms.persistent expire 1 line
07-14 13:35:28.656  3184  3943 I chatty  : uid=10011 com.google.android.gms.persistent expire 1 line
07-14 13:35:41.115  2734  3845 W fb4a.2a3: Called user scoped provider with no viewer. ViewerContextManager was created with no ViewerContext. Using EmptyViewerContextManager to return fake logged in instance.
07-14 13:35:41.123  2734  3845 D cloudgaminginterceptor: request intercepted: url=https://b-graph.facebook.com/350685531728/nonuserpushtokens
07-14 13:35:41.123  2734  3845 D relenginterceptor: RELENG rewrite skipped, config is disabled.
07-14 13:35:41.123  2734  3845 D defcontigonrelayernative: DefconTigonDelayer starting
07-14 13:35:41.123  2734  3845 D defcontigonrelayernative: DefconTigonDelayer skipped, config is disabled.
07-14 13:35:41.130  3184  3951 I chatty  : uid=10011 com.google.android.gms.persistent expire 1 line
07-14 13:35:43.240  3184  3184 I chatty  : uid=10011 com.google.android.gms.persistent expire 12 lines
07-14 13:35:45.913  2734  3175 W fb4a.DownloadOnDemand: attempting to fetch resource, name:fbt_language_pack.bin, flavor:ru, build: 324485361
07-14 13:35:45.917  2734  3175 D cloudgaminginterceptor: request intercepted: url=https://b-graph.facebook.com/v3.1/ota_resource
07-14 13:35:45.917  2734  3175 D relenginterceptor: RELENG rewrite skipped, config is disabled.
07-14 13:35:45.917  2734  3175 D defcontigonrelayernative: DefconTigonDelayer starting
07-14 13:35:45.917  2734  3175 D defcontigonrelayernative: DefconTigonDelayer skipped, config is disabled.
07-14 13:35:47.832  3286  3591 I chatty  : uid=10011(com.google.android.gms) ChromiumNet expire 5 lines
07-14 13:35:49.538  2251  2251 D PhoneStatusBar: disable: < expand ICONS alerts SYSTEM_INFO back HOME RECENT clock SEARCH quick_settings >
07-14 13:35:49.558  1875  2247 D gralloc_nox: gralloc_alloc: Creating ashmem region of size 4096
07-14 13:35:49.558  2251  2251 W AudioTrack: AUDIO_OUTPUT_FLAG_FAST denied by client; transfer 4, track 44100 Hz, output 48000 Hz
07-14 13:35:49.566  2612  3957 W ContextImpl: Calling a method in the system process without a qualified user: android.app.ContextImpl.bindService:1435 android.content.ContextWrapper.bindService:636 m.bu.d:110 m.bf.d:36 m.aw.c:183 
07-14 13:35:49.568  3286  3286 I chatty  : uid=10011(com.google.android.gms) expire 10 lines
07-14 13:35:49.734  2251  2251 D PhoneStatusBar: disable: < expand icons* alerts system_info* back HOME RECENT clock SEARCH quick_settings >
07-14 13:35:49.787  2251  2251 D PhoneStatusBar: disable: < expand icons alerts system_info back home* recent* clock search* quick_settings >
07-14 13:35:49.861  2179  2376 W ActivityManager: Slow operation: 60ms so far, now at startProcess: returned from zygote!
07-14 13:35:49.861  2179  2376 W ActivityManager: Slow operation: 60ms so far, now at startProcess: done updating battery stats
07-14 13:35:49.861  2179  2376 W ActivityManager: Slow operation: 60ms so far, now at startProcess: building log message
07-14 13:35:49.861  2179  2376 I ActivityManager: Start proc 3986:com.android.inputmethod.pinyin/1000 for service com.android.inputmethod.pinyin/.InputService
07-14 13:35:49.861  2179  2376 W ActivityManager: Slow operation: 60ms so far, now at startProcess: starting to update pids map
07-14 13:35:49.861  2179  2376 W ActivityManager: Slow operation: 60ms so far, now at startProcess: done updating pids map
07-14 13:35:49.861  2179  2376 W ActivityManager: Slow operation: 60ms so far, now at startProcess: done starting proc!
07-14 13:35:49.861  2179  2376 V InputMethodManagerService: Adding window token: android.os.Binder@2295c58
07-14 13:35:49.862  3986  3986 W art     : Unexpected CPU variant for X86 using defaults: x86
07-14 13:35:49.881  2179  3182 I ActivityManager: Setting hasTopUi=false for pid=2251
07-14 13:35:49.893  1875  1902 D gralloc_nox: gralloc_alloc: Creating ashmem region of size 4096
07-14 13:35:49.906  1875  1902 D gralloc_nox: gralloc_alloc: Creating ashmem region of size 4096
07-14 13:35:49.914  1875  2247 D gralloc_nox: gralloc_alloc: Creating ashmem region of size 4096
07-14 13:35:49.981  1879  1928 D AudioFlinger: mixer(0xd6103580) throttle end: throttle time(59)
07-14 13:35:50.031  3986  3986 I art     : Starting a blocking GC AddRemoveAppImageSpace
07-14 13:35:50.031  3986  3986 W System  : ClassLoader referenced unknown path: /system/app/InputService/lib/x86
07-14 13:35:50.063  3986  3986 I InputService: onCreate: 
07-14 13:35:50.330  3984  3984 D AndroidRuntime: >>>>>> START com.android.internal.os.RuntimeInit uid 0 <<<<<<
07-14 13:35:50.629  3984  3984 D AndroidRuntime: CheckJNI is OFF
07-14 13:35:50.679  3984  3984 D ICU     : No timezone override file found: /data/misc/zoneinfo/current/icu/icu_tzdata.dat
07-14 13:35:50.685  3984  3984 W art     : Unexpected CPU variant for X86 using defaults: x86
07-14 13:35:50.691  3984  3984 D         : houdini no need remount
07-14 13:35:50.699  3984  3984 E memtrack: Couldn't load memtrack module (No such file or directory)
07-14 13:35:50.699  3984  3984 E android.os.Debug: failed to load memtrack module: -2
07-14 13:35:50.700  3984  3984 I Radio-JNI: register_android_hardware_Radio DONE
07-14 13:35:50.707  3984  3984 D AndroidRuntime: Calling main entry com.android.commands.am.Am
07-14 13:35:50.710  3984  3984 D AndroidRuntime: Shutting down VM
07-14 13:35:51.103  4027  4027 D AndroidRuntime: >>>>>> START com.android.internal.os.RuntimeInit uid 0 <<<<<<
07-14 13:35:51.186  2179  2179 W ResourceType: ResTable_typeSpec entry count inconsistent: given 98, previously 101
07-14 13:35:51.188  2299  2299 E PhoneInterfaceManager: [PhoneIntfMgr] getCarrierPackageNamesForIntent: No UICC
07-14 13:35:51.188  2299  2299 D CarrierSvcBindHelper: No carrier app for: 0
07-14 13:35:51.189  2179  2179 W ResourceType: ResTable_typeSpec entry count inconsistent: given 3356, previously 3376
07-14 13:35:51.189  2179  2179 W ResourceType: ResTable_typeSpec entry count inconsistent: given 494, previously 4744
07-14 13:35:51.190  2179  2218 I InputReader: Reconfiguring input devices.  changes=0x00000010
07-14 13:35:51.199  2179  2191 W ResourceType: ResTable_typeSpec entry count inconsistent: given 98, previously 101
07-14 13:35:51.199  2179  2191 W ResourceType: ResTable_typeSpec entry count inconsistent: given 3356, previously 3376
07-14 13:35:51.199  2179  2191 W ResourceType: ResTable_typeSpec entry count inconsistent: given 494, previously 4744
07-14 13:35:51.200  2179  2191 W Searchables: No global search activity found
07-14 13:35:51.341  4027  4027 D AndroidRuntime: CheckJNI is OFF
07-14 13:35:51.381  4027  4027 D ICU     : No timezone override file found: /data/misc/zoneinfo/current/icu/icu_tzdata.dat
07-14 13:35:51.387  4027  4027 W art     : Unexpected CPU variant for X86 using defaults: x86
07-14 13:35:51.392  4027  4027 D         : houdini no need remount
07-14 13:35:51.400  4027  4027 E memtrack: Couldn't load memtrack module (No such file or directory)
07-14 13:35:51.400  4027  4027 E android.os.Debug: failed to load memtrack module: -2
07-14 13:35:51.400  4027  4027 I Radio-JNI: register_android_hardware_Radio DONE
07-14 13:35:51.409  4027  4027 D AndroidRuntime: Calling main entry com.android.commands.am.Am
07-14 13:35:51.411  4027  4027 D AndroidRuntime: Shutting down VM
07-14 13:35:54.042  4067  4067 D AndroidRuntime: >>>>>> START com.android.internal.os.RuntimeInit uid 0 <<<<<<
07-14 13:35:54.280  4067  4067 D AndroidRuntime: CheckJNI is OFF
07-14 13:35:54.324  4067  4067 D ICU     : No timezone override file found: /data/misc/zoneinfo/current/icu/icu_tzdata.dat
07-14 13:35:54.330  4067  4067 W art     : Unexpected CPU variant for X86 using defaults: x86
07-14 13:35:54.333  4067  4067 D         : houdini no need remount
07-14 13:35:54.341  4067  4067 E memtrack: Couldn't load memtrack module (No such file or directory)
07-14 13:35:54.341  4067  4067 E android.os.Debug: failed to load memtrack module: -2
07-14 13:35:54.341  4067  4067 I Radio-JNI: register_android_hardware_Radio DONE
07-14 13:35:54.346  4067  4067 D AndroidRuntime: Calling main entry com.android.commands.am.Am
07-14 13:35:54.350  4067  4067 D AndroidRuntime: Shutting down VM
07-14 13:35:55.068  3986  4076 D NetworkSecurityConfig: No Network Security Config specified, using platform default
07-14 13:35:55.397  2612  2612 W PropertyValuesHolder: Method setDesaturation() with type float not found on target class class d.b.a.k.x
07-14 13:35:55.397  2612  2612 W PropertyValuesHolder: Method getDesaturation() with type null not found on target class class d.b.a.k.x
07-14 13:35:55.397  2612  2612 W PropertyValuesHolder: Method setBrightness() with type float not found on target class class d.b.a.k.x
07-14 13:35:55.397  2612  2612 W PropertyValuesHolder: Method getBrightness() with type null not found on target class class d.b.a.k.x
07-14 13:35:55.473  2179  2239 W AudioTrack: AUDIO_OUTPUT_FLAG_FAST denied by client; transfer 4, track 44100 Hz, output 48000 Hz
07-14 13:35:55.480  2179  2574 I ActivityManager: START u0 {act=android.intent.action.MAIN cat=[android.intent.category.LAUNCHER] flg=0x10200000 cmp=zahleb.me/.MainActivity bnds=[18,812][192,1072] (has extras)} from uid 1000 on display 0
07-14 13:35:55.531  2179  2461 I ActivityManager: Start proc 4081:zahleb.me/u0a45 for activity zahleb.me/.MainActivity
07-14 13:35:55.532  4081  4081 I chatty  : uid=10045(zahleb.me) expire 69 lines
07-14 13:35:55.552  1875  2247 D gralloc_nox: gralloc_alloc: Creating ashmem region of size 8298496
07-14 13:35:55.640  2734  2756 W art     : Suspending all threads took: 73.956ms
07-14 13:35:55.949  4081  4091 I chatty  : uid=10045(zahleb.me) expire 12 lines
07-14 13:35:56.079  3986  4076 I InputService: run: code:200
07-14 13:35:56.084  3986  4076 I input:  : wlx--> json : {"code":0,"msg":"success","data":{"half":["com.netease.eve.en","com.gm99.ylcs","jp.ghost.romance","com.gameone.meow","com.ykhw.sgsmjz","com.kudou.fengshen","com.ss.android.auto","com.wb.goog.mkx","com.ulugame.arkajp.google","com.xlegend.dragonsoul.jp","vn.efun.jx1","com.global.musvn","vn.vltk.htvl","com.maetimes.android.pokekara","com.wemadesvc.icarusm","com.eskyfun.sgsmjzgp","com.aceclub.tw"],"full":["vn.efun.jx1","com.global.musvn","vn.vltk.htvl","com.global.gloryvn","com.xlegend.grandfantasia.jp","com.azuragame.oop","com.xlegend.arthurlegend.tw","com.honorofheir.global","com.xlegend.honorofheirs.jp"]}}
07-14 13:35:56.935  4081  4105 I chatty  : uid=10045(zahleb.me) expire 2 lines
07-14 13:35:57.109  4081  4123 I chatty  : uid=10045(zahleb.me) expire 4 lines
07-14 13:35:57.461  4081  4134 I chatty  : uid=10045(zahleb.me) expire 13 lines
07-14 13:35:57.468  4081  4155 I chatty  : uid=10045(zahleb.me) expire 3 lines
07-14 13:35:57.514  2179  3182 I ActivityManager: Start proc 4169:zahleb.me:Metrica/u0a45 for service zahleb.me/com.yandex.metrica.MetricaService
07-14 13:35:57.514  4081  4160 I chatty  : uid=10045(zahleb.me) expire 3 lines
07-14 13:35:57.525  2612  3957 I FA      : Application backgrounded at: timestamp_millis: 1720953355523
07-14 13:35:57.554  4169  4169 I chatty  : uid=10045(zahleb.me) expire 35 lines
07-14 13:35:57.630  4081  4183 I chatty  : uid=10045(zahleb.me) expire 4 lines
07-14 13:35:57.807  3184  4094 I chatty  : uid=10011 com.google.android.gms.persistent expire 5 lines
07-14 13:35:58.192  4169  4202 I chatty  : uid=10045(zahleb.me) expire 1 line
07-14 13:35:58.206  4169  4213 I chatty  : uid=10045(zahleb.me) expire 2 lines
07-14 13:35:58.349  4169  4229 I chatty  : uid=10045(zahleb.me) expire 5 lines
07-14 13:35:58.555  4169  4221 I chatty  : uid=10045(zahleb.me) expire 2 lines
07-14 13:35:58.854  4169  4214 I chatty  : uid=10045(zahleb.me) expire 7 lines
07-14 13:35:58.865  4169  4264 I chatty  : uid=10045(zahleb.me) expire 3 lines
07-14 13:35:58.871  4169  4271 I chatty  : uid=10045(zahleb.me) expire 4 lines
07-14 13:35:59.197  2179  2461 I ActivityManager: Start proc 4323:com.android.vending/u0a15 for service com.android.vending/com.google.android.finsky.billing.iab.InAppBillingService
07-14 13:35:59.208  4323  4323 I chatty  : uid=10015(com.android.vending) expire 113 lines
07-14 13:35:59.407  4169  4339 I chatty  : uid=10045(zahleb.me) expire 3 lines
07-14 13:35:59.458  4081  4086 I chatty  : uid=10045(zahleb.me) expire 3 lines
07-14 13:35:59.531  4081  4113 I chatty  : uid=10045(zahleb.me) expire 1 line
07-14 13:35:59.705  3184  4095 I chatty  : uid=10011 com.google.android.gms.persistent expire 7 lines
07-14 13:35:59.768  4081  4387 I chatty  : uid=10045(zahleb.me) expire 1 line
07-14 13:35:59.853  4081  4081 I chatty  : uid=10045(zahleb.me) expire 96 lines
07-14 13:35:59.953  3184  3422 I chatty  : uid=10011(com.google.android.gms) Binder:3184_4 expire 9 lines
07-14 13:35:59.958  4081  4399 I chatty  : uid=10045(zahleb.me) expire 2 lines
07-14 13:35:59.993  4081  4081 I chatty  : uid=10045(zahleb.me) expire 4 lines
07-14 13:36:00.030  4374  4374 D AndroidRuntime: >>>>>> START com.android.internal.os.RuntimeInit uid 0 <<<<<<
07-14 13:36:00.197  4393  4393 I chatty  : uid=10015(com.android.vending) expire 11 lines
07-14 13:36:00.275  3286  3702 I chatty  : uid=10011(com.google.android.gms) expire 1 line
07-14 13:36:00.348  4374  4374 D AndroidRuntime: CheckJNI is OFF
07-14 13:36:00.379  4081  4435 I chatty  : uid=10045(zahleb.me) expire 1 line
07-14 13:36:00.385  4081  4081 I chatty  : uid=10045(zahleb.me) expire 1 line
07-14 13:36:00.388  4081  4439 I chatty  : uid=10045(zahleb.me) expire 3 lines
07-14 13:36:00.403  1875  1902 D gralloc_nox: gralloc_alloc: Creating ashmem region of size 4096
07-14 13:36:00.404  4081  4370 I chatty  : uid=10045(zahleb.me) expire 2 lines
07-14 13:36:00.411  4081  4439 I chatty  : uid=10045(zahleb.me) expire 1 line
07-14 13:36:00.417  1875  1902 D gralloc_nox: gralloc_alloc: Creating ashmem region of size 4096
07-14 13:36:00.422  1875  1902 D gralloc_nox: gralloc_alloc: Creating ashmem region of size 4096
07-14 13:36:00.456  4081  4370 I OpenGLRenderer: Initialized EGL, version 1.4
07-14 13:36:00.456  4081  4370 D OpenGLRenderer: Swap behavior 1
07-14 13:36:00.456  4081  4370 D EGL_emulation: rcCreateContext wated version 2.0  rc:4
07-14 13:36:00.510  4081  4439 V NativeCrypto: Registering com/google/android/gms/org/conscrypt/NativeCrypto's 305 native methods...
07-14 13:36:00.513  4081  4370 D EGL_emulation: eglMakeCurrent: 0x95e1f620: ver 3 2 (tinfo 0x95e1ada0) (first time)
07-14 13:36:00.519  4374  4374 D ICU     : No timezone override file found: /data/misc/zoneinfo/current/icu/icu_tzdata.dat
07-14 13:36:00.521  1875  1902 D gralloc_nox: gralloc_alloc: Creating ashmem region of size 4096
07-14 13:36:00.538  4374  4374 W art     : Unexpected CPU variant for X86 using defaults: x86
07-14 13:36:00.552  4374  4374 D         : houdini no need remount
07-14 13:36:00.562  1875  1902 D gralloc_nox: gralloc_alloc: Creating ashmem region of size 4096
07-14 13:36:00.565  4374  4374 E memtrack: Couldn't load memtrack module (No such file or directory)
07-14 13:36:00.565  4374  4374 E android.os.Debug: failed to load memtrack module: -2
07-14 13:36:00.566  4374  4374 I Radio-JNI: register_android_hardware_Radio DONE
07-14 13:36:00.569  1875  1902 D gralloc_nox: gralloc_alloc: Creating ashmem region of size 4096
07-14 13:36:00.579  1875  1902 D gralloc_nox: gralloc_alloc: Creating ashmem region of size 4096
07-14 13:36:00.589  1875  2247 D gralloc_nox: gralloc_alloc: Creating ashmem region of size 4096
07-14 13:36:00.594  4081  4439 I ProviderInstaller: Installed default security provider GmsCore_OpenSSL
07-14 13:36:00.616  4374  4374 D AndroidRuntime: Calling main entry com.android.commands.am.Am
07-14 13:36:00.626  4081  4439 W art     : Before Android 4.1, method double java.util.concurrent.ThreadLocalRandom.internalNextDouble(double, double) would have incorrectly overridden the package-private method in java.util.Random
07-14 13:36:00.626  4081  4439 W art     : Before Android 4.1, method int java.util.concurrent.ThreadLocalRandom.internalNextInt(int, int) would have incorrectly overridden the package-private method in java.util.Random
07-14 13:36:00.626  4081  4439 W art     : Before Android 4.1, method long java.util.concurrent.ThreadLocalRandom.internalNextLong(long, long) would have incorrectly overridden the package-private method in java.util.Random
