07-13 23:36:24.228  2748  2816 W AppInitScheduler|Run: Running ClientCacheEdgeManagerInitializer
07-13 23:36:24.232  2526  2526 I AlarmManager: set [name: SystemMemoryCache type: 2 triggerAtMillis: 315360013215 windowMillis: -1 intervalMillis: 0]
07-13 23:36:24.234  2748  2816 W AppInitScheduler|Run:   Finished ClientCacheEdgeManagerInitializer in 5ms
07-13 23:36:24.234  2748  2816 W AppInitScheduler|Run: Running ComposerSavedSessionStoreInitializer
07-13 23:36:24.234  2748  2813 E MobileConfigFactoryImpl: Unable to enable contextV2 due to null buffer - unitType: SESSIONBASED, handleHolder is null: true
07-13 23:36:24.240  2946  2946 D su      : remote uid: 0
07-13 23:36:24.253  2526  2526 I AlarmManager: set [name: SystemMemoryCache type: 2 triggerAtMillis: 315360013237 windowMillis: -1 intervalMillis: 0]
07-13 23:36:24.258  2526  2526 I AlarmManager: set [name: SystemMemoryCache type: 2 triggerAtMillis: 315360013241 windowMillis: -1 intervalMillis: 0]
07-13 23:36:24.269  2748  2815 W EndToEndAnalyticsEventListener: WRITE_ANALYTICS_TO_LOGCAT = null, EndToEnd.isRunningEndToEndTest() = false
07-13 23:36:24.271  2748  2812 W AppInitScheduler|Run:   Finished RunPerfMarkers in 62ms
07-13 23:36:24.271  2748  2812 W AppInitScheduler|Run: Running EnableGcPolicy
07-13 23:36:24.271  2748  2812 W AppInitScheduler|Run:   Finished EnableGcPolicy in 0ms
07-13 23:36:24.271  2748  2812 W AppInitScheduler|Run: Running ErrorReporterSecondaryInit
07-13 23:36:24.284  2748  2812 W AppInitScheduler|Run:   Finished ErrorReporterSecondaryInit in 14ms
07-13 23:36:24.285  2748  2812 W AppInitScheduler|Run: Running Fb4aReactEagerInitHotMCUnpacker
07-13 23:36:24.285  2748  2816 W AppInitScheduler|Run:   Finished ComposerSavedSessionStoreInitializer in 51ms
07-13 23:36:24.285  2748  2816 W AppInitScheduler|Run: Running Fb4aUIQREnvironment
07-13 23:36:24.285  2748  2816 W AppInitScheduler|Run:   Finished Fb4aUIQREnvironment in 0ms
07-13 23:36:24.285  2748  2812 W AppInitScheduler|Run:   Finished Fb4aReactEagerInitHotMCUnpacker in 0ms
07-13 23:36:24.285  2748  2816 W AppInitScheduler|Run: Running FixieNoSync
07-13 23:36:24.285  2748  2812 W AppInitScheduler|Run: Running HandleAppComponentsForPreTosBuild
07-13 23:36:24.285  2748  2816 W AppInitScheduler|Run:   Finished FixieNoSync in 1ms
07-13 23:36:24.285  2748  2816 W AppInitScheduler|Run: Running HenosisEventReporter
07-13 23:36:24.288  2748  2816 W AppInitScheduler|Run:   Finished HenosisEventReporter in 3ms
07-13 23:36:24.288  2748  2816 W AppInitScheduler|Run: Running INeedInitForBroadcastReceiverRegister
07-13 23:36:24.292  2526  2526 I SystemMemoryMap: [activityrecognition] starting initialization [CONTEXT service_id=6 ]
07-13 23:36:24.295  2748  2812 W AppInitScheduler|Run:   Finished HandleAppComponentsForPreTosBuild in 9ms
07-13 23:36:24.295  2748  2812 W AppInitScheduler|Run: Running INeedInitForEventBusRegister
07-13 23:36:24.297  2526  2526 I SystemMemoryMap: (REDACTED) [activityrecognition] recovering %d entries
07-13 23:36:24.297  2526  2526 I SystemMemoryMap: [activityrecognition] initialization complete [CONTEXT service_id=6 ]
07-13 23:36:24.297  2526  2526 I SystemMemoryMap: [activitytransition] starting initialization [CONTEXT service_id=6 ]
07-13 23:36:24.308  2902  2902 I cr_WebViewApkApp: Launched version=119.0.6045.193 minSdkVersion=1 isBundle=true processName=com.google.android.webview:webview_service
07-13 23:36:24.312  2748  2813 W FrscLanguagePackLoader: Loading FRSC strings for locale (ru)
07-13 23:36:24.313  2748  2813 W AppInitScheduler|Run:   Finished StringResourcesDelegate in 96ms
07-13 23:36:24.313  2748  2813 W AppInitScheduler|Run: Running INeedInitForGatekeepersListenerRegister
07-13 23:36:24.314  2748  2813 W AppInitScheduler|Run:   Finished INeedInitForGatekeepersListenerRegister in 0ms
07-13 23:36:24.314  2748  2813 W AppInitScheduler|Run: Running INeedInitForSharedPrefsListenerRegister
07-13 23:36:24.315  2748  2812 W AppInitScheduler|Run:   Finished INeedInitForEventBusRegister in 19ms
07-13 23:36:24.315  2748  2812 W AppInitScheduler|Run: Running InitAppChoreographer
07-13 23:36:24.316  2748  2812 W AppInitScheduler|Run:   Finished InitAppChoreographer in 1ms
07-13 23:36:24.316  2748  2812 W AppInitScheduler|Run: Running InitAppModuleFallbackLoader
07-13 23:36:24.316  2748  2813 W AppInitScheduler|Run:   Finished INeedInitForSharedPrefsListenerRegister in 2ms
07-13 23:36:24.316  2748  2813 W AppInitScheduler|Run: Running InitFury
07-13 23:36:24.316  2748  2812 W AppInitScheduler|Run:   Finished InitAppModuleFallbackLoader in 0ms
07-13 23:36:24.316  2748  2812 W AppInitScheduler|Run: Running InitGrimsey
07-13 23:36:24.316  2748  2812 W AppInitScheduler|Run:   Finished InitGrimsey in 1ms
07-13 23:36:24.316  2748  2812 W AppInitScheduler|Run: Running InitLacrimaLaterInit
07-13 23:36:24.320  2748  2812 W lacrima : FbErrorReportingConfig.laterInit
07-13 23:36:24.324  2748  2814 V tigonliger: tigonliger/JNI_OnLoad called
07-13 23:36:24.325  2526  2526 I SystemMemoryMap: (REDACTED) [activitytransition] recovering %d entries
07-13 23:36:24.325  2526  2526 I SystemMemoryMap: [activitytransition] initialization complete [CONTEXT service_id=6 ]
07-13 23:36:24.325  2526  2526 I SystemMemoryMap: [sleepsegment] starting initialization [CONTEXT service_id=6 ]
07-13 23:36:24.327  2526  2526 I SystemMemoryMap: (REDACTED) [sleepsegment] recovering %d entries
07-13 23:36:24.327  2526  2526 I SystemMemoryMap: [sleepsegment] initialization complete [CONTEXT service_id=6 ]
07-13 23:36:24.334  2789  2789 D BoundBrokerSvc: onBind: Intent { act=com.google.android.gms.safetynet.service.START pkg=com.google.android.gms }
07-13 23:36:24.335  2902  2902 I LoadedApk: No resource references to update in package com.google.android.webview_translations
07-13 23:36:24.336  2789  2789 D BoundBrokerSvc: Loading bound service for intent: Intent { act=com.google.android.gms.safetynet.service.START pkg=com.google.android.gms }
07-13 23:36:24.337  2748  2815 W QuickPerformanceLoggerModule: Providing QPL...
07-13 23:36:24.338  2929  2929 I art     : Starting a blocking GC AddRemoveAppImageSpace
07-13 23:36:24.338  2929  2929 W System  : ClassLoader referenced unknown path: /system/priv-app/CalendarProvider/lib/x86
07-13 23:36:24.339  2748  2814 W DefaultNetworkConfig: com.facebook.katana: getShouldCheckCertsInternal: true
07-13 23:36:24.340  2748  2812 W lacrima : Start AnrDetector... com.facebook.acra.anr.multisignal.MultiSignalANRDetector
07-13 23:36:24.340  2748  2812 W MultiSignalANRDetectorLacrima: Starting
07-13 23:36:24.340  2748  2812 W ProcessAnrErrorMonitor: startMonitoring with delay: 0
07-13 23:36:24.357  2953  2953 D su      : remote req pid: 2863
07-13 23:36:24.359  2748  2966 W ProcessAnrErrorMonitor: Starting process monitor checks for process 'com.facebook.katana'
07-13 23:36:24.361  2748  2966 W MultiSignalANRDetectorLacrima: Started monitoring
07-13 23:36:24.369  2748  2937 W QPLConfig: failed to load config
07-13 23:36:24.369  2748  2937 W QPLConfig: java.io.FileNotFoundException: /data/user/0/com.facebook.katana/app_qpl/qpl_sampling_config_v2.null (No such file or directory)
07-13 23:36:24.369  2748  2937 W QPLConfig: 	at java.io.FileInputStream.open(Native Method)
07-13 23:36:24.369  2748  2937 W QPLConfig: 	at java.io.FileInputStream.<init>(FileInputStream.java:146)
07-13 23:36:24.369  2748  2937 W QPLConfig: 	at X.34v.A00(:31)
07-13 23:36:24.369  2748  2937 W QPLConfig: 	at X.3AJ.run(:45)
07-13 23:36:24.369  2748  2937 W QPLConfig: 	at X.0xT.run(:2)
07-13 23:36:24.369  2748  2937 W QPLConfig: 	at java.util.concurrent.ThreadPoolExecutor.runWorker(ThreadPoolExecutor.java:1133)
07-13 23:36:24.369  2748  2937 W QPLConfig: 	at java.util.concurrent.ThreadPoolExecutor$Worker.run(ThreadPoolExecutor.java:607)
07-13 23:36:24.369  2748  2937 W QPLConfig: 	at X.2gf.run(:3)
07-13 23:36:24.369  2748  2937 W QPLConfig: 	at X.34j.run(:14)
07-13 23:36:24.369  2748  2937 W QPLConfig: 	at java.lang.Thread.run(Thread.java:761)
07-13 23:36:24.371  2789  2789 D BoundBrokerSvc: onBind: Intent { act=com.google.android.gms.measurement.START pkg=com.google.android.gms }
07-13 23:36:24.371  2789  2789 D BoundBrokerSvc: Loading bound service for intent: Intent { act=com.google.android.gms.measurement.START pkg=com.google.android.gms }
07-13 23:36:24.376  2748  2813 W AppInitScheduler|Run:   Finished InitFury in 60ms
07-13 23:36:24.376  2748  2813 W AppInitScheduler|Run: Running InitLogging
07-13 23:36:24.377  2748  2813 W fb4a.AppInitScheduler|Run:   Finished InitLogging in 1ms
07-13 23:36:24.377  2748  2813 W fb4a.AppInitScheduler|Run: Running InitMallocHooks
07-13 23:36:24.390  2789  2801 I DynamiteModule: Considering local module com.google.android.gms.googlecertificates:7 and remote module com.google.android.gms.googlecertificates:7
07-13 23:36:24.390  2789  2801 I DynamiteModule: Selected local version of com.google.android.gms.googlecertificates
07-13 23:36:24.393  2789  2801 W GoogleCertificates: GoogleCertificates has been initialized already
07-13 23:36:24.409  2972  2972 D su      : remote args: 3
07-13 23:36:24.410  2748  2813 W fb4a.AppInitScheduler|Run:   Finished InitMallocHooks in 33ms
07-13 23:36:24.410  2748  2813 W fb4a.AppInitScheduler|Run: Running InitMemoryDumpHandler
07-13 23:36:24.411  2748  2813 W fb4a.AppInitScheduler|Run:   Finished InitMemoryDumpHandler in 2ms
07-13 23:36:24.412  2748  2813 W fb4a.AppInitScheduler|Run: Running InitSurfaces
07-13 23:36:24.413  2748  2813 W fb4a.AppInitScheduler|Run:   Finished InitSurfaces in 1ms
07-13 23:36:24.413  2748  2813 W fb4a.AppInitScheduler|Run: Running InitSystrace
07-13 23:36:24.413  2748  2813 W fb4a.AppInitScheduler|Run:   Finished InitSystrace in 0ms
07-13 23:36:24.414  2748  2813 W fb4a.AppInitScheduler|Run: Running JemallocSetRetainInitializer
07-13 23:36:24.414  2748  2813 W fb4a.AppInitScheduler|Run:   Finished JemallocSetRetainInitializer in 0ms
07-13 23:36:24.414  2748  2813 W fb4a.AppInitScheduler|Run: Running LanguageSwitcher
07-13 23:36:24.420  2929  2929 I CalendarProvider2: Created com.android.providers.calendar.CalendarAlarmManager@6436880(com.android.providers.calendar.CalendarProvider2@78aaeb9)
07-13 23:36:24.431  2748  2813 W fb4a.AppInitScheduler|Run:   Finished LanguageSwitcher in 17ms
07-13 23:36:24.431  2748  2813 W fb4a.AppInitScheduler|Run: Running LazyCustomErrorDataInitializer
07-13 23:36:24.437  2748  2813 W fb4a.AppInitScheduler|Run:   Finished LazyCustomErrorDataInitializer in 6ms
07-13 23:36:24.437  2748  2813 W fb4a.AppInitScheduler|Run: Running LimitJemallocRetainSize
07-13 23:36:24.437  2748  2813 W fb4a.AppInitScheduler|Run:   Finished LimitJemallocRetainSize in 0ms
07-13 23:36:24.437  2748  2813 W fb4a.AppInitScheduler|Run: Running LocationRequestDetector
07-13 23:36:24.447  2748  2813 W fb4a.AppInitScheduler|Run:   Finished LocationRequestDetector in 9ms
07-13 23:36:24.447  2985  2985 D su      : waiting for child exit
07-13 23:36:24.448  2987  2987 D su      : su invoked.
07-13 23:36:24.448  2748  2813 W fb4a.AppInitScheduler|Run: Running LogController
07-13 23:36:24.459  2526  2526 I Wear_Controller: Wearable module requires a companion app to be installed.
07-13 23:36:24.459  2526  2526 I WearableService: onCreate: Wearable Services not starting. Wear is not available on this device.
07-13 23:36:24.471  2748  2816 W fb4a.AppInitScheduler|Run:   Finished INeedInitForBroadcastReceiverRegister in 183ms
07-13 23:36:24.471  2748  2816 W fb4a.AppInitScheduler|Run: Running NotifyAppStateManagerOnCreateComplete
07-13 23:36:24.472  2748  2816 W fb4a.AppInitScheduler|Run:   Finished NotifyAppStateManagerOnCreateComplete in 0ms
07-13 23:36:24.472  2748  2816 W fb4a.AppInitScheduler|Run: Running PendingStoryStoreInitializer
07-13 23:36:24.474  2748  2816 W fb4a.AppInitScheduler|Run:   Finished PendingStoryStoreInitializer in 2ms
07-13 23:36:24.474  2748  2816 W fb4a.AppInitScheduler|Run: Running RegisterFrameRateTraceListener
07-13 23:36:24.474  2526  2537 W GoogleCertificates: GoogleCertificates has been initialized already
07-13 23:36:24.475  2526  2526 D BoundBrokerSvc: onBind: Intent { act=com.google.android.gms.clearcut.service.START dat=chimera-action: cmp=com.google.android.gms/.chimera.PersistentDirectBootAwareApiService }
07-13 23:36:24.475  2526  2526 D BoundBrokerSvc: Loading bound service for intent: Intent { act=com.google.android.gms.clearcut.service.START dat=chimera-action: cmp=com.google.android.gms/.chimera.PersistentDirectBootAwareApiService }
07-13 23:36:24.480  2748  2816 W fb4a.AppInitScheduler|Run:   Finished RegisterFrameRateTraceListener in 6ms
07-13 23:36:24.480  2748  2816 W fb4a.AppInitScheduler|Run: Running RegisterMainLooperTracer
07-13 23:36:24.481  2748  2816 W fb4a.AppInitScheduler|Run:   Finished RegisterMainLooperTracer in 0ms
07-13 23:36:24.481  2748  2816 W fb4a.AppInitScheduler|Run: Running ReleaseDeferredBroadcastReceiver
07-13 23:36:24.481  2748  2816 W fb4a.AppInitScheduler|Run:   Finished ReleaseDeferredBroadcastReceiver in 0ms
07-13 23:36:24.481  2748  2816 W fb4a.AppInitScheduler|Run: Running ReplaceDalvikBuffer
07-13 23:36:24.481  2748  2816 W fb4a.AppInitScheduler|Run:   Finished ReplaceDalvikBuffer in 0ms
07-13 23:36:24.481  2748  2816 W fb4a.AppInitScheduler|Run: Running RtcVoltronModulesLoader
07-13 23:36:24.482  2748  2816 W fb4a.AppInitScheduler|Run:   Finished RtcVoltronModulesLoader in 1ms
07-13 23:36:24.483  2748  2816 W fb4a.AppInitScheduler|Run: Running SetupDynaBuilds
07-13 23:36:24.488  2748  2812 W fb4a.NightwatchConfig: saveExitStatus true, useMmap true, monitorResources true, tickInfo 0, detectLmkd false, needNightWatch true
07-13 23:36:24.492  2526  2718 I AlarmManager: set [name: SystemMemoryCache type: 2 triggerAtMillis: 315360013475 windowMillis: -1 intervalMillis: 0]
07-13 23:36:24.492  2748  2813 W fb4a.AppInitScheduler|Run:   Finished LogController in 45ms
07-13 23:36:24.493  2748  2813 W fb4a.AppInitScheduler|Run: Running SetupSmartGc
07-13 23:36:24.493  2748  2813 W fb4a.AppInitScheduler|Run:   Finished SetupSmartGc in 0ms
07-13 23:36:24.493  2748  2813 W fb4a.AppInitScheduler|Run: Running StatefulPeerManagerImpl
07-13 23:36:24.493  2748  2816 W fb4a.AppInitScheduler|Run:   Finished SetupDynaBuilds in 0ms
07-13 23:36:24.493  2748  2816 W fb4a.AppInitScheduler|Run: Running TraceCurrentThreadMetadata
07-13 23:36:24.493  2748  2816 W fb4a.AppInitScheduler|Run:   Finished TraceCurrentThreadMetadata in 0ms
07-13 23:36:24.493  2748  2816 W fb4a.AppInitScheduler|Run: Running TransientNetworkTraceEarlyInit
07-13 23:36:24.498  2991  2991 D su      : Allowing root/system/radio.
07-13 23:36:24.499  2748  2816 W fb4a.AppInitScheduler|Run:   Finished TransientNetworkTraceEarlyInit in 3ms
07-13 23:36:24.500  2748  2816 W fb4a.AppInitScheduler|Run: Running VideoComponentWarmup
07-13 23:36:24.512  2748  2816 W fb4a.AppInitScheduler|Run:   Finished VideoComponentWarmup in 12ms
07-13 23:36:24.512  2748  2816 W fb4a.AppInitScheduler|Run: Running VideoServiceWarmup
07-13 23:36:24.516  2526  2526 D BoundBrokerSvc: onBind: Intent { act=com.google.android.gms.usagereporting.service.START dat=chimera-action: cmp=com.google.android.gms/.chimera.PersistentDirectBootAwareApiService }
07-13 23:36:24.517  2526  2526 D BoundBrokerSvc: Loading bound service for intent: Intent { act=com.google.android.gms.usagereporting.service.START dat=chimera-action: cmp=com.google.android.gms/.chimera.PersistentDirectBootAwareApiService }
07-13 23:36:24.523  2748  2813 W fb4a.AppInitScheduler|Run:   Finished StatefulPeerManagerImpl in 30ms
07-13 23:36:24.523  2748  2813 W fb4a.AppInitScheduler|Run: Running VpvHelperInitializer
07-13 23:36:24.523  2748  2813 W fb4a.AppInitScheduler|Run:   Finished VpvHelperInitializer in 0ms
07-13 23:36:24.523  2748  2813 W fb4a.AppInitScheduler|Run: Running WhitehatOverlayInitializer
07-13 23:36:24.523  2748  2813 W fb4a.AppInitScheduler|Run:   Finished WhitehatOverlayInitializer in 1ms
07-13 23:36:24.523  2748  2813 W fb4a.AppInitScheduler|Run: Running ZeroLibraryInitializer
07-13 23:36:24.527  2993  2993 D su      : 0 /system/bin/sh executing 0 rm -rf /data/backup/YSLauncher/PreInstall using binary /system/bin/sh : sh -c rm -rf /data/backup/YSLauncher/PreInstall
07-13 23:36:24.534  2748  2965 W fb4a.SigquitDetectorLacrima: nativeInit
07-13 23:36:24.566  2748  2816 W fb4a.AppInitScheduler|Run:   Finished VideoServiceWarmup in 54ms
07-13 23:36:24.582  2748  2965 D SigquitDetector: Signal catcher tid: 2753
07-13 23:36:24.582  2748  2965 D SigquitDetector: Initialized [Lacrima]
07-13 23:36:24.591  2748  2812 D Nightwatch: Got fb jni native method for com/facebook/errorreporting/nightwatch/Nightwatch$NightwatchNative.nRecordDataInNightWatch (JI)I with native method: recordDataInNightWatch (0xb0a0b2f6). try use crit jni: no try use fast jni: no Used crit: no Used fast: no Used norm: yes crit jni supported: no fast jni supported: yes config is fast: no config is crit: no
07-13 23:36:24.591  2748  2812 D Nightwatch: Got fb jni native method for com/facebook/errorreporting/nightwatch/Nightwatch$NightwatchNative.nRecordTickInNightWatch (JJJJ)I with native method: recordTickInNightWatch (0xb0a0b320). try use crit jni: no try use fast jni: no Used crit: no Used fast: no Used norm: yes crit jni supported: no fast jni supported: yes config is fast: no config is crit: no
07-13 23:36:24.591  2748  2812 D Nightwatch: Got fb jni native method for com/facebook/errorreporting/nightwatch/Nightwatch$NightwatchNative.nSaveResourceData ()Z with native method: saveResourceData (0xb0a0b34e). try use crit jni: no try use fast jni: no Used crit: no Used fast: no Used norm: yes crit jni supported: no fast jni supported: yes config is fast: no config is crit: no
07-13 23:36:24.591  2748  2812 D _FB_    : Registering method com/facebook/errorreporting/nightwatch/Nightwatch$NightwatchNative.nRecordDataInNightWatch (JI)I with native method: recordDataInNightWatch (0xb0a0b2f6)
07-13 23:36:24.591  2748  2812 D _FB_    : Succeeded registering method com/facebook/errorreporting/nightwatch/Nightwatch$NightwatchNative.nRecordDataInNightWatch (JI)I with native method: recordDataInNightWatch (0xb0a0b2f6)
07-13 23:36:24.591  2748  2812 D _FB_    : Registering method com/facebook/errorreporting/nightwatch/Nightwatch$NightwatchNative.nRecordTickInNightWatch (JJJJ)I with native method: recordTickInNightWatch (0xb0a0b320)
07-13 23:36:24.591  2748  2812 D _FB_    : Succeeded registering method com/facebook/errorreporting/nightwatch/Nightwatch$NightwatchNative.nRecordTickInNightWatch (JJJJ)I with native method: recordTickInNightWatch (0xb0a0b320)
07-13 23:36:24.591  2748  2812 D _FB_    : Registering method com/facebook/errorreporting/nightwatch/Nightwatch$NightwatchNative.nSaveResourceData ()Z with native method: saveResourceData (0xb0a0b34e)
07-13 23:36:24.591  2748  2812 D _FB_    : Succeeded registering method com/facebook/errorreporting/nightwatch/Nightwatch$NightwatchNative.nSaveResourceData ()Z with native method: saveResourceData (0xb0a0b34e)
07-13 23:36:24.592  2748  2962 D DistractUtil: Function _ZN3art13SignalCatcher6OutputERKNSt3__112basic_stringIcNS1_11char_traitsIcEENS1_9allocatorIcEEEE hooked with result=0
07-13 23:36:24.592  2748  2962 D SigquitDetector: Hooked methods [Lacrima]
07-13 23:36:24.600  2748  2812 D Nightwatch: Starting NightWatch. Using fast [yes] or critical [no] native methods
07-13 23:36:24.600  2748  2812 D Nightwatch: NightWatch using: Binary path: /system/app/Facebook/lib/x86/libwatcher_binary.so log path: /data/data/com.facebook.katana/app_errorreporting/sess__000000035-1720902981350-84dce184-d874-a9d8-a9ea-a6bde7dcbc04/nightwatch.txt
07-13 23:36:24.600  2748  2812 D Nightwatch: Got fb jni native method for com/facebook/errorreporting/nightwatch/Nightwatch$NightwatchNative.nRecordDataInNightWatch_FAST_JNI !(JI)I with native method: recordDataInNightWatch (0xb0a0b2f6). try use crit jni: no try use fast jni: yes Used crit: no Used fast: yes Used norm: no crit jni supported: no fast jni supported: yes config is fast: yes config is crit: no
07-13 23:36:24.600  2748  2812 D Nightwatch: Got fb jni native method for com/facebook/errorreporting/nightwatch/Nightwatch$NightwatchNative.nRecordTickInNightWatch_FAST_JNI !(JJJJ)I with native method: recordTickInNightWatch (0xb0a0b320). try use crit jni: no try use fast jni: yes Used crit: no Used fast: yes Used norm: no crit jni supported: no fast jni supported: yes config is fast: yes config is crit: no
07-13 23:36:24.600  2748  2812 D Nightwatch: Got fb jni native method for com/facebook/errorreporting/nightwatch/Nightwatch$NightwatchNative.nSaveResourceData_FAST_JNI !()Z with native method: saveResourceData (0xb0a0b34e). try use crit jni: no try use fast jni: yes Used crit: no Used fast: yes Used norm: no crit jni supported: no fast jni supported: yes config is fast: yes config is crit: no
07-13 23:36:24.600  2748  2812 D _FB_    : Registering method com/facebook/errorreporting/nightwatch/Nightwatch$NightwatchNative.nRecordDataInNightWatch_FAST_JNI !(JI)I with native method: recordDataInNightWatch (0xb0a0b2f6)
07-13 23:36:24.600  2748  2812 D _FB_    : Succeeded registering method com/facebook/errorreporting/nightwatch/Nightwatch$NightwatchNative.nRecordDataInNightWatch_FAST_JNI !(JI)I with native method: recordDataInNightWatch (0xb0a0b2f6)
07-13 23:36:24.600  2748  2812 D _FB_    : Registering method com/facebook/errorreporting/nightwatch/Nightwatch$NightwatchNative.nRecordTickInNightWatch_FAST_JNI !(JJJJ)I with native method: recordTickInNightWatch (0xb0a0b320)
07-13 23:36:24.600  2748  2812 D _FB_    : Succeeded registering method com/facebook/errorreporting/nightwatch/Nightwatch$NightwatchNative.nRecordTickInNightWatch_FAST_JNI !(JJJJ)I with native method: recordTickInNightWatch (0xb0a0b320)
07-13 23:36:24.600  2748  2812 D _FB_    : Registering method com/facebook/errorreporting/nightwatch/Nightwatch$NightwatchNative.nSaveResourceData_FAST_JNI !()Z with native method: saveResourceData (0xb0a0b34e)
07-13 23:36:24.600  2748  2812 D _FB_    : Succeeded registering method com/facebook/errorreporting/nightwatch/Nightwatch$NightwatchNative.nSaveResourceData_FAST_JNI !()Z with native method: saveResourceData (0xb0a0b34e)
07-13 23:36:24.602  2748  2812 I nightwatch-lib: watcher succeeded mmap /data/data/com.facebook.katana/app_errorreporting/sess__000000035-1720902981350-84dce184-d874-a9d8-a9ea-a6bde7dcbc04/nightwatch.txt
07-13 23:36:24.602  2748  2812 D nightwatch-fd: Attempting to open file /proc/self/oom_adj
07-13 23:36:24.602  2748  2812 D nightwatch-fd: Opened file /proc/self/oom_adj (67)
07-13 23:36:24.602  2748  2812 D nightwatch-fd: Attempting to open file /proc/self/oom_score_adj
07-13 23:36:24.602  2748  2812 D nightwatch-fd: Opened file /proc/self/oom_score_adj (73)
07-13 23:36:24.602  2748  2812 I nightwatch-target: created thread to monitor process resources
07-13 23:36:24.603  2526  2526 D BoundBrokerSvc: onBind: Intent { act=com.google.android.gms.usagereporting.service.START pkg=com.google.android.gms }
07-13 23:36:24.603  2526  2526 D BoundBrokerSvc: Loading bound service for intent: Intent { act=com.google.android.gms.usagereporting.service.START pkg=com.google.android.gms }
07-13 23:36:24.605  2748  2813 W fb4a.MobileConfigFactoryImpl: SESSIONBASED factory used for SESSIONLESS param
07-13 23:36:24.605  2748  2813 W fb4a.MobileConfigFactoryImpl: SESSIONBASED factory used for SESSIONLESS param
07-13 23:36:24.612  2748  3008 I nightwatch-target: waiting on child pid 3009
07-13 23:36:24.615  3009  3009 E nightwatch-target: failed to execl: Permission denied. path: /system/app/Facebook/lib/x86/libwatcher_binary.so
07-13 23:36:24.615  3009  3009 E nightwatch-target: /system/app/Facebook/lib/x86/libwatcher_binary.so permission rw-r--r--  root  root
07-13 23:36:24.617  2748  3006 D nightwatch-fd: Attempting to open file /proc/self/oom_score
07-13 23:36:24.618  2748  3006 D nightwatch-fd: Opened file /proc/self/oom_score (82)
07-13 23:36:24.622  2748  3006 I nightwatch-target: monitor resources interval 500 ms
07-13 23:36:24.635  2748  3008 I nightwatch-target: watcher signaled, termsig: 9
07-13 23:36:24.674  3011  3011 D su      : sending code
07-13 23:36:24.695  2526  2526 D BoundBrokerSvc: onBind: Intent { act=com.google.android.gms.scheduler.ACTION_PROXY_SCHEDULE dat=chimera-action: cmp=com.google.android.gms/.chimera.PersistentDirectBootAwareApiService }
07-13 23:36:24.695  2526  2526 D BoundBrokerSvc: Loading bound service for intent: Intent { act=com.google.android.gms.scheduler.ACTION_PROXY_SCHEDULE dat=chimera-action: cmp=com.google.android.gms/.chimera.PersistentDirectBootAwareApiService }
07-13 23:36:24.703  2748  2814 V tigonapi: tigonapi/JNI_OnLoad called
07-13 23:36:24.705  2748  2815 W fb4a.MobileConfigFactoryImpl: SESSIONLESS factory used for SESSIONBASED param
07-13 23:36:24.705  2526  2718 W Settings: Setting airplane_mode_on has moved from android.provider.Settings.System to android.provider.Settings.Global, returning read-only value.
07-13 23:36:24.716  3019  3019 D su      : child exited
07-13 23:36:24.719  3020  3020 D su      : client exited 0
07-13 23:36:24.724  2526  2737 W WearableService: onGetService: Wear is not available on this device.
07-13 23:36:24.725  2526  3010 I GmsActivityDetector: Unable to read activity state file [CONTEXT service_id=6 ]
07-13 23:36:24.725  2526  3010 I GmsActivityDetector: java.io.FileNotFoundException: /data/user/0/com.google.android.gms/files/geofencer_ad_state (No such file or directory)
07-13 23:36:24.725  2526  3010 I GmsActivityDetector: 	at java.io.FileInputStream.open(Native Method)
07-13 23:36:24.725  2526  3010 I GmsActivityDetector: 	at java.io.FileInputStream.<init>(FileInputStream.java:146)
07-13 23:36:24.725  2526  3010 I GmsActivityDetector: 	at dmir.a(:com.google.android.gms@242335016@24.23.35 (040700-646585959):66)
07-13 23:36:24.725  2526  3010 I GmsActivityDetector: 	at com.google.android.location.geofencer.service.GmsActivityDetector.d(:com.google.android.gms@242335016@24.23.35 (040700-646585959):34)
07-13 23:36:24.725  2526  3010 I GmsActivityDetector: 	at dmwi.t(:com.google.android.gms@242335016@24.23.35 (040700-646585959):146)
07-13 23:36:24.725  2526  3010 I GmsActivityDetector: 	at dmxq.b(:com.google.android.gms@242335016@24.23.35 (040700-646585959):88)
07-13 23:36:24.725  2526  3010 I GmsActivityDetector: 	at dmxq.b(:com.google.android.gms@242335016@24.23.35 (040700-646585959):29)
07-13 23:36:24.725  2526  3010 I GmsActivityDetector: 	at dmxm.run(:com.google.android.gms@242335016@24.23.35 (040700-646585959):26)
07-13 23:36:24.725  2526  3010 I GmsActivityDetector: 	at anec.c(:com.google.android.gms@242335016@24.23.35 (040700-646585959):50)
07-13 23:36:24.725  2526  3010 I GmsActivityDetector: 	at anec.run(:com.google.android.gms@242335016@24.23.35 (040700-646585959):76)
07-13 23:36:24.725  2526  3010 I GmsActivityDetector: 	at java.util.concurrent.ThreadPoolExecutor.runWorker(ThreadPoolExecutor.java:1133)
07-13 23:36:24.725  2526  3010 I GmsActivityDetector: 	at java.util.concurrent.ThreadPoolExecutor$Worker.run(ThreadPoolExecutor.java:607)
07-13 23:36:24.725  2526  3010 I GmsActivityDetector: 	at anjn.run(:com.google.android.gms@242335016@24.23.35 (040700-646585959):8)
07-13 23:36:24.725  2526  3010 I GmsActivityDetector: 	at java.lang.Thread.run(Thread.java:761)
07-13 23:36:24.742  2789  2989 W ResourceType: ResTable_typeSpec entry count inconsistent: given 98, previously 101
07-13 23:36:24.742  2789  2989 W ResourceType: ResTable_typeSpec entry count inconsistent: given 3356, previously 3376
07-13 23:36:24.742  2789  2989 W ResourceType: ResTable_typeSpec entry count inconsistent: given 494, previously 4744
07-13 23:36:24.765  2526  2526 I WearableLocationShim: paired wearable location unsupported - wearable APIs unavailable [CONTEXT service_id=6 ]
07-13 23:36:24.770  2789  2989 I FA-SVC  : App measurement initialized, version: 242335
07-13 23:36:24.789  2748  2996 W fb4a.2a3: Called user scoped provider with no viewer. ViewerContextManager was created with no ViewerContext. Using EmptyViewerContextManager to return fake logged in instance.
07-13 23:36:24.826  2526  2537 W ConfigurationChimeraPro: Caller is not authorized to access Uri: content://com.google.android.gms.phenotype/com.google.android.gms.instantapps [CONTEXT service_id=51 ]
07-13 23:36:24.850  2748  2815 W fb4a.QuickPerformanceLoggerModule: Provided QPL: 130910157
07-13 23:36:24.856  2748  2815 W fb4a.AppInitScheduler|Run:   Finished StartupQPLInit in 709ms
07-13 23:36:24.858  2526  2891 I AlarmManager: set [name: SystemMemoryCache type: 2 triggerAtMillis: 315360013841 windowMillis: -1 intervalMillis: 0]
07-13 23:36:24.858  2748  2816 W fb4a.AppInitScheduler|Run: Running CombinedLoggingInit
07-13 23:36:24.858  2748  2816 W fb4a.AppInitScheduler|Run:   Finished CombinedLoggingInit in 0ms
07-13 23:36:24.858  2748  2815 W fb4a.AppInitScheduler|Run: Running ProfiloBridgeFactoryImpl
07-13 23:36:24.858  2748  2961 W art     : Long monitor contention with owner AppInit4 (2815) at void X.03c.A01(X.0BM)(:0) waiters=0 in com.facebook.quicklog.QuickPerformanceLogger X.2LH.A03(X.2Ze) for 515ms
07-13 23:36:24.859  2748  2816 W fb4a.AppInitScheduler|Run: Running FunctionalReliabilityRingBufferInitializer
07-13 23:36:24.873  1869  1869 E NOX     : recv() error
07-13 23:36:24.873  1869  1869 D NOX     : Socket read error
07-13 23:36:24.874  2748  2816 W fb4a.AppInitScheduler|Run:   Finished FunctionalReliabilityRingBufferInitializer in 15ms
07-13 23:36:24.877  2748  2816 W fb4a.AppInitScheduler|Run: Running ReliabilityUserPerceptibleScopeToQPL
07-13 23:36:24.882  2748  2816 W fb4a.AppInitScheduler|Run:   Finished ReliabilityUserPerceptibleScopeToQPL in 6ms
07-13 23:36:24.883  2748  2816 W fb4a.AppInitScheduler|Run: Running StartupInfraPreloader
07-13 23:36:24.885  2748  2816 W fb4a.AppInitScheduler|Run:   Finished StartupInfraPreloader in 2ms
07-13 23:36:24.885  2748  2816 W fb4a.AppInitScheduler|Run: Running ZOptLoggingInitializer
07-13 23:36:24.889  2748  2815 W fb4a.AppInitScheduler|Run:   Finished ProfiloBridgeFactoryImpl in 30ms
07-13 23:36:24.889  2748  2815 W fb4a.AppInitScheduler|Run: Running StartupQPLReplayer
07-13 23:36:24.894  2748  2816 W fb4a.AppInitScheduler|Run:   Finished ZOptLoggingInitializer in 9ms
07-13 23:36:24.897  2748  2815 W fb4a.AppInitScheduler|Run:   Finished StartupQPLReplayer in 8ms
07-13 23:36:24.914  2526  2948 W Settings: Setting airplane_mode_on has moved from android.provider.Settings.System to android.provider.Settings.Global, returning read-only value.
07-13 23:36:25.008  2748  2961 W fb4a.FrscLanguagePackLoader: FRSC English strings buffer size - (limit : 692012, capacity : 692012)
07-13 23:36:25.009  2748  2944 W fb4a.2a3: Called user scoped provider with no viewer. ViewerContextManager was created with no ViewerContext. Using EmptyViewerContextManager to return fake logged in instance.
07-13 23:36:25.083  2526  2536 W art     : Suspending all threads took: 64.584ms
07-13 23:36:25.093  2526  2536 I art     : Background sticky concurrent mark sweep GC freed 27358(1734KB) AllocSpace objects, 3(284KB) LOS objects, 26% free, 6MB/8MB, paused 70.733ms total 161.696ms
07-13 23:36:25.113  2526  2948 I art     : Rejecting re-init on previously-failed class java.lang.Class<fgys>: java.lang.NoClassDefFoundError: Failed resolution of: Ljava/lang/ClassValue;
07-13 23:36:25.113  2526  2948 I art     :   at android.app.BroadcastOptions hxs$$ExternalSyntheticApiModelOutline1.m() (D8$$SyntheticClass:1)
07-13 23:36:25.113  2526  2948 I art     :   at void anhr.e(android.app.PendingIntent, android.content.Context, android.content.Intent, android.app.PendingIntent$OnFinished, java.lang.String, boolean) (:com.google.android.gms@242335016@24.23.35 (040700-646585959):1)
07-13 23:36:25.113  2526  2948 I art     :   at boolean dncl.e(android.content.Context, android.content.Intent, int) (:com.google.android.gms@242335016@24.23.35 (040700-646585959):22)
07-13 23:36:25.113  2526  2948 I art     :   at dmka dnct.b(android.content.Context, android.content.Intent, dvan, int) (:com.google.android.gms@242335016@24.23.35 (040700-646585959):28)
07-13 23:36:25.113  2526  2948 I art     :   at void dnct.d(android.content.Context, boolean) (:com.google.android.gms@242335016@24.23.35 (040700-646585959):16)
07-13 23:36:25.113  2526  2948 I art     :   at void dnec.w() (:com.google.android.gms@242335016@24.23.35 (040700-646585959):331)
07-13 23:36:25.113  2526  2948 I art     :   at void dnec.handleMessage(android.os.Message) (:com.google.android.gms@242335016@24.23.35 (040700-646585959):50)
07-13 23:36:25.113  2526  2948 I art     :   at void android.os.Handler.dispatchMessage(android.os.Message) (Handler.java:102)
07-13 23:36:25.113  2526  2948 I art     :   at void bntx.nv(android.os.Message) (:com.google.android.gms@242335016@24.23.35 (040700-646585959):1)
07-13 23:36:25.113  2526  2948 I art     :   at void bntx.dispatchMessage(android.os.Message) (:com.google.android.gms@242335016@24.23.35 (040700-646585959):138)
07-13 23:36:25.113  2526  2948 I art     :   at void android.os.Looper.loop() (Looper.java:154)
07-13 23:36:25.113  2526  2948 I art     :   at void android.os.HandlerThread.run() (HandlerThread.java:61)
07-13 23:36:25.113  2526  2948 I art     : Caused by: java.lang.ClassNotFoundException: Didn't find class "java.lang.ClassValue" on path: DexPathList[[zip file "/system/framework/com.android.location.provider.jar", zip file "/system/framework/com.android.media.remotedisplay.jar", zip file "/data/app/com.google.android.gms-1/base.apk", zip file "/data/app/com.google.android.gms-1/split_config.ru.apk", zip file "/data/app/com.google.android.gms-1/split_config.xhdpi.apk"],nativeLibraryDirectories=[/data/app/com.google.android.gms-1/lib/x86, /data/app/com.google.android.gms-1/base.apk!/lib/x86, /data/app/com.google.android.gms-1/split_config.ru.apk!/lib/x86, /data/app/com.google.android.gms-1/split_config.xhdpi.apk!/lib/x86, /system/lib, /vendor/lib]]
07-13 23:36:25.113  2526  2948 I art     :   at java.lang.Class dalvik.system.BaseDexClassLoader.findClass(java.lang.String) (BaseDexClassLoader.java:56)
07-13 23:36:25.113  2526  2948 I art     :   at java.lang.Class java.lang.ClassLoader.loadClass(java.lang.String, boolean) (ClassLoader.java:380)
07-13 23:36:25.113  2526  2948 I art     :   at java.lang.Class java.lang.ClassLoader.loadClass(java.lang.String) (ClassLoader.java:312)
07-13 23:36:25.113  2526  2948 I art     :   at android.app.BroadcastOptions hxs$$ExternalSyntheticApiModelOutline1.m() (D8$$SyntheticClass:1)
07-13 23:36:25.113  2526  2948 I art     :   at void anhr.e(android.app.PendingIntent, android.content.Context, android.content.Intent, android.app.PendingIntent$OnFinished, java.lang.String, boolean) (:com.google.android.gms@242335016@24.23.35 (040700-646585959):1)
07-13 23:36:25.113  2526  2948 I art     :   at boolean dncl.e(android.content.Context, android.content.Intent, int) (:com.google.android.gms@242335016@24.23.35 (040700-646585959):22)
07-13 23:36:25.113  2526  2948 I art     :   at dmka dnct.b(android.content.Context, android.content.Intent, dvan, int) (:com.google.android.gms@242335016@24.23.35 (040700-646585959):28)
07-13 23:36:25.113  2526  2948 I art     :   at void dnct.d(android.content.Context, boolean) (:com.google.android.gms@242335016@24.23.35 (040700-646585959):16)
07-13 23:36:25.113  2526  2948 I art     :   at void dnec.w() (:com.google.android.gms@242335016@24.23.35 (040700-646585959):331)
07-13 23:36:25.113  2526  2948 I art     :   at void dnec.handleMessage(android.os.Message) (:com.google.android.gms@242335016@24.23.35 (040700-646585959):50)
07-13 23:36:25.113  2526  2948 I art     :   at void android.os.Handler.dispatchMessage(android.os.Message) (Handler.java:102)
07-13 23:36:25.113  2526  2948 I art     :   at void bntx.nv(android.os.Message) (:com.google.android.gms@242335016@24.23.35 (040700-646585959):1)
07-13 23:36:25.113  2526  2948 I art     :   at void bntx.dispatchMessage(android.os.Message) (:com.google.android.gms@242335016@24.23.35 (040700-646585959):138)
07-13 23:36:25.113  2526  2948 I art     :   at void android.os.Looper.loop() (Looper.java:154)
07-13 23:36:25.113  2526  2948 I art     :   at void android.os.HandlerThread.run() (HandlerThread.java:61)
07-13 23:36:25.113  2526  2948 I art     : 
07-13 23:36:25.138  2748  2814 V requestattribution: requestattribution/JNI_OnLoad called
07-13 23:36:25.196  2748  2997 W fb4a.DownloadOnDemand: attempting to fetch resource, name:fbt_language_pack.bin, flavor:ru, build: 324485361
07-13 23:36:25.209  3030  3030 D AndroidRuntime: >>>>>> START com.android.internal.os.RuntimeInit uid 0 <<<<<<
07-13 23:36:25.234  2748  2813 W fb4a.AppInitScheduler|Run:   Finished ZeroLibraryInitializer in 710ms
07-13 23:36:25.248  2180  2229 D WifiNative-HAL: Failing getSupportedFeatureset because HAL isn't started
07-13 23:36:25.249  2180  2359 E BatteryStatsService: no controller energy info supplied
07-13 23:36:25.249  2180  2359 E BatteryStatsService: no controller energy info supplied
07-13 23:36:25.258  2180  2359 E KernelCpuSpeedReader: Failed to read cpu-freq: /sys/devices/system/cpu/cpu0/cpufreq/stats/time_in_state (No such file or directory)
07-13 23:36:25.258  2180  2359 E KernelUidCpuTimeReader: Failed to read uid_cputime: /proc/uid_cputime/show_uid_stat (No such file or directory)
07-13 23:36:25.259  2180  2359 E BatteryStatsService: modem info is invalid: ModemActivityInfo{ mTimestamp=0 mSleepTimeMs=0 mIdleTimeMs=0 mTxTimeMs[]=[0, 0, 0, 0, 0] mRxTimeMs=0 mEnergyUsed=0}
07-13 23:36:25.262  2748  2814 I mobileconfig: No OTA resource found
07-13 23:36:25.262  2748  2814 I mobileconfig: Using asset manager to stream (unitType: kMobileConfigSessionless) params_map.txt
07-13 23:36:25.281  2748  2812 W fb4a.AppInitScheduler|Run:   Finished InitLacrimaLaterInit in 964ms
07-13 23:36:25.312  2748  2814 I mobileconfig: Params map streaming - readbytes: 325146/325146
07-13 23:36:25.312  2748  2814 I mobileconfig: Successfully parsed (unitType: kMobileConfigSessionless) params_map.txt
07-13 23:36:25.313  2748  2814 I mobileconfig: Read one query hash from asset, it is = 770e802b9a19a20e1979e273e2fa08b4e508190596be65c8da43f0ed562880e8
07-13 23:36:25.315  2748  2814 I mobileconfig: Initialized MobileConfig - directory: /data/user/0/com.facebook.katana/files, appVersion: 340.0.0.27.113, paramHash: c7e9233607a4ef908365e5cf26e0a979:462a2052708fbf043330785179d52882, readOnly: false bufferPathPostfix: 
07-13 23:36:25.325  2748  2814 W fb4a.MobileConfigMmapHandle: Cannot open ""
07-13 23:36:25.325  2748  2814 W fb4a.MobileConfigMmapHandle: java.io.FileNotFoundException:  (No such file or directory)
07-13 23:36:25.325  2748  2814 W fb4a.MobileConfigMmapHandle: 	at java.io.FileInputStream.open(Native Method)
07-13 23:36:25.325  2748  2814 W fb4a.MobileConfigMmapHandle: 	at java.io.FileInputStream.<init>(FileInputStream.java:146)
07-13 23:36:25.325  2748  2814 W fb4a.MobileConfigMmapHandle: 	at X.2e0.A00(:12)
07-13 23:36:25.325  2748  2814 W fb4a.MobileConfigMmapHandle: 	at com.facebook.mobileconfig.MobileConfigMmapHandleHolder.getJavaByteBuffer(:4)
07-13 23:36:25.325  2748  2814 W fb4a.MobileConfigMmapHandle: 	at X.33W.A0C(:69)
07-13 23:36:25.325  2748  2814 W fb4a.MobileConfigMmapHandle: 	at X.33W.A0B(:72)
07-13 23:36:25.325  2748  2814 W fb4a.MobileConfigMmapHandle: 	at X.33W.A0D(:123)
07-13 23:36:25.325  2748  2814 W fb4a.MobileConfigMmapHandle: 	at X.2bF.A03(:128)
07-13 23:36:25.325  2748  2814 W fb4a.MobileConfigMmapHandle: 	at X.0x4.Clb(:94904)
07-13 23:36:25.325  2748  2814 W fb4a.MobileConfigMmapHandle: 	at X.0ZO.run(:93)
07-13 23:36:25.325  2748  2814 W fb4a.MobileConfigMmapHandle: 	at java.util.concurrent.ThreadPoolExecutor.runWorker(ThreadPoolExecutor.java:1133)
07-13 23:36:25.325  2748  2814 W fb4a.MobileConfigMmapHandle: 	at java.util.concurrent.ThreadPoolExecutor$Worker.run(ThreadPoolExecutor.java:607)
07-13 23:36:25.325  2748  2814 W fb4a.MobileConfigMmapHandle: 	at X.0ZN.run(:8)
07-13 23:36:25.325  2748  2814 W fb4a.MobileConfigMmapHandle: 	at java.lang.Thread.run(Thread.java:761)
07-13 23:36:25.325  2748  2814 E fb4a.MobileConfigFactoryImpl: Unable to enable contextV2 due to null buffer - unitType: SESSIONLESS, handleHolder is null: false
07-13 23:36:25.327  2748  2809 W fb4a.AppInitScheduler|Run:   Waiting on MobileConfigSessionlessInit for 1178ms...
07-13 23:36:25.328  2748  2814 W fb4a.AppInitScheduler|Run:   Finished MobileConfigSessionlessInit in 1186ms
07-13 23:36:25.328  2748  2814 W fb4a.AppInitScheduler|Run: Running WaitForUIDependenciesInitializer [*]
07-13 23:36:25.328  2748  2816 W fb4a.AppInitScheduler|Run: Running DownloadedFbResources
07-13 23:36:25.329  2748  2814 W fb4a.AppInitScheduler|Run:   Finished WaitForUIDependenciesInitializer in 1ms
07-13 23:36:25.329  2748  2814 W fb4a.AppInitScheduler|Run: Running DismissSplashScreens
07-13 23:36:25.329  2748  2814 W fb4a.AppInitScheduler|Run:   Finished DismissSplashScreens in 0ms
07-13 23:36:25.329  2748  2814 W fb4a.AppInitScheduler|Run: Running InitShouldSniffDelayedMessagesForLoadableComponents
07-13 23:36:25.329  2748  2814 W fb4a.AppInitScheduler|Run:   Finished InitShouldSniffDelayedMessagesForLoadableComponents in 0ms
07-13 23:36:25.329  2748  2814 W fb4a.AppInitScheduler|Run: Running ScheduleLowPriWork
07-13 23:36:25.331  2748  2816 D CACHE_HINTS: Entering madvise file
07-13 23:36:25.331  2748  2816 D CACHE_HINTS: MADVISE_RAND file 0xabaab000 4542463 /data/data/com.facebook.katana/app_restricks/layouts.bin
07-13 23:36:25.332  2748  2814 W fb4a.AppInitScheduler|Run:   Finished ScheduleLowPriWork in 3ms
07-13 23:36:25.337  2526  2536 W art     : Suspending all threads took: 7.074ms
07-13 23:36:25.344  2526  2536 I art     : Background partial concurrent mark sweep GC freed 14848(2MB) AllocSpace objects, 4(80KB) LOS objects, 40% free, 6MB/10MB, paused 8.315ms total 31.595ms
07-13 23:36:25.344  2748  2816 W fb4a.AppInitScheduler|Run:   Finished DownloadedFbResources in 16ms
07-13 23:36:25.344  2748  2816 W fb4a.AppInitScheduler|Run: All work finished.
07-13 23:36:25.380  2303  2303 D CarrierConfigLoader: mHandler: 13 phoneId: 0
07-13 23:36:25.380  2303  2303 D CarrierConfigLoader: mHandler: 7 phoneId: 0
07-13 23:36:25.380  2303  2303 E CarrierConfigLoader: Cannot restore config with null packageName or iccid.
07-13 23:36:25.381  2303  2303 D CarrierConfigLoader: Binding to com.android.carrierconfig for phone 0
07-13 23:36:25.411  3048  3048 W art     : Unexpected CPU variant for X86 using defaults: x86
07-13 23:36:25.418  2180  2190 I ActivityManager: Start proc 3048:com.android.managedprovisioning/u0a12 for broadcast com.android.managedprovisioning/.BootReminder
07-13 23:36:25.422  2748  2997 W FbcDeviceDetectionManager.cpp: Invalid url/device mappings [], device detection disabled
07-13 23:36:25.446  2748  2997 D cloudgaminginterceptor: request intercepted: url=https://b-graph.facebook.com/v3.1/ota_resource
07-13 23:36:25.446  2748  2997 D relenginterceptor: RELENG rewrite skipped, config is disabled.
07-13 23:36:25.446  2748  2997 D defcontigonrelayernative: DefconTigonDelayer starting
07-13 23:36:25.446  2748  2997 D defcontigonrelayernative: DefconTigonDelayer skipped, config is disabled.
07-13 23:36:25.470  2180  2272 W ActivityManager: Slow operation: 51ms so far, now at startProcess: returned from zygote!
07-13 23:36:25.470  2180  2272 W ActivityManager: Slow operation: 51ms so far, now at startProcess: done updating battery stats
07-13 23:36:25.470  2180  2272 W ActivityManager: Slow operation: 51ms so far, now at startProcess: building log message
07-13 23:36:25.470  2180  2272 I ActivityManager: Start proc 3064:com.android.carrierconfig/u0a3 for service com.android.carrierconfig/.DefaultCarrierConfigService
07-13 23:36:25.470  2180  2272 W ActivityManager: Slow operation: 51ms so far, now at startProcess: starting to update pids map
07-13 23:36:25.470  2180  2272 W ActivityManager: Slow operation: 51ms so far, now at startProcess: done updating pids map
07-13 23:36:25.470  2180  2272 W ActivityManager: Slow operation: 51ms so far, now at startProcess: done starting proc!
07-13 23:36:25.471  3064  3064 W art     : Unexpected CPU variant for X86 using defaults: x86
07-13 23:36:25.477  2526  2777 I NetworkScheduler: Using standalone scheduling engine [CONTEXT service_id=218 ]
07-13 23:36:25.509  3064  3064 I art     : Starting a blocking GC AddRemoveAppImageSpace
07-13 23:36:25.509  3064  3064 W System  : ClassLoader referenced unknown path: /system/priv-app/CarrierConfig/lib/x86
07-13 23:36:25.510  3048  3048 I art     : Starting a blocking GC AddRemoveAppImageSpace
07-13 23:36:25.510  3048  3048 W System  : ClassLoader referenced unknown path: /system/priv-app/ManagedProvisioning/lib/x86
07-13 23:36:25.525  3064  3064 D DefaultCarrierConfigService: Service created
07-13 23:36:25.563  3082  3082 W art     : Unexpected CPU variant for X86 using defaults: x86
07-13 23:36:25.563  2180  2191 I ActivityManager: Start proc 3082:com.android.onetimeinitializer/u0a13 for broadcast com.android.onetimeinitializer/.OneTimeInitializerReceiver
07-13 23:36:25.566  2303  2303 D CarrierConfigLoader: Connected to config app: com.android.carrierconfig/com.android.carrierconfig.DefaultCarrierConfigService
07-13 23:36:25.566  2303  2303 D CarrierConfigLoader: mHandler: 3 phoneId: 0
07-13 23:36:25.566  3064  3077 D DefaultCarrierConfigService: Config being fetched
07-13 23:36:25.567  3064  3077 D DefaultCarrierConfigService: java.io.FileNotFoundException: carrier_config_25001.xml
07-13 23:36:25.567  2303  2303 E CarrierConfigLoader: Cannot save config with null packageName or iccid.
07-13 23:36:25.573  2303  2303 D CarrierConfigLoader: mHandler: 5 phoneId: 0
07-13 23:36:25.573  2303  2303 E PhoneInterfaceManager: [PhoneIntfMgr] getCarrierPackageNamesForIntent: No UICC
07-13 23:36:25.588  2180  2180 I Telecom : PhoneAccountRegistrar: SimCallManager queried, returning: null: TSI.gSCMFU@AAo
07-13 23:36:25.625  3082  3082 I art     : Waiting for a blocking GC AddRemoveAppImageSpace
07-13 23:36:25.627  2526  2526 D BoundBrokerSvc: onBind: Intent { act=com.google.android.gms.presencemanager.service.START dat=chimera-action: cmp=com.google.android.gms/.chimera.PersistentApiService }
07-13 23:36:25.627  2526  2526 D BoundBrokerSvc: Loading bound service for intent: Intent { act=com.google.android.gms.presencemanager.service.START dat=chimera-action: cmp=com.google.android.gms/.chimera.PersistentApiService }
07-13 23:36:25.629  3082  3082 I art     : Starting a blocking GC AddRemoveAppImageSpace
07-13 23:36:25.629  3082  3082 W System  : ClassLoader referenced unknown path: /system/priv-app/OneTimeInitializer/lib/x86
07-13 23:36:25.634  2526  2526 D BoundBrokerSvc: onBind: Intent { act=com.google.android.gms.presencemanager.service.INTERNAL_IDENTITY dat=chimera-action: cmp=com.google.android.gms/.chimera.PersistentApiService }
07-13 23:36:25.634  2526  2526 D BoundBrokerSvc: Loading bound service for intent: Intent { act=com.google.android.gms.presencemanager.service.INTERNAL_IDENTITY dat=chimera-action: cmp=com.google.android.gms/.chimera.PersistentApiService }
07-13 23:36:25.641  3082  3082 V OneTimeInitializerRece: OneTimeInitializerReceiver.onReceive
07-13 23:36:25.668  2303  2303 V VvmBootCompletedRcvr: processing subId list
07-13 23:36:25.680  2303  2303 E VvmBootCompletedRcvr: phone account ComponentInfo{com.android.phone/com.android.services.telephony.TelephonyConnectionService}, [e0184adedf913b076626646d3f52c3b49c39ad6d], UserHandle{0} has invalid subId -1
07-13 23:36:25.693  3030  3030 D AndroidRuntime: CheckJNI is OFF
07-13 23:36:25.740  2526  2526 D BoundBrokerSvc: onBind: Intent { act=com.google.android.gms.auth.account.workaccount.START dat=chimera-action: cmp=com.google.android.gms/.chimera.PersistentApiService }
07-13 23:36:25.740  2526  2526 D BoundBrokerSvc: Loading bound service for intent: Intent { act=com.google.android.gms.auth.account.workaccount.START dat=chimera-action: cmp=com.google.android.gms/.chimera.PersistentApiService }
07-13 23:36:25.748  2789  2789 D BoundBrokerSvc: onBind: Intent { act=com.google.android.gms.checkin.START pkg=com.google.android.gms }
07-13 23:36:25.748  2789  2789 D BoundBrokerSvc: Loading bound service for intent: Intent { act=com.google.android.gms.checkin.START pkg=com.google.android.gms }
07-13 23:36:25.754  2789  2974 I Checkin : [CheckinApiChimeraService] onGetService
07-13 23:36:25.757  3030  3030 D ICU     : No timezone override file found: /data/misc/zoneinfo/current/icu/icu_tzdata.dat
07-13 23:36:25.764  3030  3030 W art     : Unexpected CPU variant for X86 using defaults: x86
07-13 23:36:25.771  2789  2979 I DynamiteModule: Considering local module com.google.android.gms.cronet_dynamite:0 and remote module com.google.android.gms.cronet_dynamite:3111
07-13 23:36:25.772  2789  2979 I DynamiteModule: Selected remote version of com.google.android.gms.cronet_dynamite, version >= 3111
07-13 23:36:25.773  2789  2979 W System  : ClassLoader referenced unknown path: 
07-13 23:36:25.774  2789  2979 D ApplicationLoaders: ignored Vulkan layer search path /data/app/com.google.android.gms-1/lib/x86:/data/app/com.google.android.gms-1/base.apk!/lib/x86:/data/app/com.google.android.gms-1/split_config.ru.apk!/lib/x86:/data/app/com.google.android.gms-1/split_config.xhdpi.apk!/lib/x86 for namespace 0xd761a090
07-13 23:36:25.775  3030  3030 D         : houdini no need remount
07-13 23:36:25.784  3030  3030 E memtrack: Couldn't load memtrack module (No such file or directory)
07-13 23:36:25.784  3030  3030 E android.os.Debug: failed to load memtrack module: -2
07-13 23:36:25.784  3030  3030 I Radio-JNI: register_android_hardware_Radio DONE
07-13 23:36:25.789  2789  2979 W System  : ClassLoader referenced unknown path: /data/user_de/0/com.google.android.gms/app_chimera/m/0000000d/n/armeabi-v7a
