07-13 23:36:18.966  1885  1885 E OMXNodeInstance: getExtensionIndex(75d0011:ffmpeg.hevc.decoder, OMX.google.android.index.configureVideoTunnelMode) ERROR: UnsupportedIndex(0x8000101a)
07-13 23:36:18.966  1885  1913 W OMXNodeInstance: [75d0011:ffmpeg.hevc.decoder] component does not support metadata mode; using fallback
07-13 23:36:18.967  1885  1913 D SoftFFmpegVideo: 0xd6606200 deInitDecoder: 0xd68d1000
07-13 23:36:18.967  1888  1888 I MediaPlayerService: MediaPlayerService::getOMX
07-13 23:36:18.967  1888  1888 I OMXClient: MuxOMX ctor
07-13 23:36:18.967  1885  1913 I OMXMaster: makeComponentInstance(OMX.ffmpeg.vp8.decoder) in mediacodec process
07-13 23:36:18.967  1885  1913 V FFmpegOMXPlugin: makeComponentInstance 'OMX.ffmpeg.vp8.decoder'
07-13 23:36:18.967  1885  1913 D SoftFFmpegVideo: SoftFFmpegVideo component: OMX.ffmpeg.vp8.decoder codingType=9 appData: 0xd68b0000
07-13 23:36:18.967  1885  1913 D SoftFFmpegVideo: 0xd6606200 initDecoder: 0xd68d1000
07-13 23:36:18.967  1885  1885 E OMXNodeInstance: getExtensionIndex(75d0012:ffmpeg.vp8.decoder, OMX.google.android.index.configureVideoTunnelMode) ERROR: UnsupportedIndex(0x8000101a)
07-13 23:36:18.967  1885  1913 W OMXNodeInstance: [75d0012:ffmpeg.vp8.decoder] component does not support metadata mode; using fallback
07-13 23:36:18.969  1876  1902 D gralloc_nox: gralloc_alloc: Creating ashmem region of size 4096
07-13 23:36:18.970  1885  1913 D SoftFFmpegVideo: 0xd6606200 deInitDecoder: 0xd68d1000
07-13 23:36:18.972  1888  1888 I MediaPlayerService: MediaPlayerService::getOMX
07-13 23:36:18.972  1888  1888 I OMXClient: MuxOMX ctor
07-13 23:36:18.972  1885  1913 I OMXMaster: makeComponentInstance(OMX.ffmpeg.rv.decoder) in mediacodec process
07-13 23:36:18.972  1885  1913 V FFmpegOMXPlugin: makeComponentInstance 'OMX.ffmpeg.rv.decoder'
07-13 23:36:18.972  1885  1913 D SoftFFmpegVideo: SoftFFmpegVideo component: OMX.ffmpeg.rv.decoder codingType=6 appData: 0xd68b0000
07-13 23:36:18.972  1885  1913 D SoftFFmpegVideo: 0xd6606200 initDecoder: 0xd68d1000
07-13 23:36:18.974  1885  1885 E OMXNodeInstance: getExtensionIndex(75d0013:ffmpeg.rv.decoder, OMX.google.android.index.configureVideoTunnelMode) ERROR: UnsupportedIndex(0x8000101a)
07-13 23:36:18.974  1885  1913 W OMXNodeInstance: [75d0013:ffmpeg.rv.decoder] component does not support metadata mode; using fallback
07-13 23:36:18.974  1885  1913 D SoftFFmpegVideo: 0xd6606200 deInitDecoder: 0xd68d1000
07-13 23:36:18.975  2180  2229 D WifiMonitor: startMonitoring(wlan0) with mConnected = false
07-13 23:36:18.976  1888  1888 I MediaPlayerService: MediaPlayerService::getOMX
07-13 23:36:18.976  1888  1888 I OMXClient: MuxOMX ctor
07-13 23:36:18.976  1885  1913 I OMXMaster: makeComponentInstance(OMX.ffmpeg.vc1.decoder) in mediacodec process
07-13 23:36:18.976  1885  1913 V FFmpegOMXPlugin: makeComponentInstance 'OMX.ffmpeg.vc1.decoder'
07-13 23:36:18.976  1885  1913 D SoftFFmpegVideo: SoftFFmpegVideo component: OMX.ffmpeg.vc1.decoder codingType=2130706433 appData: 0xd68b0000
07-13 23:36:18.977  1885  1913 D SoftFFmpegVideo: 0xd6606200 initDecoder: 0xd68d1000
07-13 23:36:18.977  1885  1885 E OMXNodeInstance: getExtensionIndex(75d0014:ffmpeg.vc1.decoder, OMX.google.android.index.configureVideoTunnelMode) ERROR: UnsupportedIndex(0x8000101a)
07-13 23:36:18.977  1885  1913 W OMXNodeInstance: [75d0014:ffmpeg.vc1.decoder] component does not support metadata mode; using fallback
07-13 23:36:18.981  1885  1913 D SoftFFmpegVideo: 0xd6606200 deInitDecoder: 0xd68d1000
07-13 23:36:18.982  1888  1888 I MediaPlayerService: MediaPlayerService::getOMX
07-13 23:36:18.982  1888  1888 I OMXClient: MuxOMX ctor
07-13 23:36:18.982  1885  1913 I OMXMaster: makeComponentInstance(OMX.ffmpeg.vtrial.decoder) in mediacodec process
07-13 23:36:18.982  1885  1913 V FFmpegOMXPlugin: makeComponentInstance 'OMX.ffmpeg.vtrial.decoder'
07-13 23:36:18.982  1885  1913 D SoftFFmpegVideo: SoftFFmpegVideo component: OMX.ffmpeg.vtrial.decoder codingType=1 appData: 0xd68b0000
07-13 23:36:18.982  1885  1913 D SoftFFmpegVideo: 0xd6606200 initDecoder: 0xd68d1000
07-13 23:36:18.983  1885  1885 E OMXNodeInstance: getExtensionIndex(75d0015:ffmpeg.vtrial.decoder, OMX.google.android.index.configureVideoTunnelMode) ERROR: UnsupportedIndex(0x8000101a)
07-13 23:36:18.983  1885  1913 W OMXNodeInstance: [75d0015:ffmpeg.vtrial.decoder] component does not support metadata mode; using fallback
07-13 23:36:18.985  1885  1913 D SoftFFmpegVideo: 0xd6606200 deInitDecoder: 0xd68d1000
07-13 23:36:18.987  1888  1888 I MediaPlayerService: MediaPlayerService::getOMX
07-13 23:36:18.987  1888  1888 I OMXClient: MuxOMX ctor
07-13 23:36:18.987  1885  1913 I OMXMaster: makeComponentInstance(OMX.ffmpeg.wmv.decoder) in mediacodec process
07-13 23:36:18.987  1885  1913 V FFmpegOMXPlugin: makeComponentInstance 'OMX.ffmpeg.wmv.decoder'
07-13 23:36:18.988  1885  1913 D SoftFFmpegVideo: SoftFFmpegVideo component: OMX.ffmpeg.wmv.decoder codingType=5 appData: 0xd68b0000
07-13 23:36:18.988  1885  1913 D SoftFFmpegVideo: 0xd6606200 initDecoder: 0xd68d1000
07-13 23:36:18.988  1885  1885 E OMXNodeInstance: getExtensionIndex(75d0016:ffmpeg.wmv.decoder, OMX.google.android.index.configureVideoTunnelMode) ERROR: UnsupportedIndex(0x8000101a)
07-13 23:36:18.988  1885  1913 W OMXNodeInstance: [75d0016:ffmpeg.wmv.decoder] component does not support metadata mode; using fallback
07-13 23:36:18.988  1885  1913 D SoftFFmpegVideo: 0xd6606200 deInitDecoder: 0xd68d1000
07-13 23:36:18.993  1888  1888 I MediaPlayerService: MediaPlayerService::getOMX
07-13 23:36:18.993  1888  1888 I OMXClient: MuxOMX ctor
07-13 23:36:18.993  1885  1913 I OMXMaster: makeComponentInstance(OMX.google.mp3.decoder) in mediacodec process
07-13 23:36:18.999  1888  1888 I MediaPlayerService: MediaPlayerService::getOMX
07-13 23:36:18.999  1888  1888 I OMXClient: MuxOMX ctor
07-13 23:36:18.999  1885  1913 I OMXMaster: makeComponentInstance(OMX.google.amrnb.decoder) in mediacodec process
07-13 23:36:19.005  1888  1888 I MediaPlayerService: MediaPlayerService::getOMX
07-13 23:36:19.005  1888  1888 I OMXClient: MuxOMX ctor
07-13 23:36:19.005  1885  1913 I OMXMaster: makeComponentInstance(OMX.google.amrwb.decoder) in mediacodec process
07-13 23:36:19.009  2321  2368 D EGL_emulation: eglMakeCurrent: 0xc6abc5d0: ver 3 2 (tinfo 0xc9ebdf40) (first time)
07-13 23:36:19.009  2180  2192 E GnssLocationProvider: no AGPS interface in set_agps_server
07-13 23:36:19.012  1888  1888 I MediaPlayerService: MediaPlayerService::getOMX
07-13 23:36:19.012  1888  1888 I OMXClient: MuxOMX ctor
07-13 23:36:19.013  1885  1913 I OMXMaster: makeComponentInstance(OMX.google.aac.decoder) in mediacodec process
07-13 23:36:19.017  1876  2387 D gralloc_nox: gralloc_alloc: Creating ashmem region of size 4096
07-13 23:36:19.019  1888  1888 I MediaPlayerService: MediaPlayerService::getOMX
07-13 23:36:19.019  1888  1888 I OMXClient: MuxOMX ctor
07-13 23:36:19.019  1885  1913 I OMXMaster: makeComponentInstance(OMX.google.g711.alaw.decoder) in mediacodec process
07-13 23:36:19.025  1888  1888 I MediaPlayerService: MediaPlayerService::getOMX
07-13 23:36:19.026  1888  1888 I OMXClient: MuxOMX ctor
07-13 23:36:19.026  1885  1913 I OMXMaster: makeComponentInstance(OMX.google.g711.mlaw.decoder) in mediacodec process
07-13 23:36:19.028  1888  1888 I MediaPlayerService: MediaPlayerService::getOMX
07-13 23:36:19.028  1888  1888 I OMXClient: MuxOMX ctor
07-13 23:36:19.029  1885  1913 I OMXMaster: makeComponentInstance(OMX.google.vorbis.decoder) in mediacodec process
07-13 23:36:19.034  1888  1888 I MediaPlayerService: MediaPlayerService::getOMX
07-13 23:36:19.034  1888  1888 I OMXClient: MuxOMX ctor
07-13 23:36:19.034  1885  1913 I OMXMaster: makeComponentInstance(OMX.google.opus.decoder) in mediacodec process
07-13 23:36:19.041  1888  1888 I MediaPlayerService: MediaPlayerService::getOMX
07-13 23:36:19.041  1888  1888 I OMXClient: MuxOMX ctor
07-13 23:36:19.041  1885  1913 I OMXMaster: makeComponentInstance(OMX.google.raw.decoder) in mediacodec process
07-13 23:36:19.044  1888  1888 I MediaPlayerService: MediaPlayerService::getOMX
07-13 23:36:19.044  1888  1888 I OMXClient: MuxOMX ctor
07-13 23:36:19.044  1885  1913 I OMXMaster: makeComponentInstance(OMX.google.aac.encoder) in mediacodec process
07-13 23:36:19.046  2250  2383 I vol.Events: writeEvent level_changed STREAM_ALARM 6
07-13 23:36:19.050  2250  2383 I vol.Events: writeEvent level_changed STREAM_BLUETOOTH_SCO 7
07-13 23:36:19.052  1888  1888 I MediaPlayerService: MediaPlayerService::getOMX
07-13 23:36:19.052  1888  1888 I OMXClient: MuxOMX ctor
07-13 23:36:19.053  1885  1913 I OMXMaster: makeComponentInstance(OMX.google.amrnb.encoder) in mediacodec process
07-13 23:36:19.054  1876  2178 D gralloc_nox: gralloc_alloc: Creating ashmem region of size 4096
07-13 23:36:19.058  2250  2383 I vol.Events: writeEvent level_changed STREAM_MUSIC 11
07-13 23:36:19.059  1888  1888 I MediaPlayerService: MediaPlayerService::getOMX
07-13 23:36:19.061  1888  1888 I OMXClient: MuxOMX ctor
07-13 23:36:19.062  1885  1913 I OMXMaster: makeComponentInstance(OMX.google.amrwb.encoder) in mediacodec process
07-13 23:36:19.067  2180  2193 V KeyguardServiceDelegate: *** Keyguard started
07-13 23:36:19.067  2180  2193 W KeyguardServiceDelegate: onScreenTurningOn(): no keyguard service!
07-13 23:36:19.067  2180  2200 I ActivityManager: Displayed com.android.settings/.FallbackHome: +341ms
07-13 23:36:19.068  1888  1888 I MediaPlayerService: MediaPlayerService::getOMX
07-13 23:36:19.069  2250  2383 I vol.Events: writeEvent level_changed STREAM_RING 5
07-13 23:36:19.070  1888  1888 I OMXClient: MuxOMX ctor
07-13 23:36:19.070  1885  1913 I OMXMaster: makeComponentInstance(OMX.google.flac.encoder) in mediacodec process
07-13 23:36:19.072  2250  2383 I vol.Events: writeEvent level_changed STREAM_SYSTEM 5
07-13 23:36:19.073  1888  1888 I MediaPlayerService: MediaPlayerService::getOMX
07-13 23:36:19.073  1888  1888 I OMXClient: MuxOMX ctor
07-13 23:36:19.073  1885  1913 I OMXMaster: makeComponentInstance(OMX.google.mpeg4.decoder) in mediacodec process
07-13 23:36:19.075  2250  2383 I vol.Events: writeEvent level_changed STREAM_VOICE_CALL 4
07-13 23:36:19.077  1885  1913 E OMXNodeInstance: getExtensionIndex(75d0024:google.mpeg4.decoder, OMX.google.android.index.configureVideoTunnelMode) ERROR: UnsupportedIndex(0x8000101a)
07-13 23:36:19.077  1885  1885 W OMXNodeInstance: [75d0024:google.mpeg4.decoder] component does not support metadata mode; using fallback
07-13 23:36:19.078  1888  1888 I MediaPlayerService: MediaPlayerService::getOMX
07-13 23:36:19.078  1888  1888 I OMXClient: MuxOMX ctor
07-13 23:36:19.078  1885  1885 I OMXMaster: makeComponentInstance(OMX.google.h263.decoder) in mediacodec process
07-13 23:36:19.080  1885  1913 E OMXNodeInstance: getExtensionIndex(75d0025:google.h263.decoder, OMX.google.android.index.configureVideoTunnelMode) ERROR: UnsupportedIndex(0x8000101a)
07-13 23:36:19.080  1885  1885 W OMXNodeInstance: [75d0025:google.h263.decoder] component does not support metadata mode; using fallback
07-13 23:36:19.080  2250  2250 D         : static std::unique_ptr<HostConnection> HostConnection::createUnique(uint32_t): call
07-13 23:36:19.081  2250  2250 D         : HostComposition ext GL_OES_EGL_image GL_OES_EGL_image_external GL_OES_depth24 GL_OES_depth32 GL_OES_element_index_uint GL_OES_texture_float GL_OES_texture_float_linear GL_OES_compressed_paletted_texture GL_OES_compressed_ETC1_RGB8_texture GL_OES_depth_texture GL_EXT_texture_format_BGRA8888 GL_APPLE_texture_format_BGRA8888 GL_OES_texture_half_float GL_EXT_robustness GL_OES_texture_half_float_linear GL_OES_packed_depth_stencil GL_OES_vertex_half_float GL_OES_texture_npot GL_OES_rgb8_rgba8 GL_EXT_color_buffer_float GL_EXT_texture_sRGB_decode ANDROID_gles_max_version_3_1 GL_OES_vertex_array_object GL_EXT_texture_buffer GL_EXT_copy_image GL_KHR_texture_compression_astc_ldr GL_KHR_texture_compression_astc_hdr GL_OES_texture_compression_astc GL_OES_EGL_image_external
07-13 23:36:19.085  1888  1888 I MediaPlayerService: MediaPlayerService::getOMX
07-13 23:36:19.085  1888  1888 I OMXClient: MuxOMX ctor
07-13 23:36:19.085  1885  1885 I OMXMaster: makeComponentInstance(OMX.google.h264.decoder) in mediacodec process
07-13 23:36:19.087  2367  2367 E wpa_supplicant: global ctrl interface @android:wpa_wlan0 matches ctrl interface wlan0 - do not open per-interface ctrl interface
07-13 23:36:19.090  2180  2229 D WifiConfigManager: Loading config and enabling all networks 
07-13 23:36:19.094  2250  2250 D StorageNotification: Notifying about private volume: VolumeInfo{private}:
07-13 23:36:19.094  2250  2250 D StorageNotification:     type=PRIVATE diskId=null partGuid=null mountFlags=0 mountUserId=-1 
07-13 23:36:19.094  2250  2250 D StorageNotification:     state=MOUNTED 
07-13 23:36:19.094  2250  2250 D StorageNotification:     fsType=null fsUuid=null fsLabel=null 
07-13 23:36:19.094  2250  2250 D StorageNotification:     path=/data internalPath=null 
07-13 23:36:19.095  2180  2229 W WifiNetworkHistory: Upgrading network 0 to android.uid.system:1000
07-13 23:36:19.095  2180  2229 D WifiConfigManager: loaded 0 passpoint configs
07-13 23:36:19.095  2180  2229 E IpConfigStore: Error parsing configuration: java.io.FileNotFoundException: /data/misc/wifi/ipconfig.txt (No such file or directory)
07-13 23:36:19.096  2303  2303 D PhoneSwitcherNetworkRequstListener: Registering NetworkFactory
07-13 23:36:19.097  2180  2233 D ConnectivityService: Got NetworkFactory Messenger for PhoneSwitcherNetworkRequstListener
07-13 23:36:19.098  2180  2229 D WifiNative-HAL: Setting external_sim to 1
07-13 23:36:19.098  2180  2229 D WifiStateMachine: Setting OUI to DA-A1-19
07-13 23:36:19.100  2180  2229 I WifiConnectivityManager: PNO settings: min5GHzRssi -82 min24GHzRssi -85 currentConnectionBonus 16 sameNetworkBonus 24 secureNetworkBonus 80 initialScoreMax 100
07-13 23:36:19.100  2180  2229 I WifiConnectivityManager: ConnectivityScanManager initialized and disabled
07-13 23:36:19.100  2180  2229 I WifiConnectivityManager: setUntrustedConnectionAllowed: allowed=false
07-13 23:36:19.100  2180  2229 E WifiLogger: no ring buffers found
07-13 23:36:19.100  2180  2229 E WifiLogger: Failed to start packet fate monitoring
07-13 23:36:19.102  2180  2180 D RttService: SCAN_AVAILABLE : 3
07-13 23:36:19.102  2180  2232 D RttService: DefaultState got{ when=0 what=160512 target=com.android.internal.util.StateMachine$SmHandler }
07-13 23:36:19.102  2180  2229 I WifiConnectivityManager: Set WiFi enabled
07-13 23:36:19.102  2180  2229 I WifiConnectivityManager: scheduleWatchdogTimer
07-13 23:36:19.103  2180  2231 I WifiScanningService: wifi driver loaded with scan capabilities: max buckets=16
07-13 23:36:19.103  2180  2229 D WifiNative-HAL: Failing getSupportedFeatureset because HAL isn't started
07-13 23:36:19.103  2180  2196 E BatteryStatsService: no controller energy info supplied
07-13 23:36:19.103  2180  2196 E KernelCpuSpeedReader: Failed to read cpu-freq: /sys/devices/system/cpu/cpu0/cpufreq/stats/time_in_state (No such file or directory)
07-13 23:36:19.103  2180  2196 E KernelUidCpuTimeReader: Failed to read uid_cputime: /proc/uid_cputime/show_uid_stat (No such file or directory)
07-13 23:36:19.103  2180  2229 D WifiNative-HAL: Failing getSupportedFeatureset because HAL isn't started
07-13 23:36:19.104  2180  2196 E BatteryStatsService: no controller energy info supplied
07-13 23:36:19.104  2180  2196 E KernelCpuSpeedReader: Failed to read cpu-freq: /sys/devices/system/cpu/cpu0/cpufreq/stats/time_in_state (No such file or directory)
07-13 23:36:19.104  2180  2196 E KernelUidCpuTimeReader: Failed to read uid_cputime: /proc/uid_cputime/show_uid_stat (No such file or directory)
07-13 23:36:19.104  1888  1888 W ACodec  : [OMX.google.h264.decoder] stopping checking profiles after 32: 2/8000
07-13 23:36:19.106  2180  2233 D ConnectivityService: Got NetworkFactory Messenger for TelephonyNetworkFactory[0]
07-13 23:36:19.107  1885  1913 E OMXNodeInstance: getExtensionIndex(75d0026:google.h264.decoder, OMX.google.android.index.configureVideoTunnelMode) ERROR: UnsupportedIndex(0x8000101a)
07-13 23:36:19.107  1885  1885 W OMXNodeInstance: [75d0026:google.h264.decoder] component does not support metadata mode; using fallback
07-13 23:36:19.111  1888  1888 I MediaPlayerService: MediaPlayerService::getOMX
07-13 23:36:19.111  1888  1888 I OMXClient: MuxOMX ctor
07-13 23:36:19.112  1885  1885 I OMXMaster: makeComponentInstance(OMX.google.hevc.decoder) in mediacodec process
07-13 23:36:19.119  1885  1885 E OMXNodeInstance: getExtensionIndex(75d0027:google.hevc.decoder, OMX.google.android.index.configureVideoTunnelMode) ERROR: UnsupportedIndex(0x8000101a)
07-13 23:36:19.119  1885  1913 W OMXNodeInstance: [75d0027:google.hevc.decoder] component does not support metadata mode; using fallback
07-13 23:36:19.126  1888  1888 I MediaPlayerService: MediaPlayerService::getOMX
07-13 23:36:19.126  1888  1888 I OMXClient: MuxOMX ctor
07-13 23:36:19.126  1885  1913 I OMXMaster: makeComponentInstance(OMX.google.vp8.decoder) in mediacodec process
07-13 23:36:19.128  1885  1885 E OMXNodeInstance: getExtensionIndex(75d0028:google.vp8.decoder, OMX.google.android.index.configureVideoTunnelMode) ERROR: UnsupportedIndex(0x8000101a)
07-13 23:36:19.128  1885  1913 W OMXNodeInstance: [75d0028:google.vp8.decoder] component does not support metadata mode; using fallback
07-13 23:36:19.132  1888  1888 I MediaPlayerService: MediaPlayerService::getOMX
07-13 23:36:19.133  1888  1888 I OMXClient: MuxOMX ctor
07-13 23:36:19.133  1885  1913 I OMXMaster: makeComponentInstance(OMX.google.vp9.decoder) in mediacodec process
07-13 23:36:19.140  1876  2387 I SurfaceFlinger: Boot is finished (3482 ms)
07-13 23:36:19.147  2303  2303 D CarrierConfigLoader: CarrierConfigLoader has started
07-13 23:36:19.150  1885  1913 E OMXNodeInstance: getExtensionIndex(75d0029:google.vp9.decoder, OMX.google.android.index.configureVideoTunnelMode) ERROR: UnsupportedIndex(0x8000101a)
07-13 23:36:19.151  1885  2456 W OMXNodeInstance: [75d0029:google.vp9.decoder] component does not support metadata mode; using fallback
07-13 23:36:19.151  2303  2460 E ActivityThread: Failed to find provider info for com.android.contacts
07-13 23:36:19.151  2303  2460 W CallerInfoCache: cursor is null
07-13 23:36:19.151  2180  2349 D BluetoothManagerService: Trying to bind to profile: 1, while Bluetooth was disabled
07-13 23:36:19.157  2180  2194 V KeyguardServiceDelegate: *** Keyguard connected (yay!)
07-13 23:36:19.158  1888  1888 I MediaPlayerService: MediaPlayerService::getOMX
07-13 23:36:19.165  1888  1888 I OMXClient: MuxOMX ctor
07-13 23:36:19.166  1885  2456 I OMXMaster: makeComponentInstance(OMX.google.h263.encoder) in mediacodec process
07-13 23:36:19.167  1885  2456 I SoftMPEG4Encoder: Construct SoftMPEG4Encoder
07-13 23:36:19.174  2180  2349 D CryptdConnector: SND -> {3 cryptfs getpw}
07-13 23:36:19.175  1744  1788 D VoldCryptCmdListener: cryptfs getpw
07-13 23:36:19.175  2180  2222 D CryptdConnector: RCV <- {200 3 -1}
07-13 23:36:19.175  2180  2349 D CryptdConnector: SND -> {4 cryptfs clearpw}
07-13 23:36:19.176  1744  1788 D VoldCryptCmdListener: cryptfs clearpw
07-13 23:36:19.176  2180  2222 D CryptdConnector: RCV <- {200 4 0}
07-13 23:36:19.178  1888  1888 W ACodec  : do not know color format 0x7f000789 = 2130708361
07-13 23:36:19.180  1885  2457 E OMXNodeInstance: getConfig(75d002a:google.h263.encoder, ConfigAndroidIntraRefresh(0x6f60000a)) ERROR: Undefined(0x80001001)
07-13 23:36:19.182  2303  2303 I Telephony: TtyManager: updateUiTtyMode -1 -> 0
07-13 23:36:19.189  1888  1888 I MediaPlayerService: MediaPlayerService::getOMX
07-13 23:36:19.191  1888  1888 I OMXClient: MuxOMX ctor
07-13 23:36:19.191  1885  1885 I OMXMaster: makeComponentInstance(OMX.google.h264.encoder) in mediacodec process
07-13 23:36:19.192  2180  2349 I StatusBarManagerService: registerStatusBar bar=com.android.internal.statusbar.IStatusBar$Stub$Proxy@b35b5b5
07-13 23:36:19.208  2180  2180 I GnssLocationProvider: WakeLock acquired by sendMessage(12, 0, null)
07-13 23:36:19.221  2180  2192 E GnssLocationProvider: no AGPS interface in set_agps_server
07-13 23:36:19.221  2180  2192 I GnssLocationProvider: WakeLock released by handleMessage(12, 0, null)
07-13 23:36:19.224  1888  1888 W ACodec  : do not know color format 0x7f000789 = 2130708361
07-13 23:36:19.230  2303  2303 D PhoneSwitcherNetworkRequstListener: got request NetworkRequest [ REQUEST id=1, [ Capabilities: INTERNET&NOT_RESTRICTED&TRUSTED&NOT_VPN] ] with score 0
07-13 23:36:19.230  2303  2303 D TelephonyDebugService: TelephonyDebugService()
07-13 23:36:19.230  2303  2303 D CarrierConfigLoader: mHandler: 12 phoneId: 0
07-13 23:36:19.231  1888  1888 I MediaPlayerService: MediaPlayerService::getOMX
07-13 23:36:19.232  1888  1888 I OMXClient: MuxOMX ctor
07-13 23:36:19.232  1885  1913 I OMXMaster: makeComponentInstance(OMX.google.mpeg4.encoder) in mediacodec process
07-13 23:36:19.233  1885  1913 I SoftMPEG4Encoder: Construct SoftMPEG4Encoder
07-13 23:36:19.237  2303  2303 E PhoneInterfaceManager: [PhoneIntfMgr] getIccId: No UICC
07-13 23:36:19.239  1888  1888 W ACodec  : do not know color format 0x7f000789 = 2130708361
07-13 23:36:19.239  1885  2457 E OMXNodeInstance: getConfig(75d002c:google.mpeg4.encoder, ConfigAndroidIntraRefresh(0x6f60000a)) ERROR: Undefined(0x80001001)
07-13 23:36:19.242  1888  1888 I MediaPlayerService: MediaPlayerService::getOMX
07-13 23:36:19.242  1888  1888 I OMXClient: MuxOMX ctor
07-13 23:36:19.243  1885  2456 I OMXMaster: makeComponentInstance(OMX.google.vp8.encoder) in mediacodec process
07-13 23:36:19.245  1888  1888 W ACodec  : do not know color format 0x7f000789 = 2130708361
07-13 23:36:19.246  1885  2457 E OMXNodeInstance: getConfig(75d002d:google.vp8.encoder, ConfigAndroidIntraRefresh(0x6f60000a)) ERROR: Undefined(0x80001001)
07-13 23:36:19.246  1888  1888 I MediaPlayerService: MediaPlayerService::getOMX
07-13 23:36:19.246  1888  1888 I OMXClient: MuxOMX ctor
07-13 23:36:19.246  1885  2456 I OMXMaster: makeComponentInstance(OMX.ffmpeg.h264.decoder) in mediacodec process
07-13 23:36:19.246  1885  2456 V FFmpegOMXPlugin: makeComponentInstance 'OMX.ffmpeg.h264.decoder'
07-13 23:36:19.246  1885  2456 D SoftFFmpegVideo: SoftFFmpegVideo component: OMX.ffmpeg.h264.decoder codingType=7 appData: 0xd68b0540
07-13 23:36:19.247  1885  2456 D SoftFFmpegVideo: 0xd68cb700 initDecoder: 0xd68d1000
07-13 23:36:19.250  2180  2272 I Telecom : PhoneAccountRegistrar: [ComponentInfo{com.android.phone/com.android.services.telephony.TelephonyConnectionService}, [e0184adedf913b076626646d3f52c3b49c39ad6d], UserHandle{0}(icon: Icon(typ=BITMAP size=38x48) -> Icon(typ=BITMAP size=38x48))]: TSI.rPA@AAM
07-13 23:36:19.251  1888  1888 W ACodec  : [OMX.ffmpeg.h264.decoder] stopping checking profiles after 32: 2/8000
07-13 23:36:19.252  1885  1913 E OMXNodeInstance: getExtensionIndex(75d002e:ffmpeg.h264.decoder, OMX.google.android.index.configureVideoTunnelMode) ERROR: UnsupportedIndex(0x8000101a)
07-13 23:36:19.253  1885  2456 W OMXNodeInstance: [75d002e:ffmpeg.h264.decoder] component does not support metadata mode; using fallback
07-13 23:36:19.253  1885  1885 D SoftFFmpegVideo: 0xd68cb700 deInitDecoder: 0xd68d1000
07-13 23:36:19.253  2180  2272 I Telecom : : Sending phone-account registered intent as user: TSI.rPA@AAM
07-13 23:36:19.254  2303  2303 I Telephony: AccountEntry: Registered phoneAccount: [[ ] PhoneAccount: ComponentInfo{com.android.phone/com.android.services.telephony.TelephonyConnectionService}, [e0184adedf913b076626646d3f52c3b49c39ad6d], UserHandle{0} Capabilities: CallProvider MultiUser PlaceEmerg SimSub  Audio Routes: BESW Schemes: tel voicemail  Extras: null GroupId: [da39a3ee5e6b4b0d3255bfef95601890afd80709]] with handle: ComponentInfo{com.android.phone/com.android.services.telephony.TelephonyConnectionService}, [e0184adedf913b076626646d3f52c3b49c39ad6d], UserHandle{0}
07-13 23:36:19.255  2303  2303 I Telephony: PstnIncomingCallNotifier: Registering: Handler (com.android.internal.telephony.GsmCdmaPhone) {86a3c79}
07-13 23:36:19.259  1888  1888 I MediaPlayerService: MediaPlayerService::getOMX
07-13 23:36:19.259  1888  1888 I OMXClient: MuxOMX ctor
07-13 23:36:19.259  1888  1888 W MediaCodecList: unable to open media codecs configuration xml file: /etc/media_codecs_performance.xml
07-13 23:36:19.260  1888  1888 I MediaPlayerService: MediaPlayerService::getOMX
07-13 23:36:19.260  1888  1888 I OMXClient: MuxOMX ctor
07-13 23:36:19.261  1888  1888 W MediaCodecList: unable to open media codecs configuration xml file: /data/misc/media/media_codecs_profiling_results.xml
07-13 23:36:19.261  2303  2303 E PhoneInterfaceManager: [PhoneIntfMgr] getIccId: No UICC
07-13 23:36:19.262  1888  2323 I MediaPlayerService: MediaPlayerService::getOMX
07-13 23:36:19.262  1888  2325 I MediaPlayerService: MediaPlayerService::getOMX
07-13 23:36:19.262  2180  2296 I OMXClient: MuxOMX ctor
07-13 23:36:19.264  2250  2348 I OMXClient: MuxOMX ctor
07-13 23:36:19.266  1885  1885 I OMXMaster: makeComponentInstance(OMX.ffmpeg.vorbis.decoder) in mediacodec process
07-13 23:36:19.266  1885  1885 V FFmpegOMXPlugin: makeComponentInstance 'OMX.ffmpeg.vorbis.decoder'
07-13 23:36:19.266  1885  1885 D SoftFFmpegAudio: SoftFFmpegAudio component: OMX.ffmpeg.vorbis.decoder mCodingType: 24
07-13 23:36:19.267  1885  1913 I OMXMaster: makeComponentInstance(OMX.ffmpeg.vorbis.decoder) in mediacodec process
07-13 23:36:19.267  1885  1913 V FFmpegOMXPlugin: makeComponentInstance 'OMX.ffmpeg.vorbis.decoder'
07-13 23:36:19.267  1885  1913 D SoftFFmpegAudio: SoftFFmpegAudio component: OMX.ffmpeg.vorbis.decoder mCodingType: 24
07-13 23:36:19.267  2180  2296 D FFMPEGSoftCodec: No PCM format specified, using 16 bit
07-13 23:36:19.267  2250  2348 D FFMPEGSoftCodec: No PCM format specified, using 16 bit
07-13 23:36:19.270  1885  1885 D SoftFFmpegAudio: set OMX_IndexParamAudioVorbis, nChannels=2, nSampleRate=44100, nBitRate=0, nMinBitRate=0, nMaxBitRate=0
07-13 23:36:19.270  1885  2457 D SoftFFmpegAudio: set OMX_IndexParamAudioVorbis, nChannels=2, nSampleRate=44100, nBitRate=0, nMinBitRate=0, nMaxBitRate=0
07-13 23:36:19.285  2180  2359 I Telecom : PhoneAccountRegistrar: [ComponentInfo{com.android.phone/com.android.services.telephony.TelephonyConnectionService}, [e0184adedf913b076626646d3f52c3b49c39ad6d], UserHandle{0}(icon: Icon(typ=BITMAP size=38x48) -> Icon(typ=BITMAP size=38x48))]: TSI.rPA@AAY
07-13 23:36:19.286  2180  2359 I Telecom : : Sending phone-account registered intent as user: TSI.rPA@AAY
07-13 23:36:19.289  1885  2479 D SoftFFmpegAudio: begin to open ffmpeg audio decoder(vorbis), mCtx sample_rate: 44100, channels: 2
07-13 23:36:19.289  1885  2477 D SoftFFmpegAudio: begin to open ffmpeg audio decoder(vorbis), mCtx sample_rate: 44100, channels: 2
07-13 23:36:19.298  1885  2479 D SoftFFmpegAudio: open ffmpeg audio decoder(vorbis) success, mCtx sample_rate: 44100, channels: 2, sample_fmt: fltp, bits_per_coded_sample: 0, bits_per_raw_sample: 0
07-13 23:36:19.298  1885  2479 I SoftFFmpegAudio: Create sample rate converter for conversion of 44100 Hz fltp 2 channels(stereo) to 44100 Hz s16 2 channels(stereo)!
07-13 23:36:19.299  1885  2477 D SoftFFmpegAudio: open ffmpeg audio decoder(vorbis) success, mCtx sample_rate: 44100, channels: 2, sample_fmt: fltp, bits_per_coded_sample: 0, bits_per_raw_sample: 0
07-13 23:36:19.299  1885  2477 I SoftFFmpegAudio: Create sample rate converter for conversion of 44100 Hz fltp 2 channels(stereo) to 44100 Hz s16 2 channels(stereo)!
07-13 23:36:19.303  1885  2477 D SoftFFmpegAudio: ffmpeg audio decoder eos
07-13 23:36:19.303  1885  2477 D SoftFFmpegAudio: ffmpeg audio decoder fill eos outbuf
07-13 23:36:19.309  2250  2250 W System  : ClassLoader referenced unknown path: 
07-13 23:36:19.311  2250  2250 D ApplicationLoaders: ignored Vulkan layer search path /system/app/Camera2/lib/x86:/system/app/Camera2/Camera2.apk!/lib/x86:/system/lib:/vendor/lib for namespace 0xd761a090
07-13 23:36:19.328  1885  2479 D SoftFFmpegAudio: ffmpeg audio decoder eos
07-13 23:36:19.328  1885  2479 D SoftFFmpegAudio: ffmpeg audio decoder fill eos outbuf
07-13 23:36:19.350  1888  1888 I MediaPlayerService: MediaPlayerService::getOMX
07-13 23:36:19.351  2180  2491 I OMXClient: MuxOMX ctor
07-13 23:36:19.352  1885  2483 I OMXMaster: makeComponentInstance(OMX.ffmpeg.vorbis.decoder) in mediacodec process
07-13 23:36:19.352  1885  2483 V FFmpegOMXPlugin: makeComponentInstance 'OMX.ffmpeg.vorbis.decoder'
07-13 23:36:19.352  1885  2483 D SoftFFmpegAudio: SoftFFmpegAudio component: OMX.ffmpeg.vorbis.decoder mCodingType: 24
07-13 23:36:19.353  2180  2491 D FFMPEGSoftCodec: No PCM format specified, using 16 bit
07-13 23:36:19.354  1885  2481 D SoftFFmpegAudio: set OMX_IndexParamAudioVorbis, nChannels=2, nSampleRate=44100, nBitRate=0, nMinBitRate=0, nMaxBitRate=0
07-13 23:36:19.362  2250  2250 D LocalBluetoothProfileManager: Adding local MAP profile
07-13 23:36:19.362  1885  2492 D SoftFFmpegAudio: begin to open ffmpeg audio decoder(vorbis), mCtx sample_rate: 44100, channels: 2
07-13 23:36:19.363  2250  2250 D BluetoothMap: Create BluetoothMap proxy object
07-13 23:36:19.363  1885  2492 D SoftFFmpegAudio: open ffmpeg audio decoder(vorbis) success, mCtx sample_rate: 44100, channels: 2, sample_fmt: fltp, bits_per_coded_sample: 0, bits_per_raw_sample: 0
07-13 23:36:19.364  1885  2492 I SoftFFmpegAudio: Create sample rate converter for conversion of 44100 Hz fltp 2 channels(stereo) to 44100 Hz s16 2 channels(stereo)!
07-13 23:36:19.365  1888  2475 I MediaPlayerService: MediaPlayerService::getOMX
07-13 23:36:19.366  2250  2494 I OMXClient: MuxOMX ctor
07-13 23:36:19.367  1885  2485 I OMXMaster: makeComponentInstance(OMX.ffmpeg.vorbis.decoder) in mediacodec process
07-13 23:36:19.367  1885  2485 V FFmpegOMXPlugin: makeComponentInstance 'OMX.ffmpeg.vorbis.decoder'
07-13 23:36:19.367  1885  2485 D SoftFFmpegAudio: SoftFFmpegAudio component: OMX.ffmpeg.vorbis.decoder mCodingType: 24
07-13 23:36:19.368  2250  2494 D FFMPEGSoftCodec: No PCM format specified, using 16 bit
07-13 23:36:19.368  2250  2250 D LocalBluetoothProfileManager: LocalBluetoothProfileManager construction complete
07-13 23:36:19.369  1885  1885 D SoftFFmpegAudio: set OMX_IndexParamAudioVorbis, nChannels=2, nSampleRate=44100, nBitRate=0, nMinBitRate=0, nMaxBitRate=0
07-13 23:36:19.375  1883  1883 E         : Unable to unlink boot marker at /data//dalvik-cache/arm/.booting, error=No such file or directory
07-13 23:36:19.375  2180  2200 W ActivityManager: Unable to mark boot complete for abi: armeabi-v7a (Failed to execute markbootcomplete [arm]: -1)
07-13 23:36:19.375  2180  2200 I SystemServiceManager: Starting phase 1000
07-13 23:36:19.379  1885  2495 D SoftFFmpegAudio: begin to open ffmpeg audio decoder(vorbis), mCtx sample_rate: 44100, channels: 2
07-13 23:36:19.379  1885  2492 D SoftFFmpegAudio: ffmpeg audio decoder eos
07-13 23:36:19.379  1885  2492 D SoftFFmpegAudio: ffmpeg audio decoder fill eos outbuf
07-13 23:36:19.380  1885  2495 D SoftFFmpegAudio: open ffmpeg audio decoder(vorbis) success, mCtx sample_rate: 44100, channels: 2, sample_fmt: fltp, bits_per_coded_sample: 0, bits_per_raw_sample: 0
07-13 23:36:19.386  1885  2495 I SoftFFmpegAudio: Create sample rate converter for conversion of 44100 Hz fltp 2 channels(stereo) to 44100 Hz s16 2 channels(stereo)!
07-13 23:36:19.392  2180  2200 I ActivityManager: Start proc 2498:android.ext.services/u0a9 for on-hold
07-13 23:36:19.393  2498  2498 W art     : Unexpected CPU variant for X86 using defaults: x86
07-13 23:36:19.395  2180  2200 D ActivityManager: Finishing user boot 0
07-13 23:36:19.396  2180  2200 D CryptdConnector: SND -> {5 cryptfs prepare_user_storage ! 0 0 2}
07-13 23:36:19.396  1744  1788 D vold    : e4crypt_prepare_user_storage for volume null, user 0, serial 0, flags 2
07-13 23:36:19.396  1744  1788 D vold    : Preparing: /data/system_ce/0
07-13 23:36:19.396  1744  1788 D vold    : Preparing: /data/misc_ce/0
07-13 23:36:19.396  1744  1788 D vold    : Preparing: /data/media/0
07-13 23:36:19.396  1744  1788 D vold    : Preparing: /data/data
07-13 23:36:19.397  2180  2222 D CryptdConnector: RCV <- {200 5 Command succeeded}
07-13 23:36:19.397  2180  2200 V UserManagerService: Found /data/user/0 with serial number 0
07-13 23:36:19.397  2180  2200 V UserManagerService: Found /data/system_ce/0 with serial number 0
07-13 23:36:19.397  2180  2200 V PackageManager: reconcileAppsData for null u0 0x2
07-13 23:36:19.408  1888  2325 I MediaPlayerService: MediaPlayerService::getOMX
07-13 23:36:19.408  2180  2512 I OMXClient: MuxOMX ctor
07-13 23:36:19.408  2509  2509 I bootstat: Service started: /system/bin/bootstat --record_boot_complete 
07-13 23:36:19.408  1883  1883 W cutils  : Expected path /data/data/com.android.browser with mode 700 but found 771
07-13 23:36:19.409  1883  1883 W cutils  : Expected path /data/data/com.android.browser with mode 700 but found 771
07-13 23:36:19.409  2509  2509 I bootstat: Logging histogram: bootstat_mtime_matches_content 1
07-13 23:36:19.409  1885  2484 I OMXMaster: makeComponentInstance(OMX.ffmpeg.vorbis.decoder) in mediacodec process
07-13 23:36:19.409  1885  2484 V FFmpegOMXPlugin: makeComponentInstance 'OMX.ffmpeg.vorbis.decoder'
07-13 23:36:19.409  1885  2484 D SoftFFmpegAudio: SoftFFmpegAudio component: OMX.ffmpeg.vorbis.decoder mCodingType: 24
07-13 23:36:19.410  2180  2512 D FFMPEGSoftCodec: No PCM format specified, using 16 bit
07-13 23:36:19.411  2509  2509 I bootstat: Logging histogram: bootstat_mtime_matches_content 1
07-13 23:36:19.411  2509  2509 E bootstat: Failed to read /data/misc/bootstat/post_decrypt_time_elapsed: No such file or directory
07-13 23:36:19.411  2509  2509 E bootstat: Failed to parse boot time record: /data/misc/bootstat/post_decrypt_time_elapsed
07-13 23:36:19.417  1885  2484 D SoftFFmpegAudio: set OMX_IndexParamAudioVorbis, nChannels=2, nSampleRate=44100, nBitRate=0, nMinBitRate=0, nMaxBitRate=0
07-13 23:36:19.425  1885  2513 D SoftFFmpegAudio: begin to open ffmpeg audio decoder(vorbis), mCtx sample_rate: 44100, channels: 2
07-13 23:36:19.426  1885  2513 D SoftFFmpegAudio: open ffmpeg audio decoder(vorbis) success, mCtx sample_rate: 44100, channels: 2, sample_fmt: fltp, bits_per_coded_sample: 0, bits_per_raw_sample: 0
07-13 23:36:19.426  1885  2513 I SoftFFmpegAudio: Create sample rate converter for conversion of 44100 Hz fltp 2 channels(stereo) to 44100 Hz s16 2 channels(stereo)!
07-13 23:36:19.434  2515  2515 I bootstat: Service started: /system/bin/bootstat --record_boot_reason 
07-13 23:36:19.434  2515  2515 I bootstat: Unknown boot reason: 
07-13 23:36:19.435  1885  2495 D SoftFFmpegAudio: ffmpeg audio decoder eos
07-13 23:36:19.435  1885  2495 D SoftFFmpegAudio: ffmpeg audio decoder fill eos outbuf
07-13 23:36:19.450  1888  1888 I MediaPlayerService: MediaPlayerService::getOMX
07-13 23:36:19.451  2250  2517 I OMXClient: MuxOMX ctor
07-13 23:36:19.453  1885  2484 I OMXMaster: makeComponentInstance(OMX.ffmpeg.vorbis.decoder) in mediacodec process
07-13 23:36:19.453  1885  2484 V FFmpegOMXPlugin: makeComponentInstance 'OMX.ffmpeg.vorbis.decoder'
07-13 23:36:19.453  1885  2484 D SoftFFmpegAudio: SoftFFmpegAudio component: OMX.ffmpeg.vorbis.decoder mCodingType: 24
07-13 23:36:19.454  2250  2517 D FFMPEGSoftCodec: No PCM format specified, using 16 bit
07-13 23:36:19.455  1885  2484 D SoftFFmpegAudio: set OMX_IndexParamAudioVorbis, nChannels=2, nSampleRate=44100, nBitRate=0, nMinBitRate=0, nMaxBitRate=0
07-13 23:36:19.462  2516  2516 I bootstat: Service started: /system/bin/bootstat --record_time_since_factory_reset 
07-13 23:36:19.462  2516  2516 I bootstat: Logging histogram: factory_reset_current_time 1720902979
07-13 23:36:19.463  1885  2513 D SoftFFmpegAudio: ffmpeg audio decoder eos
07-13 23:36:19.463  1885  2513 D SoftFFmpegAudio: ffmpeg audio decoder fill eos outbuf
07-13 23:36:19.463  2516  2516 I bootstat: Logging histogram: bootstat_mtime_matches_content 1
07-13 23:36:19.463  2516  2516 I bootstat: Logging histogram: factory_reset_record_value 1713167560
07-13 23:36:19.463  1885  2518 D SoftFFmpegAudio: begin to open ffmpeg audio decoder(vorbis), mCtx sample_rate: 44100, channels: 2
07-13 23:36:19.464  1885  2518 D SoftFFmpegAudio: open ffmpeg audio decoder(vorbis) success, mCtx sample_rate: 44100, channels: 2, sample_fmt: fltp, bits_per_coded_sample: 0, bits_per_raw_sample: 0
07-13 23:36:19.464  1883  1883 W cutils  : Expected path /data/data/com.google.android.gms with mode 700 but found 711
07-13 23:36:19.465  1885  2518 I SoftFFmpegAudio: Create sample rate converter for conversion of 44100 Hz fltp 2 channels(stereo) to 44100 Hz s16 2 channels(stereo)!
07-13 23:36:19.465  1883  1883 W cutils  : Expected path /data/data/com.google.android.gms with mode 700 but found 711
07-13 23:36:19.485  1883  1883 W cutils  : Expected path /data/data/zahleb.me with mode 700 but found 711
07-13 23:36:19.488  2521  2521 I bootstat: Service started: /system/bin/bootstat -l 
07-13 23:36:19.488  2521  2521 I bootstat: Logging histogram: bootstat_mtime_matches_content 1
07-13 23:36:19.488  1885  2518 D SoftFFmpegAudio: ffmpeg audio decoder eos
07-13 23:36:19.488  1885  2518 D SoftFFmpegAudio: ffmpeg audio decoder fill eos outbuf
07-13 23:36:19.489  2521  2521 I bootstat: Logging histogram: bootstat_mtime_matches_content 1
07-13 23:36:19.489  2521  2521 I bootstat: Logging histogram: bootstat_mtime_matches_content 1
07-13 23:36:19.489  2521  2521 I bootstat: Logging histogram: bootstat_mtime_matches_content 1
07-13 23:36:19.489  2521  2521 I bootstat: Logging histogram: bootstat_mtime_matches_content 1
07-13 23:36:19.489  2521  2521 I bootstat: Logging histogram: bootstat_mtime_matches_content 1
07-13 23:36:19.489  2521  2521 I bootstat: Logging histogram: bootstat_mtime_matches_content 1
07-13 23:36:19.489  2521  2521 I bootstat: Logging histogram: bootstat_mtime_matches_content 1
07-13 23:36:19.489  2521  2521 I bootstat: Logging histogram: bootstat_mtime_matches_content 1
07-13 23:36:19.489  2521  2521 I bootstat: Logging histogram: bootstat_mtime_matches_content 1
07-13 23:36:19.490  2521  2521 I bootstat: Logging histogram: bootstat_mtime_matches_content 1
07-13 23:36:19.490  2521  2521 I bootstat: Logging histogram: bootstat_mtime_matches_content 1
07-13 23:36:19.490  2521  2521 I bootstat: Logging histogram: last_boot_time_utc 1720902979
07-13 23:36:19.490  2521  2521 I bootstat: Logging histogram: build_date 1712647892
07-13 23:36:19.490  2521  2521 I bootstat: Logging histogram: ota_boot_complete_no_encryption 18
07-13 23:36:19.490  2521  2521 I bootstat: Logging histogram: ota_boot_complete 18
07-13 23:36:19.490  2521  2521 I bootstat: Logging histogram: boot_reason 1
07-13 23:36:19.490  2521  2521 I bootstat: Logging histogram: factory_reset_current_time 1720902979
07-13 23:36:19.490  2521  2521 I bootstat: Logging histogram: factory_reset 1713167560
07-13 23:36:19.490  2521  2521 I bootstat: Logging histogram: time_since_last_boot 205
07-13 23:36:19.490  2521  2521 I bootstat: Logging histogram: boot_complete_no_encryption 10
07-13 23:36:19.490  2521  2521 I bootstat: Logging histogram: boot_complete 10
07-13 23:36:19.490  2521  2521 I bootstat: Logging histogram: factory_reset_record_value 1713167560
07-13 23:36:19.490  2521  2521 I bootstat: Logging histogram: time_since_factory_reset 7735419
07-13 23:36:19.499  1888  2325 I MediaPlayerService: MediaPlayerService::getOMX
07-13 23:36:19.500  2180  2522 I OMXClient: MuxOMX ctor
07-13 23:36:19.500  1885  1913 I OMXMaster: makeComponentInstance(OMX.ffmpeg.vorbis.decoder) in mediacodec process
07-13 23:36:19.500  1885  1913 V FFmpegOMXPlugin: makeComponentInstance 'OMX.ffmpeg.vorbis.decoder'
07-13 23:36:19.500  1885  1913 D SoftFFmpegAudio: SoftFFmpegAudio component: OMX.ffmpeg.vorbis.decoder mCodingType: 24
07-13 23:36:19.501  2180  2522 D FFMPEGSoftCodec: No PCM format specified, using 16 bit
07-13 23:36:19.501  1885  2484 D SoftFFmpegAudio: set OMX_IndexParamAudioVorbis, nChannels=2, nSampleRate=44100, nBitRate=0, nMinBitRate=0, nMaxBitRate=0
07-13 23:36:19.507  1885  2523 D SoftFFmpegAudio: begin to open ffmpeg audio decoder(vorbis), mCtx sample_rate: 44100, channels: 2
07-13 23:36:19.508  1885  2523 D SoftFFmpegAudio: open ffmpeg audio decoder(vorbis) success, mCtx sample_rate: 44100, channels: 2, sample_fmt: fltp, bits_per_coded_sample: 0, bits_per_raw_sample: 0
07-13 23:36:19.508  1885  2523 I SoftFFmpegAudio: Create sample rate converter for conversion of 44100 Hz fltp 2 channels(stereo) to 44100 Hz s16 2 channels(stereo)!
07-13 23:36:19.513  1885  2523 D SoftFFmpegAudio: ffmpeg audio decoder eos
07-13 23:36:19.513  1885  2523 D SoftFFmpegAudio: ffmpeg audio decoder fill eos outbuf
07-13 23:36:19.520  2180  2200 V PackageManager: reconcileAppsData finished 70 packages
07-13 23:36:19.521  2180  2349 W art     : Long monitor contention with owner android.display (2200) at void com.android.server.am.ActivityManagerService.finishBooting()(ActivityManagerService.java:6853) waiters=0 in android.content.Intent com.android.server.am.ActivityManagerService.registerReceiver(android.app.IApplicationThread, java.lang.String, android.content.IIntentReceiver, android.content.IntentFilter, java.lang.String, int) for 141ms
07-13 23:36:19.522  2180  2193 D BluetoothManagerService: User 0 unlocked
07-13 23:36:19.522  2180  2193 D MountService: onUnlockUser 0
07-13 23:36:19.522  2180  2193 D VoldConnector: SND -> {6 volume user_started 0}
07-13 23:36:19.522  2180  2199 D BluetoothManagerService: MESSAGE_USER_UNLOCKED
07-13 23:36:19.523  2180  2229 D WIFI    : Registering NetworkFactory
07-13 23:36:19.523  2180  2229 D WIFI_UT : Registering NetworkFactory
07-13 23:36:19.523  2180  2233 D ConnectivityService: Got NetworkFactory Messenger for WIFI
07-13 23:36:19.523  2180  2233 D ConnectivityService: Got NetworkFactory Messenger for WIFI_UT
07-13 23:36:19.525  2180  2229 D WIFI    : got request NetworkRequest [ REQUEST id=1, [ Capabilities: INTERNET&NOT_RESTRICTED&TRUSTED&NOT_VPN] ] with score 0
07-13 23:36:19.525  2180  2229 I WifiConnectivityManager: Set WiFiConnectivityManager enabled
07-13 23:36:19.526  2180  2229 D WIFI_UT : got request NetworkRequest [ REQUEST id=1, [ Capabilities: INTERNET&NOT_RESTRICTED&TRUSTED&NOT_VPN] ] with score 0
07-13 23:36:19.526  1744  1787 D vold    : Linking /storage/emulated/0 to /mnt/user/0/primary
07-13 23:36:19.527  2180  2221 D VoldConnector: RCV <- {200 6 Command succeeded}
07-13 23:36:19.527  2180  2220 D MountService: Volume emulated broadcasting mounted to UserHandle{0}
07-13 23:36:19.530  2180  2193 W TextServicesManagerService: no available spell checker services found
07-13 23:36:19.535  2180  2193 V BackupManagerService: No ancestral data
07-13 23:36:19.539  2180  2193 V BackupManagerService: Starting with transport android/com.android.internal.backup.LocalTransport
07-13 23:36:19.539  2180  2193 V BackupManagerService: Found transports: 2
07-13 23:36:19.547  2180  2525 V KeyValueBackupJob: Scheduling k/v pass in 240 minutes
07-13 23:36:19.559  2180  2193 I ActivityManager: Start proc 2526:com.google.android.gms.persistent/u0a11 for service com.google.android.gms/.backup.BackupTransportService
07-13 23:36:19.559  2180  2193 I BackupManagerService: Backup enabled => false
07-13 23:36:19.560  2526  2526 W art     : Unexpected CPU variant for X86 using defaults: x86
07-13 23:36:19.562  2180  2180 V BackupManagerService: Connected to transport ComponentInfo{android/com.android.internal.backup.LocalTransportService}
07-13 23:36:19.562  2180  2180 V BackupManagerService: Registering transport android/com.android.internal.backup.LocalTransportService::android/com.android.internal.backup.LocalTransport = android.app.backup.BackupTransport$TransportImpl@da0d0c8
07-13 23:36:19.563  2498  2498 I art     : Starting a blocking GC AddRemoveAppImageSpace
07-13 23:36:19.563  2498  2498 W System  : ClassLoader referenced unknown path: /system/priv-app/ExtServices/lib/x86
07-13 23:36:19.565  2180  2525 V KeyValueBackupJob: Scheduling k/v pass in 243 minutes
07-13 23:36:19.567  2250  2250 I CameraManagerGlobal: Connecting to camera service
07-13 23:36:19.581  2180  2192 W ResourceType: ResTable_typeSpec entry count inconsistent: given 98, previously 101
07-13 23:36:19.581  1881  1881 I CameraService: getCameraCharacteristics: Switching to HAL1 shim implementation...
07-13 23:36:19.581  1881  1881 V EmulatedCamera_Factory: getCameraInfo: id = 0
07-13 23:36:19.581  1881  1881 D EmulatedCamera_Camera: getCameraInfo , camera orientation: front(90) , back(0)
07-13 23:36:19.581  1881  1881 I CameraService: CameraService::connect call (PID -1 "cameraserver", camera ID 0) for HAL version default and Camera API version 1
07-13 23:36:19.583  2180  2525 I BackupManagerService: Found stale backup journal, scheduling
07-13 23:36:19.588  2180  2192 W ResourceType: ResTable_typeSpec entry count inconsistent: given 3356, previously 3376
07-13 23:36:19.588  2180  2192 W ResourceType: ResTable_typeSpec entry count inconsistent: given 494, previously 4744
07-13 23:36:19.589  1881  1881 E CameraService: getCameraPriorityFromProcState: Received invalid process state -1 from ActivityManagerService!
07-13 23:36:19.589  1881  1881 V EmulatedCamera_Factory: getCameraInfo: id = 0
07-13 23:36:19.589  1881  1881 D EmulatedCamera_Camera: getCameraInfo , camera orientation: front(90) , back(0)
07-13 23:36:19.590  2180  2193 W VoiceInteractionManagerService: no available voice interaction services found for user 0
07-13 23:36:19.590  2180  2193 W VoiceInteractionManagerService: no available voice recognition services found for user 0
07-13 23:36:19.590  2180  2193 I ActivityManager: Loading recents for user 0 into memory.
07-13 23:36:19.590  2180  2192 W ResourceType: ResTable_typeSpec entry count inconsistent: given 98, previously 101
07-13 23:36:19.590  2180  2192 W ResourceType: ResTable_typeSpec entry count inconsistent: given 3356, previously 3376
07-13 23:36:19.590  2180  2192 W ResourceType: ResTable_typeSpec entry count inconsistent: given 494, previously 4744
07-13 23:36:19.592  2180  2193 D ActivityManager: Sending BOOT_COMPLETE user #0
07-13 23:36:19.593  2180  2192 W Searchables: No global search activity found
07-13 23:36:19.610  2544  2544 W art     : Unexpected CPU variant for X86 using defaults: x86
07-13 23:36:19.611  2180  2193 I ActivityManager: Start proc 2544:android.process.media/u0a8 for broadcast com.android.providers.downloads/.DownloadReceiver
07-13 23:36:19.616  2321  2321 D FallbackHome: User unlocked and real home found; let's go!
07-13 23:36:19.626  2180  2192 I ActivityManager: Start proc 2559:com.android.printspooler/u0a40 for service com.android.printspooler/.model.PrintSpoolerService
07-13 23:36:19.628  2559  2559 W art     : Unexpected CPU variant for X86 using defaults: x86
07-13 23:36:19.628  2180  2180 I AccountManagerService: User 0 is unlocked - opening CE database
07-13 23:36:19.630  2303  2303 D CarrierSvcBindHelper: Received android.intent.action.USER_UNLOCKED
07-13 23:36:19.634  2303  2303 E PhoneInterfaceManager: [PhoneIntfMgr] getCarrierPackageNamesForIntent: No UICC
07-13 23:36:19.634  2303  2303 D CarrierSvcBindHelper: No carrier app for: 0
07-13 23:36:19.643  1888  2476 I MediaPlayerService: MediaPlayerService::getOMX
07-13 23:36:19.643  2180  2567 I OMXClient: MuxOMX ctor
07-13 23:36:19.644  1885  1913 I OMXMaster: makeComponentInstance(OMX.ffmpeg.vorbis.decoder) in mediacodec process
07-13 23:36:19.644  1885  1913 V FFmpegOMXPlugin: makeComponentInstance 'OMX.ffmpeg.vorbis.decoder'
07-13 23:36:19.644  1885  1913 D SoftFFmpegAudio: SoftFFmpegAudio component: OMX.ffmpeg.vorbis.decoder mCodingType: 24
07-13 23:36:19.644  2180  2567 D FFMPEGSoftCodec: No PCM format specified, using 16 bit
07-13 23:36:19.645  1885  2481 D SoftFFmpegAudio: set OMX_IndexParamAudioVorbis, nChannels=2, nSampleRate=44100, nBitRate=0, nMinBitRate=0, nMaxBitRate=0
07-13 23:36:19.646  1888  2569 E WVMExtractor: Failed to open libwvm.so: dlopen failed: library "libwvm.so" not found
07-13 23:36:19.648  2180  2241 I ActivityManager: Start proc 2577:com.android.keychain/1000 for service com.android.keychain/.KeyChainService
07-13 23:36:19.649  2577  2577 W art     : Unexpected CPU variant for X86 using defaults: x86
07-13 23:36:19.651  2180  2359 I ActivityManager: START u0 {act=android.intent.action.MAIN cat=[android.intent.category.HOME] flg=0x10000100 cmp=com.android.launcher3/.launcher3.Launcher} from uid 0 on display 0
07-13 23:36:19.671  2180  2359 I ActivityManager: Start proc 2592:com.android.launcher3/1000 for activity com.android.launcher3/.launcher3.Launcher
07-13 23:36:19.671  2592  2592 W art     : Unexpected CPU variant for X86 using defaults: x86
07-13 23:36:19.683  1885  2571 D SoftFFmpegAudio: begin to open ffmpeg audio decoder(vorbis), mCtx sample_rate: 44100, channels: 2
07-13 23:36:19.683  1885  2571 D SoftFFmpegAudio: open ffmpeg audio decoder(vorbis) success, mCtx sample_rate: 44100, channels: 2, sample_fmt: fltp, bits_per_coded_sample: 0, bits_per_raw_sample: 0
07-13 23:36:19.684  1885  2571 I SoftFFmpegAudio: Create sample rate converter for conversion of 44100 Hz fltp 2 channels(stereo) to 44100 Hz s16 2 channels(stereo)!
07-13 23:36:19.689  2544  2544 I art     : Starting a blocking GC AddRemoveAppImageSpace
07-13 23:36:19.689  2544  2544 W System  : ClassLoader referenced unknown path: /system/priv-app/DownloadProvider/lib/x86
07-13 23:36:19.710  2559  2559 I art     : Starting a blocking GC AddRemoveAppImageSpace
07-13 23:36:19.716  2577  2577 I art     : Starting a blocking GC AddRemoveAppImageSpace
07-13 23:36:19.716  2577  2577 W System  : ClassLoader referenced unknown path: /system/app/KeyChain/lib/x86
07-13 23:36:19.718  2592  2592 I art     : Starting a blocking GC AddRemoveAppImageSpace
